******************************************************************************
                  TI ARM Linker PC v18.12.5                    
******************************************************************************
>> Linked Sat Jan  1 00:52:41 2022

OUTPUT FILE NAME:   <MultiFunctionBoard.out>
ENTRY POINT SYMBOL: "_c_int00"  address: 0000ab6d


MEMORY CONFIGURATION

         name            origin    length      used     unused   attr    fill
----------------------  --------  ---------  --------  --------  ----  --------
  FLASH                 00000000   00040000  0000edfb  00031205  R  X
  SRAM                  20000000   00008000  0000510a  00002ef6  RW X


SEGMENT ALLOCATION MAP

run origin  load origin   length   init length attrs members
----------  ----------- ---------- ----------- ----- -------
00000000    00000000    0000ee08   0000ee08    r-x
  00000000    00000000    0000003c   0000003c    r-- .resetVecs
  00000040    00000040    0000c6d2   0000c6d2    r-x .text
  0000c718    0000c718    00002495   00002495    r-- .const
  0000ebb0    0000ebb0    00000258   00000258    r-- .cinit
20000000    20000000    00005110   00000000    rw-
  20000000    20000000    00000360   00000000    rw- .vecs
  20000360    20000360    000044b0   00000000    rw- .bss
  20004810    20004810    000004fa   00000000    rw- .data
  20004d10    20004d10    00000400   00000000    rw- .stack


SECTION ALLOCATION MAP

 output                                  attributes/
section   page    origin      length       input sections
--------  ----  ----------  ----------   ----------------
.resetVecs 
*          0    00000000    0000003c     
                  00000000    0000003c     MultiFunctionBoard_pem4f.oem4f (.resetVecs)

.text      0    00000040    0000c6d2     
                  00000040    00001cec     UARTTiva.obj (.text)
                  00001d2c    000012bc     I2CTiva.obj (.text)
                  00002fe8    00000de0     ESP8266_MAIN.obj (.text)
                  00003dc8    000009c0     rtsv7M4_T_le_v4SPD16_eabi.lib : e_pow.c.obj (.text:pow)
                  00004788    0000081c     MPU_MAIN.obj (.text)
                  00004fa4    0000049c     uartstdio.obj (.text)
                  00005440    00000430     sysbios.aem4f : BIOS.obj (.text:ti_sysbios_family_arm_m3_Hwi_excDumpRegs__I)
                  00005870    0000034c     ti.targets.arm.rtsarm.aem4f : System.oem4f (.text:xdc_runtime_System_doPrint__I)
                  00005bbc    00000004     driverlib.lib : i2c.obj (.text:I2CMasterControl)
                  00005bc0    0000031c     sysbios.aem4f : BIOS.obj (.text:ti_sysbios_knl_Semaphore_pend__E)
                  00005edc    00000004     driverlib.lib : i2c.obj (.text:I2CMasterDataGet)
                  00005ee0    0000026c     sysbios.aem4f : BIOS.obj (.text:ti_sysbios_heaps_HeapMem_free__E)
                  0000614c    00000004     driverlib.lib : i2c.obj (.text:I2CMasterDataPut)
                  00006150    00000250     sysbios.aem4f : BIOS.obj (.text:ti_sysbios_heaps_HeapMem_alloc__E)
                  000063a0    00000234                   : BIOS.obj (.text:ti_sysbios_knl_Task_Instance_finalize__E)
                  000065d4    00000210     UTILITY.obj (.text)
                  000067e4    00000004     driverlib.lib : uart.obj (.text:UARTIntClear)
                  000067e8    00000208     sysbios.aem4f : BIOS.obj (.text:ti_sysbios_knl_Task_sleep__E)
                  000069f0    000001f4                   : BIOS.obj (.text:ti_sysbios_family_arm_m3_Hwi_excHandlerMax__I)
                  00006be4    00000004     rtsv7M4_T_le_v4SPD16_eabi.lib : exit.c.obj (.text:abort:abort)
                  00006be8    000001c0     sysbios.aem4f : BIOS.obj (.text:ti_sysbios_knl_Task_Instance_init__E)
                  00006da8    000001b6     rtsv7M4_T_le_v4SPD16_eabi.lib : fd_add_t2.asm.obj (.text)
                  00006f5e    00000002                                   : _lock.c.obj (.text:_nop)
                  00006f60    00000198     PORT_CORE.obj (.text)
                  000070f8    00000174     sysbios.aem4f : BIOS.obj (.text:ti_sysbios_family_arm_m3_Hwi_excBusFault__I)
                  0000726c    00000168     UART.obj (.text)
                  000073d4    00000004     MultiFunctionBoard_pem4f.oem4f (.text:ti_sysbios_BIOS_RtsGateProxy_enter__E)
                  000073d8    00000168     sysbios.aem4f : BIOS.obj (.text:ti_sysbios_family_arm_lm4_Timer_start__E)
                  00007540    00000166     RingBuf.obj (.text)
                  000076a6    00000002     rtsv7M4_T_le_v4SPD16_eabi.lib : div0.asm.obj (.text)
                  000076a8    00000164     sysbios.aem4f : BIOS.obj (.text:ti_sysbios_family_arm_m3_Hwi_excUsageFault__I)
                  0000780c    00000004     MultiFunctionBoard_pem4f.oem4f (.text:ti_sysbios_BIOS_RtsGateProxy_leave__E)
                  00007810    00000160     sysbios.aem4f : BIOS.obj (.text:ti_sysbios_knl_Mailbox_Instance_init__E)
                  00007970    00000158     rtsv7M4_T_le_v4SPD16_eabi.lib : e_sqrt.c.obj (.text:sqrt)
                  00007ac8    00000148     sysbios.aem4f : BIOS.obj (.text:ti_sysbios_family_arm_m3_Hwi_excMemFault__I)
                  00007c10    00000144                   : BIOS.obj (.text:ti_sysbios_family_arm_m3_Hwi_dispatchC__I)
                  00007d54    00000004                   : BIOS.obj (.text:ti_sysbios_family_arm_lm4_Timer_masterEnable__I)
                  00007d58    00000140                   : BIOS.obj (.text:ti_sysbios_knl_Semaphore_post__E)
                  00007e98    0000013c                   : BIOS.obj (.text:ti_sysbios_heaps_HeapMem_Instance_init__E)
                  00007fd4    00000004     MultiFunctionBoard_pem4f.oem4f (.text:ti_sysbios_family_arm_m3_Hwi_destruct)
                  00007fd8    0000013c     sysbios.aem4f : BIOS.obj (.text:ti_sysbios_knl_Clock_workFunc__E)
                  00008114    00000136     rtsv7M4_T_le_v4SPD16_eabi.lib : fd_div_t2.asm.obj (.text)
                  0000824a    00000130     driverlib.lib : gpio.obj (.text:GPIOPadConfigSet)
                  0000837a    00000006                   : gpio.obj (.text:GPIOPinRead)
                  00008380    0000011c     sysbios.aem4f : BIOS.obj (.text:ti_sysbios_knl_Clock_Instance_init__E)
                  0000849c    00000004     MultiFunctionBoard_pem4f.oem4f (.text:ti_sysbios_family_arm_m3_TaskSupport_Module__startupDone__S)
                  000084a0    0000011c     sysbios.aem4f : BIOS.obj (.text:ti_sysbios_knl_Swi_run__I)
                  000085bc    00000114     ti.targets.arm.rtsarm.aem4f : Error.oem4f (.text:xdc_runtime_Error_policyDefault__E)
                  000086d0    00000110     rtsv7M4_T_le_v4SPD16_eabi.lib : s_scalbn.c.obj (.text:scalbn)
                  000087e0    00000100     DEM_OS.obj (.text)
                  000088e0    00000100     Boot.aem4f : Boot_sysctl.oem4f (.text:ti_catalog_arm_cortexm4_tiva_ce_Boot_sysCtlClockSetI__I)
                  000089e0    00000100     ti.targets.arm.rtsarm.aem4f : Core-mem.oem4f (.text:xdc_runtime_Core_createObject__I)
                  00008ae0    000000fc     rtsv7M4_T_le_v4SPD16_eabi.lib : fd_mul_t2.asm.obj (.text)
                  00008bdc    000000f8     ti.targets.arm.rtsarm.aem4f : Startup.oem4f (.text:xdc_runtime_Startup_startMods__I)
                  00008cd4    000000f8     MultiFunctionBoard_pem4f.oem4f (.text:xdc_runtime_System_printfExtend__I)
                  00008dcc    000000f4     sysbios.aem4f : m3_Hwi_asm.obj (.text:ti_sysbios_family_arm_m3_Hwi_dispatch__I)
                  00008ec0    000000e8     I2C.obj (.text)
                  00008fa8    000000d4     TOUCH_MAIN.obj (.text)
                  0000907c    00000004     MultiFunctionBoard_pem4f.oem4f (.text:ti_sysbios_heaps_HeapMem_Module_GateProxy_enter__E)
                  00009080    000000cc     sysbios.aem4f : BIOS.obj (.text:ti_sysbios_knl_Task_schedule__I)
                  0000914c    000000cc     ti.targets.arm.rtsarm.aem4f : Core-smem.oem4f (.text:xdc_runtime_Core_constructObject__I)
                  00009218    000000bc     sysbios.aem4f : BIOS.obj (.text:ti_sysbios_family_arm_m3_Hwi_excDebugMon__I)
                  000092d4    00000004     MultiFunctionBoard_pem4f.oem4f (.text:ti_sysbios_heaps_HeapMem_Module_GateProxy_leave__E)
                  000092d8    000000bc     sysbios.aem4f : BIOS.obj (.text:ti_sysbios_family_arm_m3_Hwi_excHardFault__I)
                  00009394    00000004     MultiFunctionBoard_pem4f.oem4f (.text:ti_sysbios_knl_Clock_TimerProxy_getMaxTicks__E)
                  00009398    000000bc     sysbios.aem4f : BIOS.obj (.text:ti_sysbios_knl_Task_startCore__E)
                  00009454    00000004     MultiFunctionBoard_pem4f.oem4f (.text:ti_sysbios_knl_Clock_destruct)
                  00009458    000000b4     sysbios.aem4f : BIOS.obj (.text:ti_sysbios_gates_GateMutex_enter__E)
                  0000950c    00000004     MultiFunctionBoard_pem4f.oem4f (.text:ti_sysbios_knl_Queue_destruct)
                  00009510    000000b4     sysbios.aem4f : BIOS.obj (.text:ti_sysbios_knl_Task_checkStacks__E)
                  000095c4    00000004     MultiFunctionBoard_pem4f.oem4f (.text:ti_sysbios_knl_Semaphore_destruct)
                  000095c8    000000ac     sysbios.aem4f : BIOS.obj (.text:ti_sysbios_family_arm_lm4_Timer_enableTiva__I)
                  00009674    00000004     ti.targets.arm.rtsarm.aem4f : Error.oem4f (.text:xdc_runtime_Error_getSite__E)
                  00009678    000000ac     sysbios.aem4f : BIOS.obj (.text:ti_sysbios_knl_Swi_post__E)
                  00009724    00000004     ti.targets.arm.rtsarm.aem4f : LoggerCallback.oem4f (.text:xdc_runtime_LoggerCallback_defaultCreate)
                  00009728    000000a8     sysbios.aem4f : BIOS.obj (.text:ti_sysbios_family_arm_lm4_Timer_enableTimers__I)
                  000097d0    000000a8                   : BIOS.obj (.text:ti_sysbios_knl_Task_blockI__E)
                  00009878    000000a8                   : BIOS.obj (.text:ti_sysbios_knl_Task_postInit__I)
                  00009920    000000a4                   : BIOS.obj (.text:ti_sysbios_knl_Clock_Instance_finalize__E)
                  000099c4    000000a0     auto_init.aem4f : auto_init.oem4f (.text)
                  00009a64    0000009c     rtsv7M4_T_le_v4SPD16_eabi.lib : memcpy_t2.asm.obj (.text)
                  00009b00    0000009c     sysbios.aem4f : BIOS.obj (.text:ti_sysbios_knl_Semaphore_Instance_init__E)
                  00009b9c    0000009a     ti.targets.arm.rtsarm.aem4f : Text.oem4f (.text:xdc_runtime_Text_putSite__E)
                  00009c36    00000002     MultiFunctionBoard_pem4f.oem4f (.text:ti_sysbios_BIOS_nullFunc__I)
                  00009c38    00000098     Boot.aem4f : Boot.oem4f (.text:ti_catalog_arm_cortexm4_tiva_ce_Boot_sysCtlClockSet__E)
                  00009cd0    00000098     sysbios.aem4f : BIOS.obj (.text:ti_sysbios_knl_Mailbox_post__E)
                  00009d68    00000098     ti.targets.arm.rtsarm.aem4f : Text.oem4f (.text:xdc_runtime_Text_putMod__E)
                  00009e00    00000094     sysbios.aem4f : BIOS.obj (.text:ti_sysbios_family_arm_m3_Hwi_Instance_init__E)
                  00009e94    00000004     MultiFunctionBoard_pem4f.oem4f (.text:xdc_runtime_System_Module_GateProxy_enter__E)
                  00009e98    00000094     sysbios.aem4f : BIOS.obj (.text:ti_sysbios_family_arm_m3_Hwi_initNVIC__E)
                  00009f2c    00000004     MultiFunctionBoard_pem4f.oem4f (.text:xdc_runtime_System_Module_GateProxy_leave__E)
                  00009f30    00000094     sysbios.aem4f : BIOS.obj (.text:ti_sysbios_knl_Task_exit__E)
                  00009fc4    00000004     ti.targets.arm.rtsarm.aem4f : System.oem4f (.text:xdc_runtime_System_aprintf_va__F)
                  00009fc8    00000090     sysbios.aem4f : BIOS.obj (.text:ti_sysbios_knl_Task_unblockI__E)
                  0000a058    0000008c                   : m3_TaskSupport_asm.obj (.text:ti_sysbios_family_arm_m3_TaskSupport_buildTaskStack)
                  0000a0e4    00000088     DEM_CORE.obj (.text)
                  0000a16c    00000004     ti.targets.arm.rtsarm.aem4f : System.oem4f (.text:xdc_runtime_System_printf_va__F)
                  0000a170    00000088     sysbios.aem4f : BIOS.obj (.text:ti_sysbios_knl_Mailbox_Module_startup__E)
                  0000a1f8    00000088                   : BIOS.obj (.text:ti_sysbios_knl_Mailbox_pend__E)
                  0000a280    00000086     rtsv7M4_T_le_v4SPD16_eabi.lib : fd_cmp_t2.asm.obj (.text:__aeabi_cdcmple)
                  0000a306    00000086                                   : fd_cmp_t2.asm.obj (.text:__aeabi_cdrcmple)
                  0000a38c    00000004     ti.targets.arm.rtsarm.aem4f : System.oem4f (.text:xdc_runtime_System_snprintf_va__F)
                  0000a390    00000084     sysbios.aem4f : BIOS.obj (.text:ti_sysbios_family_arm_m3_Hwi_postInit__I)
                  0000a414    0000007a     rtsv7M4_T_le_v4SPD16_eabi.lib : memset_t2.asm.obj (.text)
                  0000a48e    00000002     MultiFunctionBoard_pem4f.oem4f (.text:xdc_runtime_Startup_reset__I)
                  0000a490    00000074     sysbios.aem4f : BIOS.obj (.text:ti_sysbios_knl_Clock_start__E)
                  0000a504    00000004     --HOLE-- [fill = 0]
                  0000a508    00000070                   : BIOS.obj (.text:ti_sysbios_knl_Mailbox_Instance_finalize__E)
                  0000a578    0000006e     rtsv7M4_T_le_v4SPD16_eabi.lib : fd_tos_t2.asm.obj (.text)
                  0000a5e6    00000002     --HOLE-- [fill = 0]
                  0000a5e8    0000006d     ti.targets.arm.rtsarm.aem4f : System.oem4f (.text:xdc_runtime_System_formatNum__I)
                  0000a655    00000003     --HOLE-- [fill = 0]
                  0000a658    0000006c     sysbios.aem4f : BIOS.obj (.text:ti_sysbios_knl_Swi_restoreHwi__E)
                  0000a6c4    0000006c     ti.targets.arm.rtsarm.aem4f : Error.oem4f (.text:xdc_runtime_Error_print__E)
                  0000a730    0000006c                                 : Memory.oem4f (.text:xdc_runtime_Memory_alloc__E)
                  0000a79c    00000068     rtsv7M4_T_le_v4SPD16_eabi.lib : copy_decompress_lzss.c.obj (.text:decompress:lzss:__TI_decompress_lzss)
                  0000a804    00000066     ti.targets.arm.rtsarm.aem4f : Core-mem.oem4f (.text:xdc_runtime_Core_deleteObject__I)
                  0000a86a    00000006     driverlib.lib : i2c.obj (.text:I2CMasterIntDisable)
                  0000a870    00000064     sysbios.aem4f : BIOS.obj (.text:ti_sysbios_family_arm_lm4_Timer_Module_startup__E)
                  0000a8d4    00000064     MultiFunctionBoard_pem4f.oem4f (.text:ti_sysbios_knl_Mailbox_create)
                  0000a938    00000060     sysbios.aem4f : BIOS.obj (.text:ti_sysbios_family_arm_lm4_Timer_isrStub__E)
                  0000a998    00000060                   : BIOS.obj (.text:ti_sysbios_knl_Clock_logTick__E)
                  0000a9f8    0000005c                   : BIOS.obj (.text:ti_sysbios_knl_Swi_schedule__I)
                  0000aa54    00000004     --HOLE-- [fill = 0]
                  0000aa58    0000005c                   : BIOS.obj (.text:ti_sysbios_knl_Task_Module_startup__E)
                  0000aab4    0000005c     MultiFunctionBoard_pem4f.oem4f (.text:ti_sysbios_knl_Task_create)
                  0000ab10    0000005b     ti.targets.arm.rtsarm.aem4f : Text.oem4f (.text:xdc_runtime_Text_putLab__E)
                  0000ab6b    00000001     --HOLE-- [fill = 0]
                  0000ab6c    00000058     boot.aem4f : boot.oem4f (.text)
                  0000abc4    00000058     rtsv7M4_T_le_v4SPD16_eabi.lib : hostwrite.c.obj (.text:HOSTwrite)
                  0000ac1c    00000058     MultiFunctionBoard_pem4f.oem4f (.text:ti_sysbios_family_arm_m3_Hwi_construct)
                  0000ac74    00000058     sysbios.aem4f : m3_Hwi_asm_switch.obj (.text:ti_sysbios_family_arm_m3_Hwi_initStacks__E)
                  0000accc    00000054     ti.targets.arm.rtsarm.aem4f : Assert.oem4f (.text:xdc_runtime_Assert_raise__I)
                  0000ad20    00000050     sysbios.aem4f : BIOS.obj (.text:ti_sysbios_family_arm_m3_Hwi_Module_startup__E)
                  0000ad70    00000050     ti.targets.arm.rtsarm.aem4f : Startup.oem4f (.text:xdc_runtime_Startup_exec__E)
                  0000adc0    00000050                                 : Text.oem4f (.text:xdc_runtime_Text_visitRope2__I)
                  0000ae10    0000004c     rtsv7M4_T_le_v4SPD16_eabi.lib : atoi.c.obj (.text:atoi)
                  0000ae5c    0000004c                                   : cpy_tbl.c.obj (.text:copy_in)
                  0000aea8    0000004c     sysbios.aem4f : BIOS.obj (.text:ti_sysbios_heaps_HeapMem_getStats__E)
                  0000aef4    00000004     --HOLE-- [fill = 0]
                  0000aef8    0000004c                   : BIOS.obj (.text:ti_sysbios_knl_Swi_runLoop__I)
                  0000af44    00000004     --HOLE-- [fill = 0]
                  0000af48    0000004c                   : BIOS.obj (.text:ti_sysbios_knl_Task_allBlockedFunction__I)
                  0000af94    00000048     driverlib.lib : gpio.obj (.text:GPIOPinConfigure)
                  0000afdc    00000048                   : i2c.obj (.text:I2CMasterInitExpClk)
                  0000b024    00000004     --HOLE-- [fill = 0]
                  0000b028    00000048     sysbios.aem4f : BIOS.obj (.text:ti_sysbios_family_arm_m3_Hwi_disableInterrupt__E)
                  0000b070    00000048                   : BIOS.obj (.text:ti_sysbios_family_arm_m3_Hwi_enableInterrupt__E)
                  0000b0b8    00000048                   : BIOS.obj (.text:ti_sysbios_family_arm_m3_Hwi_excReserved__I)
                  0000b100    00000046     ti.targets.arm.rtsarm.aem4f : Core-params.oem4f (.text:xdc_runtime_Core_assignParams__I)
                  0000b146    00000002     --HOLE-- [fill = 0]
                  0000b148    00000044     sysbios.aem4f : BIOS.obj (.text:ti_sysbios_family_arm_lm4_Timer_stop__E)
                  0000b18c    00000004     --HOLE-- [fill = 0]
                  0000b190    00000044                   : BIOS.obj (.text:ti_sysbios_family_arm_m3_Hwi_getStackInfo__E)
                  0000b1d4    00000004     --HOLE-- [fill = 0]
                  0000b1d8    00000044                   : BIOS.obj (.text:ti_sysbios_knl_Mailbox_postInit__I)
                  0000b21c    00000044     ti.targets.arm.rtsarm.aem4f : Error.oem4f (.text:xdc_runtime_Error_setX__E)
                  0000b260    00000044                                 : SysMin.oem4f (.text:xdc_runtime_SysMin_flush__E)
                  0000b2a4    00000044                                 : Text.oem4f (.text:xdc_runtime_Text_xprintf__I)
                  0000b2e8    00000042     driverlib.lib : uart.obj (.text:UARTConfigSetExpClk)
                  0000b32a    00000040     rtsv7M4_T_le_v4SPD16_eabi.lib : u_divt2.asm.obj (.text)
                  0000b36a    00000006     driverlib.lib : i2c.obj (.text:I2CMasterIntEnable)
                  0000b370    00000040     sysbios.aem4f : BIOS.obj (.text:ti_sysbios_family_arm_lm4_Timer_startup__E)
                  0000b3b0    00000040     ti.targets.arm.rtsarm.aem4f : LoggerCallback.oem4f (.text:xdc_runtime_LoggerCallback_Module_startup__E)
                  0000b3f0    0000003c     sysbios.aem4f : BIOS.obj (.text:ti_sysbios_family_arm_m3_Hwi_excSvCall__I)
                  0000b42c    00000004     --HOLE-- [fill = 0]
                  0000b430    0000003c                   : BIOS.obj (.text:ti_sysbios_heaps_HeapMem_init__I)
                  0000b46c    00000004     --HOLE-- [fill = 0]
                  0000b470    0000003c                   : BIOS.obj (.text:ti_sysbios_knl_Swi_restore__E)
                  0000b4ac    00000038     driverlib.lib : sysctl.obj (.text:SysCtlPeripheralPresent)
                  0000b4e4    00000038     rtsv7M4_T_le_v4SPD16_eabi.lib : trgmsg.c.obj (.text:__TI_writemsg)
                  0000b51c    00000038                                   : fs_tod_t2.asm.obj (.text)
                  0000b554    00000004     --HOLE-- [fill = 0]
                  0000b558    00000038     sysbios.aem4f : BIOS.obj (.text:ti_sysbios_family_arm_m3_Hwi_excNoIsr__I)
                  0000b590    00000038                   : BIOS.obj (.text:ti_sysbios_knl_Task_processVitalTaskFlag__I)
                  0000b5c8    00000038     ti.targets.arm.rtsarm.aem4f : SysMin.oem4f (.text:xdc_runtime_SysMin_putch__E)
                  0000b600    00000038                                 : System.oem4f (.text:xdc_runtime_System_atexit__E)
                  0000b638    00000036     rtsv7M4_T_le_v4SPD16_eabi.lib : strncpy.c.obj (.text:strncpy)
                  0000b66e    00000002     --HOLE-- [fill = 0]
                  0000b670    00000034     driverlib.lib : sysctl.obj (.text:SysCtlPeripheralEnable)
                  0000b6a4    00000034     rtsv7M4_T_le_v4SPD16_eabi.lib : trgmsg.c.obj (.text:__TI_readmsg)
                  0000b6d8    00000034                                   : strstr.c.obj (.text:strstr)
                  0000b70c    00000004     --HOLE-- [fill = 0]
                  0000b710    00000034     sysbios.aem4f : BIOS.obj (.text:ti_sysbios_family_arm_m3_Hwi_Instance_finalize__E)
                  0000b744    00000004     --HOLE-- [fill = 0]
                  0000b748    00000034                   : BIOS.obj (.text:ti_sysbios_family_arm_m3_Hwi_excNmi__I)
                  0000b77c    00000004     --HOLE-- [fill = 0]
                  0000b780    00000034                   : BIOS.obj (.text:ti_sysbios_hal_Hwi_checkStack)
                  0000b7b4    00000034     MultiFunctionBoard_pem4f.oem4f (.text:ti_sysbios_knl_Clock_construct)
                  0000b7e8    00000034     ti.targets.arm.rtsarm.aem4f : Core-label.oem4f (.text:xdc_runtime_Core_assignLabel__I)
                  0000b81c    00000033                                 : Text.oem4f (.text:xdc_runtime_Text_printVisFxn__I)
                  0000b84f    00000001     --HOLE-- [fill = 0]
                  0000b850    00000032     sysbios.aem4f : BIOS.obj (.text:ti_sysbios_hal_Hwi_initStack)
                  0000b882    00000006     driverlib.lib : uart.obj (.text:UARTFIFOLevelSet)
                  0000b888    00000032     sysbios.aem4f : BIOS.obj (.text:ti_sysbios_knl_Semaphore_pendTimeout__I)
                  0000b8ba    00000002     --HOLE-- [fill = 0]
                  0000b8bc    00000030     MultiFunctionBoard_pem4f.oem4f (.text:ti_sysbios_BIOS_atExitFunc__I)
                  0000b8ec    00000004     --HOLE-- [fill = 0]
                  0000b8f0    00000030     sysbios.aem4f : BIOS.obj (.text:ti_sysbios_family_arm_m3_TaskSupport_start__E)
                  0000b920    00000030     MultiFunctionBoard_pem4f.oem4f (.text:ti_sysbios_gates_GateHwi_Object__create__S)
                  0000b950    00000030     MultiFunctionBoard_pem4f.oem4f (.text:ti_sysbios_gates_GateMutex_Object__create__S)
                  0000b980    00000030     MultiFunctionBoard_pem4f.oem4f (.text:ti_sysbios_heaps_HeapMem_Object__create__S)
                  0000b9b0    00000030     MultiFunctionBoard_pem4f.oem4f (.text:ti_sysbios_knl_Semaphore_construct)
                  0000b9e0    00000030     ti.targets.arm.rtsarm.aem4f : SysMin.oem4f (.text:xdc_runtime_SysMin_abort__E)
                  0000ba10    00000030                                 : System.oem4f (.text:xdc_runtime_System_processAtExit__E)
                  0000ba40    0000002e     rtsv7M4_T_le_v4SPD16_eabi.lib : i_tofd_t2.asm.obj (.text)
                  0000ba6e    0000002c     IOHWAB_DIGITAL.obj (.text)
                  0000ba9a    00000002     --HOLE-- [fill = 0]
                  0000ba9c    0000002c     MultiFunctionBoard_pem4f.oem4f (.text:ti_sysbios_knl_Clock_doTick__I)
                  0000bac8    0000002c     MultiFunctionBoard_pem4f.oem4f (.text:ti_sysbios_knl_Queue_construct)
                  0000baf4    00000004     --HOLE-- [fill = 0]
                  0000baf8    0000002c     sysbios.aem4f : BIOS.obj (.text:ti_sysbios_knl_Task_restore__E)
                  0000bb24    0000002c     ti.targets.arm.rtsarm.aem4f : Text.oem4f (.text:xdc_runtime_Text_cordText__E)
                  0000bb50    0000002a     driverlib.lib : gpio.obj (.text:GPIODirModeSet)
                  0000bb7a    0000002a     ti.targets.arm.rtsarm.aem4f : System.oem4f (.text:xdc_runtime_System_putchar__I)
                  0000bba4    00000004     --HOLE-- [fill = 0]
                  0000bba8    00000028     sysbios.aem4f : BIOS.obj (.text:ti_sysbios_knl_Swi_Module_startup__E)
                  0000bbd0    00000028     ti.targets.arm.rtsarm.aem4f : LoggerBuf.oem4f (.text:xdc_runtime_LoggerBuf_Module_startup__E)
                  0000bbf8    00000026     sysbios.aem4f : m3_Hwi_asm.obj (.text:ti_sysbios_family_arm_m3_Hwi_pendSV__I)
                  0000bc1e    00000026     ti.targets.arm.rtsarm.aem4f : System.oem4f (.text:xdc_runtime_System_avprintf__E)
                  0000bc44    00000024     MultiFunctionBoard_pem4f.oem4f (.text:ti_sysbios_BIOS_errorRaiseHook__I)
                  0000bc68    00000024     MultiFunctionBoard_pem4f.oem4f (.text:ti_sysbios_BIOS_registerRTSLock__I)
                  0000bc8c    00000024     MultiFunctionBoard_pem4f.oem4f (.text:ti_sysbios_BIOS_removeRTSLock__I)
                  0000bcb0    00000024     MultiFunctionBoard_pem4f.oem4f (.text:ti_sysbios_BIOS_startFunc__I)
                  0000bcd4    00000024     MultiFunctionBoard_pem4f.oem4f (.text:ti_sysbios_gates_GateMutex_Object__delete__S)
                  0000bcf8    00000024     sysbios.aem4f : BIOS.obj (.text:ti_sysbios_knl_Clock_Module_startup__E)
                  0000bd1c    00000004     --HOLE-- [fill = 0]
                  0000bd20    00000024                   : BIOS.obj (.text:ti_sysbios_knl_Task_restoreHwi__E)
                  0000bd44    00000024     ti.targets.arm.rtsarm.aem4f : System.oem4f (.text:xdc_runtime_System_vprintf__E)
                  0000bd68    00000022     sysbios.aem4f : BIOS.obj (.text:ti_sysbios_family_arm_lm4_Timer_write__I)
                  0000bd8a    00000022     MultiFunctionBoard_pem4f.oem4f (.text:xdc_runtime_SysMin_output__I)
                  0000bdac    00000020     MultiFunctionBoard_pem4f.oem4f (.text:ti_sysbios_BIOS_rtsLock__I)
                  0000bdcc    00000020     sysbios.aem4f : m3_Hwi_asm.obj (.text:ti_sysbios_family_arm_m3_Hwi_excHandlerAsm__I)
                  0000bdec    00000004     --HOLE-- [fill = 0]
                  0000bdf0    00000020                   : BIOS.obj (.text:ti_sysbios_family_arm_m3_Hwi_excHandler__I)
                  0000be10    00000020     MultiFunctionBoard_pem4f.oem4f (.text:ti_sysbios_gates_GateHwi_Object__delete__S)
                  0000be30    00000020     MultiFunctionBoard_pem4f.oem4f (.text:ti_sysbios_heaps_HeapMem_Object__delete__S)
                  0000be50    00000020     MultiFunctionBoard_pem4f.oem4f (.text:ti_sysbios_knl_Clock_Object__destruct__S)
                  0000be70    00000020     sysbios.aem4f : BIOS.obj (.text:ti_sysbios_knl_Idle_run__E)
                  0000be90    00000020     MultiFunctionBoard_pem4f.oem4f (.text:ti_sysbios_knl_Semaphore_Object__destruct__S)
                  0000beb0    00000020     ti.targets.arm.rtsarm.aem4f : LoggerBuf.oem4f (.text:xdc_runtime_LoggerBuf_reset__E)
                  0000bed0    00000020                                 : Registry.oem4f (.text:xdc_runtime_Registry_findById__E)
                  0000bef0    00000020                                 : SysMin.oem4f (.text:xdc_runtime_SysMin_Module_startup__E)
                  0000bf10    0000001e     main.obj (.text)
                  0000bf2e    0000001e     sysbios.aem4f : m3_Hwi_asm_switch.obj (.text:ti_sysbios_family_xxx_Hwi_switchAndRunFunc)
                  0000bf4c    0000001c     driverlib.lib : uart.obj (.text:UARTDisable)
                  0000bf68    0000001c     MultiFunctionBoard_pem4f.oem4f (.text:ti_sysbios_family_arm_m3_Hwi_Object__destruct__S)
                  0000bf84    00000004     --HOLE-- [fill = 0]
                  0000bf88    0000001c     sysbios.aem4f : BIOS.obj (.text:ti_sysbios_gates_GateMutex_Instance_init__E)
                  0000bfa4    0000001c     MultiFunctionBoard_pem4f.oem4f (.text:ti_sysbios_knl_Queue_Object__destruct__S)
                  0000bfc0    0000001c     sysbios.aem4f : BIOS.obj (.text:ti_sysbios_knl_Task_enter__I)
                  0000bfdc    0000001c     ti.targets.arm.rtsarm.aem4f : Error.oem4f (.text:xdc_runtime_Error_check__E)
                  0000bff8    0000001c                                 : Error.oem4f (.text:xdc_runtime_Error_raiseX__E)
                  0000c014    0000001c                                 : Memory.oem4f (.text:xdc_runtime_Memory_valloc__E)
                  0000c030    0000001c                                 : SysMin.oem4f (.text:xdc_runtime_SysMin_exit__E)
                  0000c04c    0000001c                                 : System.oem4f (.text:xdc_runtime_System_abort__E)
                  0000c068    0000001a     rtsv7M4_T_le_v4SPD16_eabi.lib : s_copysign.c.obj (.text:copysign)
                  0000c082    0000001a     MultiFunctionBoard_pem4f.oem4f (.text:ti_sysbios_family_arm_m3_Hwi_Handle__label__S)
                  0000c09c    0000001a     MultiFunctionBoard_pem4f.oem4f (.text:ti_sysbios_gates_GateHwi_Handle__label__S)
                  0000c0b6    0000001a     MultiFunctionBoard_pem4f.oem4f (.text:ti_sysbios_gates_GateMutex_Handle__label__S)
                  0000c0d0    0000001a     MultiFunctionBoard_pem4f.oem4f (.text:ti_sysbios_heaps_HeapMem_Handle__label__S)
                  0000c0ea    0000001a     MultiFunctionBoard_pem4f.oem4f (.text:ti_sysbios_knl_Swi_Handle__label__S)
                  0000c104    0000001a     MultiFunctionBoard_pem4f.oem4f (.text:ti_sysbios_knl_Task_Handle__label__S)
                  0000c11e    00000002     --HOLE-- [fill = 0]
                  0000c120    0000001a     sysbios.aem4f : BIOS.obj (.text:ti_sysbios_knl_Task_sleepTimeout__I)
                  0000c13a    0000001a     MultiFunctionBoard_pem4f.oem4f (.text:xdc_runtime_System_aprintf__E)
                  0000c154    0000001a     MultiFunctionBoard_pem4f.oem4f (.text:xdc_runtime_System_printf__E)
                  0000c16e    0000001a     MultiFunctionBoard_pem4f.oem4f (.text:xdc_runtime_System_snprintf__E)
                  0000c188    00000018     rtsv7M4_T_le_v4SPD16_eabi.lib : args_main.c.obj (.text:_args_main)
                  0000c1a0    00000018     MultiFunctionBoard_pem4f.oem4f (.text:ti_sysbios_BIOS_rtsUnlock__I)
                  0000c1b8    00000018     MultiFunctionBoard_pem4f.oem4f (.text:ti_sysbios_family_arm_lm4_Timer_Module__startupDone__F)
                  0000c1d0    00000018     MultiFunctionBoard_pem4f.oem4f (.text:ti_sysbios_family_arm_m3_Hwi_Module__startupDone__F)
                  0000c1e8    00000018     sysbios.aem4f : m3_TaskSupport_asm.obj (.text:ti_sysbios_family_arm_m3_TaskSupport_swap__E)
                  0000c200    00000018                   : BIOS.obj (.text:ti_sysbios_gates_GateMutex_leave__E)
                  0000c218    00000018     ti.targets.arm.rtsarm.aem4f : System.oem4f (.text:xdc_runtime_System_exit__E)
                  0000c230    00000018                                 : Text.oem4f (.text:xdc_runtime_Text_ropeText__E)
                  0000c248    00000016     driverlib.lib : i2c.obj (.text:I2CMasterErr)
                  0000c25e    00000016     rtsv7M4_T_le_v4SPD16_eabi.lib : strchr.c.obj (.text:strchr)
                  0000c274    00000016     MultiFunctionBoard_pem4f.oem4f (.text:ti_sysbios_BIOS_exitFunc__I)
                  0000c28a    00000014     driverlib.lib : uart.obj (.text:UARTEnable)
                  0000c29e    00000014     rtsv7M4_T_le_v4SPD16_eabi.lib : strlen.c.obj (.text:strlen)
                  0000c2b2    00000002     --HOLE-- [fill = 0]
                  0000c2b4    00000014     MultiFunctionBoard_pem4f.oem4f (.text:ti_sysbios_family_arm_m3_Hwi_Object__get__S)
                  0000c2c8    00000014     sysbios.aem4f : BIOS.obj (.text:ti_sysbios_family_arm_m3_Hwi_switchFromBootStack__E)
                  0000c2dc    00000014     MultiFunctionBoard_pem4f.oem4f (.text:ti_sysbios_heaps_HeapMem_Object__get__S)
                  0000c2f0    00000014     MultiFunctionBoard_pem4f.oem4f (.text:ti_sysbios_knl_Swi_Object__get__S)
                  0000c304    00000012     driverlib.lib : gpio.obj (.text:GPIOPinTypeGPIOInput)
                  0000c316    00000012                   : gpio.obj (.text:GPIOPinTypeI2C)
                  0000c328    00000012                   : gpio.obj (.text:GPIOPinTypeI2CSCL)
                  0000c33a    00000012                   : gpio.obj (.text:GPIOPinTypeUART)
                  0000c34c    00000004     --HOLE-- [fill = 0]
                  0000c350    00000012     sysbios.aem4f : BIOS.obj (.text:ti_sysbios_hal_Hwi_Module_startup__E)
                  0000c362    00000006     driverlib.lib : uart.obj (.text:UARTRxErrorClear)
                  0000c368    00000012     sysbios.aem4f : BIOS.obj (.text:ti_sysbios_hal_Timer_Module_startup__E)
                  0000c37a    00000012     MultiFunctionBoard_pem4f.oem4f (.text:xdc_runtime_Startup_exec__I)
                  0000c38c    00000004     --HOLE-- [fill = 0]
                  0000c390    00000010     sysbios.aem4f : BIOS.obj (.text:ti_sysbios_BIOS_getCpuFreq__E)
                  0000c3a0    00000010                   : BIOS.obj (.text:ti_sysbios_BIOS_setThreadType__E)
                  0000c3b0    00000010                   : BIOS.obj (.text:ti_sysbios_BIOS_start__E)
                  0000c3c0    00000010                   : BIOS.obj (.text:ti_sysbios_family_arm_lm4_TimestampProvider_rolloverFunc__E)
                  0000c3d0    00000010                   : m3_TaskSupport_asm.obj (.text:ti_sysbios_family_arm_m3_TaskSupport_glue)
                  0000c3e0    00000010                   : BIOS.obj (.text:ti_sysbios_gates_GateMutex_Instance_finalize__E)
                  0000c3f0    00000010     MultiFunctionBoard_pem4f.oem4f (.text:ti_sysbios_knl_Mailbox_Object__get__S)
                  0000c400    00000010     sysbios.aem4f : BIOS.obj (.text:ti_sysbios_knl_Semaphore_Instance_finalize__E)
                  0000c410    00000010                   : BIOS.obj (.text:ti_sysbios_knl_Swi_disable__E)
                  0000c420    00000010     MultiFunctionBoard_pem4f.oem4f (.text:ti_sysbios_knl_Task_Object__get__S)
                  0000c430    00000010     sysbios.aem4f : BIOS.obj (.text:ti_sysbios_knl_Task_disable__E)
                  0000c440    00000010     ti.targets.arm.rtsarm.aem4f : Gate.oem4f (.text:xdc_runtime_Gate_leaveSystem__E)
                  0000c450    00000010     MultiFunctionBoard_pem4f.oem4f (.text:xdc_runtime_LoggerBuf_Object__get__S)
                  0000c460    00000010     ti.targets.arm.rtsarm.aem4f : Memory.oem4f (.text:xdc_runtime_Memory_free__E)
                  0000c470    00000010                                 : SysMin.oem4f (.text:xdc_runtime_SysMin_ready__E)
                  0000c480    00000010                                 : System.oem4f (.text:xdc_runtime_System_vsnprintf__E)
                  0000c490    00000010     MultiFunctionBoard_pem4f.oem4f (.text:xdc_runtime_Text_visitRope__I)
                  0000c4a0    0000000e     driverlib.lib : uart.obj (.text:UARTCharGetNonBlocking)
                  0000c4ae    0000000e                   : uart.obj (.text:UARTCharPutNonBlocking)
                  0000c4bc    0000000e     rtsv7M4_T_le_v4SPD16_eabi.lib : copy_decompress_none.c.obj (.text:decompress:none:__TI_decompress_none)
                  0000c4ca    00000006     Boot.aem4f : Boot_sysctl.oem4f (.text:ti_catalog_arm_cortexm4_tiva_ce_Boot_sysCtlDelayI__I)
                  0000c4d0    0000000e     sysbios.aem4f : BIOS.obj (.text:ti_sysbios_knl_Idle_loop__E)
                  0000c4de    00000002     --HOLE-- [fill = 0]
                  0000c4e0    0000000e                   : BIOS.obj (.text:ti_sysbios_knl_Queue_empty__E)
                  0000c4ee    00000002     --HOLE-- [fill = 0]
                  0000c4f0    0000000c     MultiFunctionBoard_pem4f.oem4f (.text:.bootCodeSection:ti_catalog_arm_cortexm4_tiva_ce_Boot_init__I)
                  0000c4fc    0000000c     OS.obj (.text)
                  0000c508    0000000c     driverlib.lib : uart.obj (.text:UARTFlowControlSet)
                  0000c514    0000000c     rtsv7M4_T_le_v4SPD16_eabi.lib : _lock.c.obj (.text:_register_lock)
                  0000c520    0000000c                                   : _lock.c.obj (.text:_register_unlock)
                  0000c52c    0000000c                                   : copy_zero_init.c.obj (.text:decompress:ZI:__TI_zero_init)
                  0000c538    0000000c     sysbios.aem4f : BIOS.obj (.text:ti_sysbios_family_arm_lm4_Timer_getMaxTicks__E)
                  0000c544    00000004     --HOLE-- [fill = 0]
                  0000c548    0000000c                   : BIOS.obj (.text:ti_sysbios_family_arm_lm4_TimestampProvider_startTimer__E)
                  0000c554    0000000c     MultiFunctionBoard_pem4f.oem4f (.text:ti_sysbios_family_arm_m3_Hwi_Params__init__S)
                  0000c560    0000000c     sysbios.aem4f : BIOS.obj (.text:ti_sysbios_family_arm_m3_Hwi_disableFxn__E)
                  0000c56c    00000004     --HOLE-- [fill = 0]
                  0000c570    0000000c                   : BIOS.obj (.text:ti_sysbios_family_arm_m3_TaskSupport_checkStack__E)
                  0000c57c    00000004     --HOLE-- [fill = 0]
                  0000c580    0000000c                   : BIOS.obj (.text:ti_sysbios_family_arm_m3_TaskSupport_getStackAlignment__E)
                  0000c58c    00000004     --HOLE-- [fill = 0]
                  0000c590    0000000c                   : BIOS.obj (.text:ti_sysbios_gates_GateHwi_enter__E)
                  0000c59c    0000000c     MultiFunctionBoard_pem4f.oem4f (.text:ti_sysbios_knl_Clock_Params__init__S)
                  0000c5a8    0000000c     MultiFunctionBoard_pem4f.oem4f (.text:ti_sysbios_knl_Mailbox_Params__init__S)
                  0000c5b4    0000000c     MultiFunctionBoard_pem4f.oem4f (.text:ti_sysbios_knl_Queue_Object__get__S)
                  0000c5c0    0000000c     MultiFunctionBoard_pem4f.oem4f (.text:ti_sysbios_knl_Semaphore_Params__init__S)
                  0000c5cc    0000000c     MultiFunctionBoard_pem4f.oem4f (.text:ti_sysbios_knl_Task_Params__init__S)
                  0000c5d8    0000000c     ti.targets.arm.rtsarm.aem4f : Error.oem4f (.text:xdc_runtime_Error_init__E)
                  0000c5e4    0000000c                                 : Gate.oem4f (.text:xdc_runtime_Gate_enterSystem__E)
                  0000c5f0    0000000c     MultiFunctionBoard_pem4f.oem4f (.text:xdc_runtime_LoggerCallback_Object__get__S)
                  0000c5fc    0000000c     ti.targets.arm.rtsarm.aem4f : Memory.oem4f (.text:xdc_runtime_Memory_calloc__E)
                  0000c608    0000000c                                 : Memory.oem4f (.text:xdc_runtime_Memory_getMaxDefaultTypeAlign__E)
                  0000c614    0000000c                                 : Startup.oem4f (.text:xdc_runtime_Startup_rtsDone__E)
                  0000c620    0000000a     driverlib.lib : i2c.obj (.text:I2CMasterDisable)
                  0000c62a    0000000a                   : i2c.obj (.text:I2CMasterEnable)
                  0000c634    0000000a                   : uart.obj (.text:UARTCharGet)
                  0000c63e    0000000a                   : uart.obj (.text:UARTCharPut)
                  0000c648    0000000a                   : uart.obj (.text:UARTIntDisable)
                  0000c652    0000000a                   : uart.obj (.text:UARTIntStatus)
                  0000c65c    0000000a     MultiFunctionBoard_pem4f.oem4f (.text:xdc_runtime_IHeap_alloc)
                  0000c666    0000000a     MultiFunctionBoard_pem4f.oem4f (.text:xdc_runtime_IHeap_free)
                  0000c670    00000008     driverlib.lib : i2c.obj (.text:I2CMasterIntClear)
                  0000c678    00000008                   : i2c.obj (.text:I2CMasterSlaveAddrSet)
                  0000c680    00000008                   : uart.obj (.text:UARTIntEnable)
                  0000c688    00000008                   : uart.obj (.text:UARTRxErrorGet)
                  0000c690    00000008     rtsv7M4_T_le_v4SPD16_eabi.lib : errno.c.obj (.text:__aeabi_errno_addr)
                  0000c698    00000008     sysbios.aem4f : BIOS.obj (.text:ti_sysbios_family_arm_lm4_Timer_masterDisable__I)
                  0000c6a0    00000008                   : BIOS.obj (.text:ti_sysbios_family_arm_m3_Hwi_doSwiRestore__I)
                  0000c6a8    00000008                   : BIOS.obj (.text:ti_sysbios_family_arm_m3_Hwi_startup__E)
                  0000c6b0    00000006                   : BIOS.obj (.text:ti_sysbios_family_arm_lm4_TimestampProvider_Module_startup__E)
                  0000c6b6    00000002     --HOLE-- [fill = 0]
                  0000c6b8    00000006                   : BIOS.obj (.text:ti_sysbios_family_arm_m3_Hwi_doTaskRestore__I)
                  0000c6be    00000002     --HOLE-- [fill = 0]
                  0000c6c0    00000006                   : BIOS.obj (.text:ti_sysbios_family_arm_m3_Hwi_restoreFxn__E)
                  0000c6c6    00000002     --HOLE-- [fill = 0]
                  0000c6c8    00000006                   : BIOS.obj (.text:ti_sysbios_gates_GateHwi_leave__E)
                  0000c6ce    00000002     --HOLE-- [fill = 0]
                  0000c6d0    00000006                   : BIOS.obj (.text:ti_sysbios_heaps_HeapMem_isBlocking__E)
                  0000c6d6    00000002     --HOLE-- [fill = 0]
                  0000c6d8    00000006                   : BIOS.obj (.text:ti_sysbios_knl_Clock_stop__E)
                  0000c6de    00000002     --HOLE-- [fill = 0]
                  0000c6e0    00000006                   : BIOS.obj (.text:ti_sysbios_knl_Queue_Instance_init__E)
                  0000c6e6    00000002     --HOLE-- [fill = 0]
                  0000c6e8    00000006                   : BIOS.obj (.text:ti_sysbios_knl_Swi_startup__E)
                  0000c6ee    00000006     ti.targets.arm.rtsarm.aem4f : System.oem4f (.text:xdc_runtime_System_Module_startup__E)
                  0000c6f4    00000004     --HOLE-- [fill = 0]
                  0000c6f8    00000004     sysbios.aem4f : BIOS.obj (.text:ti_sysbios_gates_GateHwi_query__E)
                  0000c6fc    00000004     --HOLE-- [fill = 0]
                  0000c700    00000004                   : BIOS.obj (.text:ti_sysbios_gates_GateMutex_query__E)
                  0000c704    00000004     --HOLE-- [fill = 0]
                  0000c708    00000004                   : BIOS.obj (.text:ti_sysbios_knl_Task_startup__E)
                  0000c70c    00000004     --HOLE-- [fill = 0]
                  0000c710    00000002                   : BIOS.obj (.text:ti_sysbios_gates_GateHwi_Instance_init__E)

.const     0    0000c718    00002495     
                  0000c718    0000192b     MultiFunctionBoard_pem4f.oem4f (.const:xdc_runtime_Text_charTab__A)
                  0000e043    00000101     rtsv7M4_T_le_v4SPD16_eabi.lib : ctype.c.obj (.const:.string:_ctypes_)
                  0000e144    000000d8     MultiFunctionBoard_pem4f.oem4f (.const:xdc_runtime_Text_nodeTab__A)
                  0000e21c    00000090     driverlib.lib : gpio.obj (.const:g_pui32GPIOBaseAddrs)
                  0000e2ac    00000070     MPU_MAIN.obj (.const:objstrAccelConfig)
                  0000e31c    00000070     MPU_MAIN.obj (.const:objstrGyroConfig)
                  0000e38c    00000048     MultiFunctionBoard_pem4f.oem4f (.const:.string)
                  0000e3d4    0000003c     MultiFunctionBoard_pem4f.oem4f (.const:ti_sysbios_knl_Task_Object__PARAMS__C)
                  0000e410    00000034     MultiFunctionBoard_pem4f.oem4f (.const:ti_sysbios_knl_Mailbox_Object__PARAMS__C)
                  0000e444    00000034     MultiFunctionBoard_pem4f.oem4f (.const:xdc_runtime_Startup_sfxnTab__A)
                  0000e478    00000030     rtsv7M4_T_le_v4SPD16_eabi.lib : e_pow.c.obj (.const:$O1$$)
                  0000e4a8    00000030     MultiFunctionBoard_pem4f.oem4f (.const:ti_sysbios_family_arm_m3_Hwi_Object__PARAMS__C)
                  0000e4d8    00000028     UARTTiva.obj (.const:UARTTiva_fxnTable)
                  0000e500    00000028     MultiFunctionBoard_pem4f.oem4f (.const:ti_sysbios_heaps_HeapMem_Module__FXNS__C)
                  0000e528    00000024     UART.obj (.const:UART_defaultParams)
                  0000e54c    00000024     MultiFunctionBoard_pem4f.oem4f (.const:ti_sysbios_gates_GateHwi_Module__FXNS__C)
                  0000e570    00000024     MultiFunctionBoard_pem4f.oem4f (.const:ti_sysbios_gates_GateMutex_Module__FXNS__C)
                  0000e594    00000024     MultiFunctionBoard_pem4f.oem4f (.const:ti_sysbios_heaps_HeapMem_Object__PARAMS__C)
                  0000e5b8    00000024     MultiFunctionBoard_pem4f.oem4f (.const:ti_sysbios_knl_Clock_Object__PARAMS__C)
                  0000e5dc    00000024     MultiFunctionBoard_pem4f.oem4f (.const:ti_sysbios_knl_Semaphore_Object__PARAMS__C)
                  0000e600    00000020     UARTTiva.obj (.const:staticFxnTable)
                  0000e620    00000020     MultiFunctionBoard_pem4f.oem4f (.const:ti_sysbios_family_arm_m3_Hwi_Object__DESC__C)
                  0000e640    00000020     MultiFunctionBoard_pem4f.oem4f (.const:ti_sysbios_gates_GateHwi_Object__DESC__C)
                  0000e660    00000020     MultiFunctionBoard_pem4f.oem4f (.const:ti_sysbios_gates_GateMutex_Object__DESC__C)
                  0000e680    00000020     MultiFunctionBoard_pem4f.oem4f (.const:ti_sysbios_heaps_HeapMem_Object__DESC__C)
                  0000e6a0    00000020     MultiFunctionBoard_pem4f.oem4f (.const:ti_sysbios_knl_Clock_Object__DESC__C)
                  0000e6c0    00000020     MultiFunctionBoard_pem4f.oem4f (.const:ti_sysbios_knl_Mailbox_Object__DESC__C)
                  0000e6e0    00000020     MultiFunctionBoard_pem4f.oem4f (.const:ti_sysbios_knl_Queue_Object__DESC__C)
                  0000e700    00000020     MultiFunctionBoard_pem4f.oem4f (.const:ti_sysbios_knl_Semaphore_Object__DESC__C)
                  0000e720    00000020     MultiFunctionBoard_pem4f.oem4f (.const:ti_sysbios_knl_Task_Object__DESC__C)
                  0000e740    0000001a     MultiFunctionBoard_pem4f.oem4f (.const:xdc_runtime_Startup_sfxnRts__A)
                  0000e75a    00000002     MultiFunctionBoard_pem4f.oem4f (.const:ti_catalog_arm_cortexm4_tiva_ce_Boot_Module__id__C)
                  0000e75c    00000018     PORT_CORE.obj (.const:I2C_config)
                  0000e774    00000018     PORT_CORE.obj (.const:UART_config)
                  0000e78c    00000018     MultiFunctionBoard_pem4f.oem4f (.const:ti_sysbios_gates_GateHwi_Object__PARAMS__C)
                  0000e7a4    00000018     MultiFunctionBoard_pem4f.oem4f (.const:ti_sysbios_gates_GateMutex_Object__PARAMS__C)
                  0000e7bc    00000018     MultiFunctionBoard_pem4f.oem4f (.const:ti_sysbios_knl_Queue_Object__PARAMS__C)
                  0000e7d4    00000018     PORT_CORE.obj (.const:uartTivaHWAttrs)
                  0000e7ec    00000014     I2CTiva.obj (.const:I2CTiva_fxnTable)
                  0000e800    00000014     UARTTiva.obj (.const:parityType)
                  0000e814    00000014     MultiFunctionBoard_pem4f.oem4f (.const:xdc_runtime_Startup_firstFxns__A)
                  0000e828    00000012     DEM_CORE.obj (.const:.string)
                  0000e83a    00000002     MultiFunctionBoard_pem4f.oem4f (.const:ti_sysbios_family_arm_m3_Hwi_Module__id__C)
                  0000e83c    00000012     uartstdio.obj (.const:.string)
                  0000e84e    00000002     MultiFunctionBoard_pem4f.oem4f (.const:ti_sysbios_family_arm_m3_Hwi_Module__loggerDefined__C)
                  0000e850    00000010     I2C.obj (.const:I2C_defaultParams)
                  0000e860    00000010     UARTTiva.obj (.const:dataLength)
                  0000e870    0000000c     MPU_MAIN.obj (.const:$P$T0$2)
                  0000e87c    0000000c     MPU_MAIN.obj (.const:$P$T1$3)
                  0000e888    0000000c     uartstdio.obj (.const:g_ui32UARTBase)
                  0000e894    0000000c     uartstdio.obj (.const:g_ui32UARTPeriph)
                  0000e8a0    0000000c     PORT_CORE.obj (.const:i2cTivaHWAttrs)
                  0000e8ac    00000008     I2CTiva.obj (.const:bitRate)
                  0000e8b4    00000008     UARTTiva.obj (.const:stopBits)
                  0000e8bc    00000008     MultiFunctionBoard_pem4f.oem4f (.const:ti_sysbios_family_arm_m3_Hwi_excHookFuncs__A)
                  0000e8c4    00000008     MultiFunctionBoard_pem4f.oem4f (.const:ti_sysbios_knl_Idle_funcList__C)
                  0000e8cc    00000008     MultiFunctionBoard_pem4f.oem4f (.const:xdc_runtime_Startup_firstFxns__C)
                  0000e8d4    00000008     MultiFunctionBoard_pem4f.oem4f (.const:xdc_runtime_Startup_lastFxns__C)
                  0000e8dc    00000006     ESP8266_MAIN.obj (.const:.string:$P$T0$1)
                  0000e8e2    00000002     MultiFunctionBoard_pem4f.oem4f (.const:ti_sysbios_gates_GateMutex_Module__id__C)
                  0000e8e4    00000004     MultiFunctionBoard_pem4f.oem4f (.const:ti_catalog_arm_cortexm4_tiva_ce_Boot_A_mustUseEnhancedClockMode__C)
                  0000e8e8    00000004     MultiFunctionBoard_pem4f.oem4f (.const:ti_catalog_arm_cortexm4_tiva_ce_Boot_Module__diagsEnabled__C)
                  0000e8ec    00000004     MultiFunctionBoard_pem4f.oem4f (.const:ti_catalog_arm_cortexm4_tiva_ce_Boot_Module__diagsIncluded__C)
                  0000e8f0    00000004     MultiFunctionBoard_pem4f.oem4f (.const:ti_catalog_arm_cortexm4_tiva_ce_Boot_Module__diagsMask__C)
                  0000e8f4    00000004     MultiFunctionBoard_pem4f.oem4f (.const:ti_sysbios_family_arm_lm4_Timer_enableFunc__C)
                  0000e8f8    00000004     MultiFunctionBoard_pem4f.oem4f (.const:ti_sysbios_family_arm_lm4_Timer_numTimerDevices__C)
                  0000e8fc    00000004     MultiFunctionBoard_pem4f.oem4f (.const:ti_sysbios_family_arm_lm4_Timer_startupNeeded__C)
                  0000e900    00000004     MultiFunctionBoard_pem4f.oem4f (.const:ti_sysbios_family_arm_m3_Hwi_E_NMI__C)
                  0000e904    00000004     MultiFunctionBoard_pem4f.oem4f (.const:ti_sysbios_family_arm_m3_Hwi_E_alreadyDefined__C)
                  0000e908    00000004     MultiFunctionBoard_pem4f.oem4f (.const:ti_sysbios_family_arm_m3_Hwi_E_busFault__C)
                  0000e90c    00000004     MultiFunctionBoard_pem4f.oem4f (.const:ti_sysbios_family_arm_m3_Hwi_E_debugMon__C)
                  0000e910    00000004     MultiFunctionBoard_pem4f.oem4f (.const:ti_sysbios_family_arm_m3_Hwi_E_hardFault__C)
                  0000e914    00000004     MultiFunctionBoard_pem4f.oem4f (.const:ti_sysbios_family_arm_m3_Hwi_E_memFault__C)
                  0000e918    00000004     MultiFunctionBoard_pem4f.oem4f (.const:ti_sysbios_family_arm_m3_Hwi_E_noIsr__C)
                  0000e91c    00000004     MultiFunctionBoard_pem4f.oem4f (.const:ti_sysbios_family_arm_m3_Hwi_E_reserved__C)
                  0000e920    00000004     MultiFunctionBoard_pem4f.oem4f (.const:ti_sysbios_family_arm_m3_Hwi_E_svCall__C)
                  0000e924    00000004     MultiFunctionBoard_pem4f.oem4f (.const:ti_sysbios_family_arm_m3_Hwi_E_usageFault__C)
                  0000e928    00000004     MultiFunctionBoard_pem4f.oem4f (.const:ti_sysbios_family_arm_m3_Hwi_LD_end__C)
                  0000e92c    00000004     MultiFunctionBoard_pem4f.oem4f (.const:ti_sysbios_family_arm_m3_Hwi_LM_begin__C)
                  0000e930    00000004     MultiFunctionBoard_pem4f.oem4f (.const:ti_sysbios_family_arm_m3_Hwi_Module__diagsEnabled__C)
                  0000e934    00000004     MultiFunctionBoard_pem4f.oem4f (.const:ti_sysbios_family_arm_m3_Hwi_Module__diagsIncluded__C)
                  0000e938    00000004     MultiFunctionBoard_pem4f.oem4f (.const:ti_sysbios_family_arm_m3_Hwi_Module__diagsMask__C)
                  0000e93c    00000004     MultiFunctionBoard_pem4f.oem4f (.const:ti_sysbios_family_arm_m3_Hwi_Module__loggerFxn1__C)
                  0000e940    00000004     MultiFunctionBoard_pem4f.oem4f (.const:ti_sysbios_family_arm_m3_Hwi_Module__loggerFxn8__C)
                  0000e944    00000004     MultiFunctionBoard_pem4f.oem4f (.const:ti_sysbios_family_arm_m3_Hwi_Module__loggerObj__C)
                  0000e948    00000004     MultiFunctionBoard_pem4f.oem4f (.const:ti_sysbios_family_arm_m3_Hwi_NUM_INTERRUPTS__C)
                  0000e94c    00000004     MultiFunctionBoard_pem4f.oem4f (.const:ti_sysbios_family_arm_m3_Hwi_Object__count__C)
                  0000e950    00000004     MultiFunctionBoard_pem4f.oem4f (.const:ti_sysbios_family_arm_m3_Hwi_ccr__C)
                  0000e954    00000004     MultiFunctionBoard_pem4f.oem4f (.const:ti_sysbios_family_arm_m3_Hwi_excHandlerFunc__C)
                  0000e958    00000004     MultiFunctionBoard_pem4f.oem4f (.const:ti_sysbios_family_arm_m3_Hwi_excHookFuncs__C)
                  0000e95c    00000004     MultiFunctionBoard_pem4f.oem4f (.const:ti_sysbios_family_arm_m3_Hwi_nullIsrFunc__C)
                  0000e960    00000004     MultiFunctionBoard_pem4f.oem4f (.const:ti_sysbios_family_arm_m3_Hwi_priGroup__C)
                  0000e964    00000004     MultiFunctionBoard_pem4f.oem4f (.const:ti_sysbios_family_arm_m3_TaskSupport_stackAlignment__C)
                  0000e968    00000004     MultiFunctionBoard_pem4f.oem4f (.const:ti_sysbios_gates_GateMutex_A_badContext__C)
                  0000e96c    00000004     MultiFunctionBoard_pem4f.oem4f (.const:ti_sysbios_gates_GateMutex_Instance_State_sem__O)
                  0000e970    00000004     MultiFunctionBoard_pem4f.oem4f (.const:ti_sysbios_gates_GateMutex_Module__diagsEnabled__C)
                  0000e974    00000004     MultiFunctionBoard_pem4f.oem4f (.const:ti_sysbios_gates_GateMutex_Module__diagsIncluded__C)
                  0000e978    00000004     MultiFunctionBoard_pem4f.oem4f (.const:ti_sysbios_gates_GateMutex_Module__diagsMask__C)
                  0000e97c    00000004     MultiFunctionBoard_pem4f.oem4f (.const:ti_sysbios_hal_Hwi_E_stackOverflow__C)
                  0000e980    00000004     MultiFunctionBoard_pem4f.oem4f (.const:ti_sysbios_heaps_HeapMem_A_align__C)
                  0000e984    00000004     MultiFunctionBoard_pem4f.oem4f (.const:ti_sysbios_heaps_HeapMem_A_heapSize__C)
                  0000e988    00000004     MultiFunctionBoard_pem4f.oem4f (.const:ti_sysbios_heaps_HeapMem_A_invalidFree__C)
                  0000e98c    00000004     MultiFunctionBoard_pem4f.oem4f (.const:ti_sysbios_heaps_HeapMem_A_zeroBlock__C)
                  0000e990    00000004     MultiFunctionBoard_pem4f.oem4f (.const:ti_sysbios_heaps_HeapMem_E_memory__C)
                  0000e994    00000004     MultiFunctionBoard_pem4f.oem4f (.const:ti_sysbios_heaps_HeapMem_Module__diagsEnabled__C)
                  0000e998    00000004     MultiFunctionBoard_pem4f.oem4f (.const:ti_sysbios_heaps_HeapMem_Module__diagsIncluded__C)
                  0000e99c    00000004     MultiFunctionBoard_pem4f.oem4f (.const:ti_sysbios_heaps_HeapMem_Module__diagsMask__C)
                  0000e9a0    00000004     MultiFunctionBoard_pem4f.oem4f (.const:ti_sysbios_heaps_HeapMem_Module__gateObj__C)
                  0000e9a4    00000004     MultiFunctionBoard_pem4f.oem4f (.const:ti_sysbios_heaps_HeapMem_Object__count__C)
                  0000e9a8    00000004     MultiFunctionBoard_pem4f.oem4f (.const:ti_sysbios_heaps_HeapMem_reqAlign__C)
                  0000e9ac    00000004     MultiFunctionBoard_pem4f.oem4f (.const:ti_sysbios_knl_Clock_A_badThreadType__C)
                  0000e9b0    00000004     MultiFunctionBoard_pem4f.oem4f (.const:ti_sysbios_knl_Clock_LM_begin__C)
                  0000e9b4    00000004     MultiFunctionBoard_pem4f.oem4f (.const:ti_sysbios_knl_Clock_LM_tick__C)
                  0000e9b8    00000004     MultiFunctionBoard_pem4f.oem4f (.const:ti_sysbios_knl_Clock_LW_delayed__C)
                  0000e9bc    00000004     MultiFunctionBoard_pem4f.oem4f (.const:ti_sysbios_knl_Clock_Module_State_clockQ__O)
                  0000e9c0    00000004     MultiFunctionBoard_pem4f.oem4f (.const:ti_sysbios_knl_Clock_Module__diagsEnabled__C)
                  0000e9c4    00000004     MultiFunctionBoard_pem4f.oem4f (.const:ti_sysbios_knl_Clock_Module__diagsIncluded__C)
                  0000e9c8    00000004     MultiFunctionBoard_pem4f.oem4f (.const:ti_sysbios_knl_Clock_Module__diagsMask__C)
                  0000e9cc    00000004     MultiFunctionBoard_pem4f.oem4f (.const:ti_sysbios_knl_Clock_Module__loggerFxn1__C)
                  0000e9d0    00000004     MultiFunctionBoard_pem4f.oem4f (.const:ti_sysbios_knl_Clock_Module__loggerFxn2__C)
                  0000e9d4    00000004     MultiFunctionBoard_pem4f.oem4f (.const:ti_sysbios_knl_Clock_Module__loggerObj__C)
                  0000e9d8    00000004     MultiFunctionBoard_pem4f.oem4f (.const:ti_sysbios_knl_Idle_funcList__A)
                  0000e9dc    00000004     MultiFunctionBoard_pem4f.oem4f (.const:ti_sysbios_knl_Mailbox_A_invalidBufSize__C)
                  0000e9e0    00000004     MultiFunctionBoard_pem4f.oem4f (.const:ti_sysbios_knl_Mailbox_Instance_State_dataQue__O)
                  0000e9e4    00000004     MultiFunctionBoard_pem4f.oem4f (.const:ti_sysbios_knl_Mailbox_Instance_State_dataSem__O)
                  0000e9e8    00000004     MultiFunctionBoard_pem4f.oem4f (.const:ti_sysbios_knl_Mailbox_Instance_State_freeQue__O)
                  0000e9ec    00000004     MultiFunctionBoard_pem4f.oem4f (.const:ti_sysbios_knl_Mailbox_Instance_State_freeSem__O)
                  0000e9f0    00000004     MultiFunctionBoard_pem4f.oem4f (.const:ti_sysbios_knl_Mailbox_Module__diagsEnabled__C)
                  0000e9f4    00000004     MultiFunctionBoard_pem4f.oem4f (.const:ti_sysbios_knl_Mailbox_Module__diagsIncluded__C)
                  0000e9f8    00000004     MultiFunctionBoard_pem4f.oem4f (.const:ti_sysbios_knl_Mailbox_Module__diagsMask__C)
                  0000e9fc    00000004     MultiFunctionBoard_pem4f.oem4f (.const:ti_sysbios_knl_Mailbox_Object__count__C)
                  0000ea00    00000004     MultiFunctionBoard_pem4f.oem4f (.const:ti_sysbios_knl_Mailbox_maxTypeAlign__C)
                  0000ea04    00000004     MultiFunctionBoard_pem4f.oem4f (.const:ti_sysbios_knl_Semaphore_A_badContext__C)
                  0000ea08    00000004     MultiFunctionBoard_pem4f.oem4f (.const:ti_sysbios_knl_Semaphore_A_noEvents__C)
                  0000ea0c    00000004     MultiFunctionBoard_pem4f.oem4f (.const:ti_sysbios_knl_Semaphore_A_overflow__C)
                  0000ea10    00000004     MultiFunctionBoard_pem4f.oem4f (.const:ti_sysbios_knl_Semaphore_A_pendTaskDisabled__C)
                  0000ea14    00000004     MultiFunctionBoard_pem4f.oem4f (.const:ti_sysbios_knl_Semaphore_Instance_State_pendQ__O)
                  0000ea18    00000004     MultiFunctionBoard_pem4f.oem4f (.const:ti_sysbios_knl_Semaphore_LM_pend__C)
                  0000ea1c    00000004     MultiFunctionBoard_pem4f.oem4f (.const:ti_sysbios_knl_Semaphore_LM_post__C)
                  0000ea20    00000004     MultiFunctionBoard_pem4f.oem4f (.const:ti_sysbios_knl_Semaphore_Module__diagsEnabled__C)
                  0000ea24    00000004     MultiFunctionBoard_pem4f.oem4f (.const:ti_sysbios_knl_Semaphore_Module__diagsIncluded__C)
                  0000ea28    00000004     MultiFunctionBoard_pem4f.oem4f (.const:ti_sysbios_knl_Semaphore_Module__diagsMask__C)
                  0000ea2c    00000004     MultiFunctionBoard_pem4f.oem4f (.const:ti_sysbios_knl_Semaphore_Module__loggerFxn2__C)
                  0000ea30    00000004     MultiFunctionBoard_pem4f.oem4f (.const:ti_sysbios_knl_Semaphore_Module__loggerFxn4__C)
                  0000ea34    00000004     MultiFunctionBoard_pem4f.oem4f (.const:ti_sysbios_knl_Semaphore_Module__loggerObj__C)
                  0000ea38    00000004     MultiFunctionBoard_pem4f.oem4f (.const:ti_sysbios_knl_Swi_LD_end__C)
                  0000ea3c    00000004     MultiFunctionBoard_pem4f.oem4f (.const:ti_sysbios_knl_Swi_LM_begin__C)
                  0000ea40    00000004     MultiFunctionBoard_pem4f.oem4f (.const:ti_sysbios_knl_Swi_LM_post__C)
                  0000ea44    00000004     MultiFunctionBoard_pem4f.oem4f (.const:ti_sysbios_knl_Swi_Module__diagsEnabled__C)
                  0000ea48    00000004     MultiFunctionBoard_pem4f.oem4f (.const:ti_sysbios_knl_Swi_Module__diagsIncluded__C)
                  0000ea4c    00000004     MultiFunctionBoard_pem4f.oem4f (.const:ti_sysbios_knl_Swi_Module__diagsMask__C)
                  0000ea50    00000004     MultiFunctionBoard_pem4f.oem4f (.const:ti_sysbios_knl_Swi_Module__loggerFxn1__C)
                  0000ea54    00000004     MultiFunctionBoard_pem4f.oem4f (.const:ti_sysbios_knl_Swi_Module__loggerFxn4__C)
                  0000ea58    00000004     MultiFunctionBoard_pem4f.oem4f (.const:ti_sysbios_knl_Swi_Module__loggerObj__C)
                  0000ea5c    00000004     MultiFunctionBoard_pem4f.oem4f (.const:ti_sysbios_knl_Swi_Object__count__C)
                  0000ea60    00000004     MultiFunctionBoard_pem4f.oem4f (.const:ti_sysbios_knl_Task_A_badPriority__C)
                  0000ea64    00000004     MultiFunctionBoard_pem4f.oem4f (.const:ti_sysbios_knl_Task_A_badTaskState__C)
                  0000ea68    00000004     MultiFunctionBoard_pem4f.oem4f (.const:ti_sysbios_knl_Task_A_badThreadType__C)
                  0000ea6c    00000004     MultiFunctionBoard_pem4f.oem4f (.const:ti_sysbios_knl_Task_A_badTimeout__C)
                  0000ea70    00000004     MultiFunctionBoard_pem4f.oem4f (.const:ti_sysbios_knl_Task_A_noPendElem__C)
                  0000ea74    00000004     MultiFunctionBoard_pem4f.oem4f (.const:ti_sysbios_knl_Task_A_sleepTaskDisabled__C)
                  0000ea78    00000004     MultiFunctionBoard_pem4f.oem4f (.const:ti_sysbios_knl_Task_E_spOutOfBounds__C)
                  0000ea7c    00000004     MultiFunctionBoard_pem4f.oem4f (.const:ti_sysbios_knl_Task_E_stackOverflow__C)
                  0000ea80    00000004     MultiFunctionBoard_pem4f.oem4f (.const:ti_sysbios_knl_Task_LD_block__C)
                  0000ea84    00000004     MultiFunctionBoard_pem4f.oem4f (.const:ti_sysbios_knl_Task_LD_exit__C)
                  0000ea88    00000004     MultiFunctionBoard_pem4f.oem4f (.const:ti_sysbios_knl_Task_LD_ready__C)
                  0000ea8c    00000004     MultiFunctionBoard_pem4f.oem4f (.const:ti_sysbios_knl_Task_LM_sleep__C)
                  0000ea90    00000004     MultiFunctionBoard_pem4f.oem4f (.const:ti_sysbios_knl_Task_LM_switch__C)
                  0000ea94    00000004     MultiFunctionBoard_pem4f.oem4f (.const:ti_sysbios_knl_Task_Module_State_inactiveQ__O)
                  0000ea98    00000004     MultiFunctionBoard_pem4f.oem4f (.const:ti_sysbios_knl_Task_Module__diagsEnabled__C)
                  0000ea9c    00000004     MultiFunctionBoard_pem4f.oem4f (.const:ti_sysbios_knl_Task_Module__diagsIncluded__C)
                  0000eaa0    00000004     MultiFunctionBoard_pem4f.oem4f (.const:ti_sysbios_knl_Task_Module__diagsMask__C)
                  0000eaa4    00000004     MultiFunctionBoard_pem4f.oem4f (.const:ti_sysbios_knl_Task_Module__loggerFxn2__C)
                  0000eaa8    00000004     MultiFunctionBoard_pem4f.oem4f (.const:ti_sysbios_knl_Task_Module__loggerFxn4__C)
                  0000eaac    00000004     MultiFunctionBoard_pem4f.oem4f (.const:ti_sysbios_knl_Task_Module__loggerObj__C)
                  0000eab0    00000004     MultiFunctionBoard_pem4f.oem4f (.const:ti_sysbios_knl_Task_Object__count__C)
                  0000eab4    00000004     MultiFunctionBoard_pem4f.oem4f (.const:ti_sysbios_knl_Task_allBlockedFunc__C)
                  0000eab8    00000004     MultiFunctionBoard_pem4f.oem4f (.const:ti_sysbios_knl_Task_defaultStackHeap__C)
                  0000eabc    00000004     MultiFunctionBoard_pem4f.oem4f (.const:ti_sysbios_knl_Task_defaultStackSize__C)
                  0000eac0    00000004     MultiFunctionBoard_pem4f.oem4f (.const:ti_sysbios_knl_Task_numConstructedTasks__C)
                  0000eac4    00000004     uartstdio.obj (.const)
                  0000eac8    00000004     MultiFunctionBoard_pem4f.oem4f (.const:xdc_runtime_Assert_E_assertFailed__C)
                  0000eacc    00000004     MultiFunctionBoard_pem4f.oem4f (.const:xdc_runtime_Core_A_initializedParams__C)
                  0000ead0    00000004     MultiFunctionBoard_pem4f.oem4f (.const:xdc_runtime_Core_Module__diagsEnabled__C)
                  0000ead4    00000004     MultiFunctionBoard_pem4f.oem4f (.const:xdc_runtime_Core_Module__diagsIncluded__C)
                  0000ead8    00000004     MultiFunctionBoard_pem4f.oem4f (.const:xdc_runtime_Core_Module__diagsMask__C)
                  0000eadc    00000004     MultiFunctionBoard_pem4f.oem4f (.const:xdc_runtime_Error_E_memory__C)
                  0000eae0    00000004     MultiFunctionBoard_pem4f.oem4f (.const:xdc_runtime_Error_Module__diagsEnabled__C)
                  0000eae4    00000004     MultiFunctionBoard_pem4f.oem4f (.const:xdc_runtime_Error_Module__diagsIncluded__C)
                  0000eae8    00000004     MultiFunctionBoard_pem4f.oem4f (.const:xdc_runtime_Error_Module__diagsMask__C)
                  0000eaec    00000004     MultiFunctionBoard_pem4f.oem4f (.const:xdc_runtime_Error_Module__loggerFxn8__C)
                  0000eaf0    00000004     MultiFunctionBoard_pem4f.oem4f (.const:xdc_runtime_Error_Module__loggerObj__C)
                  0000eaf4    00000004     MultiFunctionBoard_pem4f.oem4f (.const:xdc_runtime_Error_policyFxn__C)
                  0000eaf8    00000004     MultiFunctionBoard_pem4f.oem4f (.const:xdc_runtime_Error_raiseHook__C)
                  0000eafc    00000004     MultiFunctionBoard_pem4f.oem4f (.const:xdc_runtime_IGateProvider_Interface__BASE__C)
                  0000eb00    00000004     MultiFunctionBoard_pem4f.oem4f (.const:xdc_runtime_IHeap_Interface__BASE__C)
                  0000eb04    00000004     MultiFunctionBoard_pem4f.oem4f (.const:xdc_runtime_IModule_Interface__BASE__C)
                  0000eb08    00000004     MultiFunctionBoard_pem4f.oem4f (.const:xdc_runtime_Log_L_error__C)
                  0000eb0c    00000004     MultiFunctionBoard_pem4f.oem4f (.const:xdc_runtime_Log_L_warning__C)
                  0000eb10    00000004     MultiFunctionBoard_pem4f.oem4f (.const:xdc_runtime_LoggerBuf_Object__count__C)
                  0000eb14    00000004     MultiFunctionBoard_pem4f.oem4f (.const:xdc_runtime_LoggerCallback_Object__count__C)
                  0000eb18    00000004     MultiFunctionBoard_pem4f.oem4f (.const:xdc_runtime_LoggerCallback_createInstFxn__C)
                  0000eb1c    00000004     MultiFunctionBoard_pem4f.oem4f (.const:xdc_runtime_Main_Module__diagsEnabled__C)
                  0000eb20    00000004     MultiFunctionBoard_pem4f.oem4f (.const:xdc_runtime_Main_Module__diagsIncluded__C)
                  0000eb24    00000004     MultiFunctionBoard_pem4f.oem4f (.const:xdc_runtime_Main_Module__diagsMask__C)
                  0000eb28    00000004     MultiFunctionBoard_pem4f.oem4f (.const:xdc_runtime_Main_Module__loggerFxn2__C)
                  0000eb2c    00000004     MultiFunctionBoard_pem4f.oem4f (.const:xdc_runtime_Main_Module__loggerFxn4__C)
                  0000eb30    00000004     MultiFunctionBoard_pem4f.oem4f (.const:xdc_runtime_Main_Module__loggerObj__C)
                  0000eb34    00000004     MultiFunctionBoard_pem4f.oem4f (.const:xdc_runtime_Memory_defaultHeapInstance__C)
                  0000eb38    00000004     MultiFunctionBoard_pem4f.oem4f (.const:xdc_runtime_Startup_execImpl__C)
                  0000eb3c    00000004     MultiFunctionBoard_pem4f.oem4f (.const:xdc_runtime_Startup_lastFxns__A)
                  0000eb40    00000004     MultiFunctionBoard_pem4f.oem4f (.const:xdc_runtime_Startup_maxPasses__C)
                  0000eb44    00000004     MultiFunctionBoard_pem4f.oem4f (.const:xdc_runtime_Startup_sfxnRts__C)
                  0000eb48    00000004     MultiFunctionBoard_pem4f.oem4f (.const:xdc_runtime_Startup_sfxnTab__C)
                  0000eb4c    00000004     MultiFunctionBoard_pem4f.oem4f (.const:xdc_runtime_SysMin_bufSize__C)
                  0000eb50    00000004     MultiFunctionBoard_pem4f.oem4f (.const:xdc_runtime_SysMin_outputFunc__C)
                  0000eb54    00000004     MultiFunctionBoard_pem4f.oem4f (.const:xdc_runtime_System_Module__gateObj__C)
                  0000eb58    00000004     MultiFunctionBoard_pem4f.oem4f (.const:xdc_runtime_System_abortFxn__C)
                  0000eb5c    00000004     MultiFunctionBoard_pem4f.oem4f (.const:xdc_runtime_System_exitFxn__C)
                  0000eb60    00000004     MultiFunctionBoard_pem4f.oem4f (.const:xdc_runtime_System_extendFxn__C)
                  0000eb64    00000004     MultiFunctionBoard_pem4f.oem4f (.const:xdc_runtime_System_maxAtexitHandlers__C)
                  0000eb68    00000004     MultiFunctionBoard_pem4f.oem4f (.const:xdc_runtime_Text_charTab__C)
                  0000eb6c    00000004     MultiFunctionBoard_pem4f.oem4f (.const:xdc_runtime_Text_nameEmpty__C)
                  0000eb70    00000004     MultiFunctionBoard_pem4f.oem4f (.const:xdc_runtime_Text_nameStatic__C)
                  0000eb74    00000004     MultiFunctionBoard_pem4f.oem4f (.const:xdc_runtime_Text_nameUnknown__C)
                  0000eb78    00000004     MultiFunctionBoard_pem4f.oem4f (.const:xdc_runtime_Text_nodeTab__C)
                  0000eb7c    00000004     MultiFunctionBoard_pem4f.oem4f (.const:xdc_runtime_Text_visitRopeFxn__C)
                  0000eb80    00000002     MultiFunctionBoard_pem4f.oem4f (.const:ti_sysbios_hal_Hwi_Module__id__C)
                  0000eb82    00000002     MultiFunctionBoard_pem4f.oem4f (.const:ti_sysbios_heaps_HeapMem_Module__id__C)
                  0000eb84    00000002     MultiFunctionBoard_pem4f.oem4f (.const:ti_sysbios_knl_Clock_Module__id__C)
                  0000eb86    00000002     MultiFunctionBoard_pem4f.oem4f (.const:ti_sysbios_knl_Clock_Module__loggerDefined__C)
                  0000eb88    00000002     MultiFunctionBoard_pem4f.oem4f (.const:ti_sysbios_knl_Mailbox_Module__id__C)
                  0000eb8a    00000002     MultiFunctionBoard_pem4f.oem4f (.const:ti_sysbios_knl_Semaphore_Module__id__C)
                  0000eb8c    00000002     MultiFunctionBoard_pem4f.oem4f (.const:ti_sysbios_knl_Semaphore_Module__loggerDefined__C)
                  0000eb8e    00000002     MultiFunctionBoard_pem4f.oem4f (.const:ti_sysbios_knl_Swi_Module__id__C)
                  0000eb90    00000002     MultiFunctionBoard_pem4f.oem4f (.const:ti_sysbios_knl_Swi_Module__loggerDefined__C)
                  0000eb92    00000002     MultiFunctionBoard_pem4f.oem4f (.const:ti_sysbios_knl_Task_Module__id__C)
                  0000eb94    00000002     MultiFunctionBoard_pem4f.oem4f (.const:ti_sysbios_knl_Task_Module__loggerDefined__C)
                  0000eb96    00000002     MultiFunctionBoard_pem4f.oem4f (.const:xdc_runtime_Core_Module__id__C)
                  0000eb98    00000002     MultiFunctionBoard_pem4f.oem4f (.const:xdc_runtime_Error_Module__loggerDefined__C)
                  0000eb9a    00000002     MultiFunctionBoard_pem4f.oem4f (.const:xdc_runtime_Error_maxDepth__C)
                  0000eb9c    00000002     MultiFunctionBoard_pem4f.oem4f (.const:xdc_runtime_Main_Module__id__C)
                  0000eb9e    00000002     MultiFunctionBoard_pem4f.oem4f (.const:xdc_runtime_Main_Module__loggerDefined__C)
                  0000eba0    00000002     MultiFunctionBoard_pem4f.oem4f (.const:xdc_runtime_Memory_Module__id__C)
                  0000eba2    00000002     MultiFunctionBoard_pem4f.oem4f (.const:xdc_runtime_SysMin_flushAtExit__C)
                  0000eba4    00000002     MultiFunctionBoard_pem4f.oem4f (.const:xdc_runtime_Text_charCnt__C)
                  0000eba6    00000002     MultiFunctionBoard_pem4f.oem4f (.const:xdc_runtime_Text_isLoaded__C)
                  0000eba8    00000002     MultiFunctionBoard_pem4f.oem4f (.const:xdc_runtime_Text_registryModsLastId__C)
                  0000ebaa    00000002     MultiFunctionBoard_pem4f.oem4f (.const:xdc_runtime_Text_unnamedModsLastId__C)
                  0000ebac    00000001     MultiFunctionBoard_pem4f.oem4f (.const:xdc_runtime_Error_policy__C)

.cinit     0    0000ebb0    00000258     
                  0000ebb0    00000222     (.cinit..data.load) [load image, compression = lzss]
                  0000edd2    00000002     --HOLE-- [fill = 0]
                  0000edd4    0000000c     (__TI_handler_table)
                  0000ede0    00000008     (.cinit..bss.load) [load image, compression = zero_init]
                  0000ede8    00000008     (.cinit..vecs.load) [load image, compression = zero_init]
                  0000edf0    00000018     (__TI_cinit_table)

.init_array 
*          0    00000000    00000000     UNINITIALIZED

.bss       0    20000360    000044b0     UNINITIALIZED
                  20000360    000033f0     (.common:ti_sysbios_heaps_HeapMem_Instance_State_0_buf__A)
                  20003750    00000400     (.common:xdc_runtime_SysMin_Module_State_0_outbuf__A)
                  20003b50    000003e8     ESP8266_MAIN.obj (.bss:s8ReadBuffer)
                  20003f38    00000360     (.common:ti_sysbios_family_arm_m3_Hwi_dispatchTable)
                  20004298    00000200     MultiFunctionBoard_pem4f.oem4f (.bss:taskStackSection)
                  20004498    00000120     rtsv7M4_T_le_v4SPD16_eabi.lib : trgmsg.c.obj (.bss:_CIOBUF_)
                  200045b8    000000cc     (.common:uartTivaobjects)
                  20004684    00000080     (.common:i2cTivaobjects)
                  20004704    00000070     ESP8266_MAIN.obj (.bss:objAPInfoType)
                  20004774    00000038     MPU_MAIN.obj (.bss:objstrMPUConfigType)
                  200047ac    00000028     ESP8266_MAIN.obj (.bss:s32ServerBuffer)
                  200047d4    00000020     (.common:uartTivaRingBuffer)
                  200047f4    00000008     MPU_MAIN.obj (.bss)
                  200047fc    00000008     (.common:parmbuf)
                  20004804    00000004     DEM_OS.obj (.bss)
                  20004808    00000004     ESP8266_MAIN.obj (.bss)
                  2000480c    00000004     (.common:PORT_u32ProcessorFrequency)

.data      0    20004810    000004fa     UNINITIALIZED
                  20004810    00000080     MultiFunctionBoard_pem4f.oem4f (.data:ti_sysbios_family_arm_lm4_Timer_Object__table__V)
                  20004890    00000080     MultiFunctionBoard_pem4f.oem4f (.data:ti_sysbios_knl_Swi_Module_State_0_readyQ__A)
                  20004910    00000080     MultiFunctionBoard_pem4f.oem4f (.data:ti_sysbios_knl_Task_Module_State_0_readyQ__A)
                  20004990    0000004c     MultiFunctionBoard_pem4f.oem4f (.data:ti_sysbios_knl_Task_Object__table__V)
                  200049dc    0000004b     ESP8266_MAIN.obj (.data:s8WiFiModeStr)
                  20004a27    00000001     MPU_MAIN.obj (.data)
                  20004a28    00000044     MultiFunctionBoard_pem4f.oem4f (.data:ti_sysbios_knl_Task_Module__state__V)
                  20004a6c    00000038     MultiFunctionBoard_pem4f.oem4f (.data:ti_sysbios_gates_GateMutex_Object__table__V)
                  20004aa4    00000034     MultiFunctionBoard_pem4f.oem4f (.data:ti_sysbios_family_arm_m3_Hwi_Module__state__V)
                  20004ad8    00000030     MultiFunctionBoard_pem4f.oem4f (.data:ti_sysbios_family_arm_lm4_Timer_Module_State_0_device__A)
                  20004b08    00000030     MultiFunctionBoard_pem4f.oem4f (.data:ti_sysbios_family_arm_m3_Hwi_Object__table__V)
                  20004b38    00000030     MultiFunctionBoard_pem4f.oem4f (.data:ti_sysbios_knl_Swi_Object__table__V)
                  20004b68    0000002c     MultiFunctionBoard_pem4f.oem4f (.data:ti_sysbios_knl_Clock_Module__state__V)
                  20004b94    00000028     ESP8266_MAIN.obj (.data:s8TXModeString)
                  20004bbc    00000024     MultiFunctionBoard_pem4f.oem4f (.data:ti_sysbios_BIOS_Module__state__V)
                  20004be0    00000020     MultiFunctionBoard_pem4f.oem4f (.data:xdc_runtime_System_Module_State_0_atexitHandlers__A)
                  20004c00    0000001c     MultiFunctionBoard_pem4f.oem4f (.data:ti_sysbios_knl_Swi_Module__state__V)
                  20004c1c    00000018     MultiFunctionBoard_pem4f.oem4f (.data:ti_sysbios_family_arm_lm4_Timer_Module_State_0_handles__A)
                  20004c34    00000018     MultiFunctionBoard_pem4f.oem4f (.data:ti_sysbios_heaps_HeapMem_Object__table__V)
                  20004c4c    0000000c     MultiFunctionBoard_pem4f.oem4f (.data:ti_sysbios_family_arm_lm4_Timer_Module__state__V)
                  20004c58    0000000c     MultiFunctionBoard_pem4f.oem4f (.data:xdc_runtime_SysMin_Module__state__V)
                  20004c64    00000008     rtsv7M4_T_le_v4SPD16_eabi.lib : _lock.c.obj (.data:$O1$$)
                  20004c6c    00000008     DEM_CORE.obj (.data:ps8EventString)
                  20004c74    00000008     MultiFunctionBoard_pem4f.oem4f (.data:ti_sysbios_family_arm_lm4_TimestampProvider_Module__state__V)
                  20004c7c    00000008     MultiFunctionBoard_pem4f.oem4f (.data:ti_sysbios_family_arm_m3_Hwi_Module__root__V)
                  20004c84    00000008     MultiFunctionBoard_pem4f.oem4f (.data:ti_sysbios_gates_GateHwi_Module__root__V)
                  20004c8c    00000008     MultiFunctionBoard_pem4f.oem4f (.data:ti_sysbios_gates_GateMutex_Module__root__V)
                  20004c94    00000008     MultiFunctionBoard_pem4f.oem4f (.data:ti_sysbios_heaps_HeapMem_Module__root__V)
                  20004c9c    00000008     MultiFunctionBoard_pem4f.oem4f (.data:ti_sysbios_knl_Clock_Module__root__V)
                  20004ca4    00000008     MultiFunctionBoard_pem4f.oem4f (.data:ti_sysbios_knl_Mailbox_Module__root__V)
                  20004cac    00000008     MultiFunctionBoard_pem4f.oem4f (.data:ti_sysbios_knl_Queue_Module__root__V)
                  20004cb4    00000008     MultiFunctionBoard_pem4f.oem4f (.data:ti_sysbios_knl_Semaphore_Module__root__V)
                  20004cbc    00000008     MultiFunctionBoard_pem4f.oem4f (.data:ti_sysbios_knl_Task_Module__root__V)
                  20004cc4    00000008     MultiFunctionBoard_pem4f.oem4f (.data:xdc_runtime_Registry_Module__state__V)
                  20004ccc    00000008     MultiFunctionBoard_pem4f.oem4f (.data:xdc_runtime_Startup_Module__state__V)
                  20004cd4    00000008     MultiFunctionBoard_pem4f.oem4f (.data:xdc_runtime_System_Module__state__V)
                  20004cdc    00000005     uartstdio.obj (.data)
                  20004ce1    00000001     --HOLE--
                  20004ce2    00000002     MultiFunctionBoard_pem4f.oem4f (.data:ti_sysbios_family_arm_m3_Hwi_Module_State_0_excActive__A)
                  20004ce4    00000004     I2C.obj (.data)
                  20004ce8    00000004     UART.obj (.data)
                  20004cec    00000004     rtsv7M4_T_le_v4SPD16_eabi.lib : errno.c.obj (.data)
                  20004cf0    00000004                                   : stkdepth_vars.c.obj (.data)
                  20004cf4    00000004     MultiFunctionBoard_pem4f.oem4f (.data:ti_sysbios_family_arm_m3_Hwi_Module_State_0_excContext__A)
[...]
0000e8e4  ti_catalog_arm_cortexm4_tiva_ce_Boot_A_mustUseEnhancedClockMode__C
0000e8e8  ti_catalog_arm_cortexm4_tiva_ce_Boot_Module__diagsEnabled__C      
0000e8ec  ti_catalog_arm_cortexm4_tiva_ce_Boot_Module__diagsIncluded__C     
0000e8f0  ti_catalog_arm_cortexm4_tiva_ce_Boot_Module__diagsMask__C         
0000e8f4  ti_sysbios_family_arm_lm4_Timer_enableFunc__C                     
0000e8f8  ti_sysbios_family_arm_lm4_Timer_numTimerDevices__C                
0000e8fc  ti_sysbios_family_arm_lm4_Timer_startupNeeded__C                  
0000e900  ti_sysbios_family_arm_m3_Hwi_E_NMI__C                             
0000e904  ti_sysbios_family_arm_m3_Hwi_E_alreadyDefined__C                  
0000e908  ti_sysbios_family_arm_m3_Hwi_E_busFault__C                        
0000e90c  ti_sysbios_family_arm_m3_Hwi_E_debugMon__C                        
0000e910  ti_sysbios_family_arm_m3_Hwi_E_hardFault__C                       
0000e914  ti_sysbios_family_arm_m3_Hwi_E_memFault__C                        
0000e918  ti_sysbios_family_arm_m3_Hwi_E_noIsr__C                           
0000e91c  ti_sysbios_family_arm_m3_Hwi_E_reserved__C                        
0000e920  ti_sysbios_family_arm_m3_Hwi_E_svCall__C                          
0000e924  ti_sysbios_family_arm_m3_Hwi_E_usageFault__C                      
0000e928  ti_sysbios_family_arm_m3_Hwi_LD_end__C                            
0000e92c  ti_sysbios_family_arm_m3_Hwi_LM_begin__C                          
0000e930  ti_sysbios_family_arm_m3_Hwi_Module__diagsEnabled__C              
0000e934  ti_sysbios_family_arm_m3_Hwi_Module__diagsIncluded__C             
0000e938  ti_sysbios_family_arm_m3_Hwi_Module__diagsMask__C                 
0000e93c  ti_sysbios_family_arm_m3_Hwi_Module__loggerFxn1__C                
0000e940  ti_sysbios_family_arm_m3_Hwi_Module__loggerFxn8__C                
0000e944  ti_sysbios_family_arm_m3_Hwi_Module__loggerObj__C                 
0000e948  ti_sysbios_family_arm_m3_Hwi_NUM_INTERRUPTS__C                    
0000e94c  ti_sysbios_family_arm_m3_Hwi_Object__count__C                     
0000e950  ti_sysbios_family_arm_m3_Hwi_ccr__C                               
0000e954  ti_sysbios_family_arm_m3_Hwi_excHandlerFunc__C                    
0000e958  ti_sysbios_family_arm_m3_Hwi_excHookFuncs__C                      
0000e95c  ti_sysbios_family_arm_m3_Hwi_nullIsrFunc__C                       
0000e960  ti_sysbios_family_arm_m3_Hwi_priGroup__C                          
0000e964  ti_sysbios_family_arm_m3_TaskSupport_stackAlignment__C            
0000e968  ti_sysbios_gates_GateMutex_A_badContext__C                        
0000e96c  ti_sysbios_gates_GateMutex_Instance_State_sem__O                  
0000e970  ti_sysbios_gates_GateMutex_Module__diagsEnabled__C                
0000e974  ti_sysbios_gates_GateMutex_Module__diagsIncluded__C               
0000e978  ti_sysbios_gates_GateMutex_Module__diagsMask__C                   
0000e97c  ti_sysbios_hal_Hwi_E_stackOverflow__C                             
0000e980  ti_sysbios_heaps_HeapMem_A_align__C                               
0000e984  ti_sysbios_heaps_HeapMem_A_heapSize__C                            
0000e988  ti_sysbios_heaps_HeapMem_A_invalidFree__C                         
0000e98c  ti_sysbios_heaps_HeapMem_A_zeroBlock__C                           
0000e990  ti_sysbios_heaps_HeapMem_E_memory__C                              
0000e994  ti_sysbios_heaps_HeapMem_Module__diagsEnabled__C                  
0000e998  ti_sysbios_heaps_HeapMem_Module__diagsIncluded__C                 
0000e99c  ti_sysbios_heaps_HeapMem_Module__diagsMask__C                     
0000e9a0  ti_sysbios_heaps_HeapMem_Module__gateObj__C                       
0000e9a4  ti_sysbios_heaps_HeapMem_Object__count__C                         
0000e9a8  ti_sysbios_heaps_HeapMem_reqAlign__C                              
0000e9ac  ti_sysbios_knl_Clock_A_badThreadType__C                           
0000e9b0  ti_sysbios_knl_Clock_LM_begin__C                                  
0000e9b4  ti_sysbios_knl_Clock_LM_tick__C                                   
0000e9b8  ti_sysbios_knl_Clock_LW_delayed__C                                
0000e9bc  ti_sysbios_knl_Clock_Module_State_clockQ__O                       
0000e9c0  ti_sysbios_knl_Clock_Module__diagsEnabled__C                      
0000e9c4  ti_sysbios_knl_Clock_Module__diagsIncluded__C                     
0000e9c8  ti_sysbios_knl_Clock_Module__diagsMask__C                         
0000e9cc  ti_sysbios_knl_Clock_Module__loggerFxn1__C                        
0000e9d0  ti_sysbios_knl_Clock_Module__loggerFxn2__C                        
0000e9d4  ti_sysbios_knl_Clock_Module__loggerObj__C                         
0000e9d8  ti_sysbios_knl_Idle_funcList__A                                   
0000e9dc  ti_sysbios_knl_Mailbox_A_invalidBufSize__C                        
0000e9e0  ti_sysbios_knl_Mailbox_Instance_State_dataQue__O                  
0000e9e4  ti_sysbios_knl_Mailbox_Instance_State_dataSem__O                  
0000e9e8  ti_sysbios_knl_Mailbox_Instance_State_freeQue__O                  
0000e9ec  ti_sysbios_knl_Mailbox_Instance_State_freeSem__O                  
0000e9f0  ti_sysbios_knl_Mailbox_Module__diagsEnabled__C                    
0000e9f4  ti_sysbios_knl_Mailbox_Module__diagsIncluded__C                   
0000e9f8  ti_sysbios_knl_Mailbox_Module__diagsMask__C                       
0000e9fc  ti_sysbios_knl_Mailbox_Object__count__C                           
0000ea00  ti_sysbios_knl_Mailbox_maxTypeAlign__C                            
0000ea04  ti_sysbios_knl_Semaphore_A_badContext__C                          
0000ea08  ti_sysbios_knl_Semaphore_A_noEvents__C                            
0000ea0c  ti_sysbios_knl_Semaphore_A_overflow__C                            
0000ea10  ti_sysbios_knl_Semaphore_A_pendTaskDisabled__C                    
0000ea14  ti_sysbios_knl_Semaphore_Instance_State_pendQ__O                  
0000ea18  ti_sysbios_knl_Semaphore_LM_pend__C                               
0000ea1c  ti_sysbios_knl_Semaphore_LM_post__C                               
0000ea20  ti_sysbios_knl_Semaphore_Module__diagsEnabled__C                  
0000ea24  ti_sysbios_knl_Semaphore_Module__diagsIncluded__C                 
0000ea28  ti_sysbios_knl_Semaphore_Module__diagsMask__C                     
0000ea2c  ti_sysbios_knl_Semaphore_Module__loggerFxn2__C                    
0000ea30  ti_sysbios_knl_Semaphore_Module__loggerFxn4__C                    
0000ea34  ti_sysbios_knl_Semaphore_Module__loggerObj__C                     
0000ea38  ti_sysbios_knl_Swi_LD_end__C                                      
0000ea3c  ti_sysbios_knl_Swi_LM_begin__C                                    
0000ea40  ti_sysbios_knl_Swi_LM_post__C                                     
0000ea44  ti_sysbios_knl_Swi_Module__diagsEnabled__C                        
0000ea48  ti_sysbios_knl_Swi_Module__diagsIncluded__C                       
0000ea4c  ti_sysbios_knl_Swi_Module__diagsMask__C                           
0000ea50  ti_sysbios_knl_Swi_Module__loggerFxn1__C                          
0000ea54  ti_sysbios_knl_Swi_Module__loggerFxn4__C                          
0000ea58  ti_sysbios_knl_Swi_Module__loggerObj__C                           
0000ea5c  ti_sysbios_knl_Swi_Object__count__C                               
0000ea60  ti_sysbios_knl_Task_A_badPriority__C                              
0000ea64  ti_sysbios_knl_Task_A_badTaskState__C                             
0000ea68  ti_sysbios_knl_Task_A_badThreadType__C                            
0000ea6c  ti_sysbios_knl_Task_A_badTimeout__C                               
0000ea70  ti_sysbios_knl_Task_A_noPendElem__C                               
0000ea74  ti_sysbios_knl_Task_A_sleepTaskDisabled__C                        
0000ea78  ti_sysbios_knl_Task_E_spOutOfBounds__C                            
0000ea7c  ti_sysbios_knl_Task_E_stackOverflow__C                            
0000ea80  ti_sysbios_knl_Task_LD_block__C                                   
0000ea84  ti_sysbios_knl_Task_LD_exit__C                                    
0000ea88  ti_sysbios_knl_Task_LD_ready__C                                   
0000ea8c  ti_sysbios_knl_Task_LM_sleep__C                                   
0000ea90  ti_sysbios_knl_Task_LM_switch__C                                  
0000ea94  ti_sysbios_knl_Task_Module_State_inactiveQ__O                     
0000ea98  ti_sysbios_knl_Task_Module__diagsEnabled__C                       
0000ea9c  ti_sysbios_knl_Task_Module__diagsIncluded__C                      
0000eaa0  ti_sysbios_knl_Task_Module__diagsMask__C                          
0000eaa4  ti_sysbios_knl_Task_Module__loggerFxn2__C                         
0000eaa8  ti_sysbios_knl_Task_Module__loggerFxn4__C                         
0000eaac  ti_sysbios_knl_Task_Module__loggerObj__C                          
0000eab0  ti_sysbios_knl_Task_Object__count__C                              
0000eab4  ti_sysbios_knl_Task_allBlockedFunc__C                             
0000eab8  ti_sysbios_knl_Task_defaultStackHeap__C                           
0000eabc  ti_sysbios_knl_Task_defaultStackSize__C                           
0000eac0  ti_sysbios_knl_Task_numConstructedTasks__C                        
0000eac8  xdc_runtime_Assert_E_assertFailed__C                              
0000eacc  xdc_runtime_Core_A_initializedParams__C                           
0000ead0  xdc_runtime_Core_Module__diagsEnabled__C                          
0000ead4  xdc_runtime_Core_Module__diagsIncluded__C                         
0000ead8  xdc_runtime_Core_Module__diagsMask__C                             
0000eadc  xdc_runtime_Error_E_memory__C                                     
0000eae0  xdc_runtime_Error_Module__diagsEnabled__C                         
0000eae4  xdc_runtime_Error_Module__diagsIncluded__C                        
0000eae8  xdc_runtime_Error_Module__diagsMask__C                            
0000eaec  xdc_runtime_Error_Module__loggerFxn8__C                           
0000eaf0  xdc_runtime_Error_Module__loggerObj__C                            
0000eaf4  xdc_runtime_Error_policyFxn__C                                    
0000eaf8  xdc_runtime_Error_raiseHook__C                                    
0000eafc  xdc_runtime_IGateProvider_Interface__BASE__C                      
0000eb00  xdc_runtime_IHeap_Interface__BASE__C                              
0000eb04  xdc_runtime_IModule_Interface__BASE__C                            
0000eb08  xdc_runtime_Log_L_error__C                                        
0000eb0c  xdc_runtime_Log_L_warning__C                                      
0000eb10  xdc_runtime_LoggerBuf_Object__count__C                            
0000eb14  xdc_runtime_LoggerCallback_Object__count__C                       
0000eb18  xdc_runtime_LoggerCallback_createInstFxn__C                       
0000eb1c  xdc_runtime_Main_Module__diagsEnabled__C                          
0000eb20  xdc_runtime_Main_Module__diagsIncluded__C                         
0000eb24  xdc_runtime_Main_Module__diagsMask__C                             
0000eb28  xdc_runtime_Main_Module__loggerFxn2__C                            
0000eb2c  xdc_runtime_Main_Module__loggerFxn4__C                            
0000eb30  xdc_runtime_Main_Module__loggerObj__C                             
0000eb34  xdc_runtime_Memory_defaultHeapInstance__C                         
0000eb38  xdc_runtime_Startup_execImpl__C                                   
0000eb3c  xdc_runtime_Startup_lastFxns__A                                   
0000eb40  xdc_runtime_Startup_maxPasses__C                                  
0000eb44  xdc_runtime_Startup_sfxnRts__C                                    
0000eb48  xdc_runtime_Startup_sfxnTab__C                                    
0000eb4c  xdc_runtime_SysMin_bufSize__C                                     
0000eb50  xdc_runtime_SysMin_outputFunc__C                                  
0000eb54  xdc_runtime_System_Module__gateObj__C                             
0000eb58  xdc_runtime_System_abortFxn__C                                    
0000eb5c  xdc_runtime_System_exitFxn__C                                     
0000eb60  xdc_runtime_System_extendFxn__C                                   
0000eb64  xdc_runtime_System_maxAtexitHandlers__C                           
0000eb68  xdc_runtime_Text_charTab__C                                       
0000eb6c  xdc_runtime_Text_nameEmpty__C                                     
0000eb70  xdc_runtime_Text_nameStatic__C                                    
0000eb74  xdc_runtime_Text_nameUnknown__C                                   
0000eb78  xdc_runtime_Text_nodeTab__C                                       
0000eb7c  xdc_runtime_Text_visitRopeFxn__C                                  
0000eb80  ti_sysbios_hal_Hwi_Module__id__C                                  
0000eb82  ti_sysbios_heaps_HeapMem_Module__id__C                            
0000eb84  ti_sysbios_knl_Clock_Module__id__C                                
0000eb86  ti_sysbios_knl_Clock_Module__loggerDefined__C                     
0000eb88  ti_sysbios_knl_Mailbox_Module__id__C                              
0000eb8a  ti_sysbios_knl_Semaphore_Module__id__C                            
0000eb8c  ti_sysbios_knl_Semaphore_Module__loggerDefined__C                 
0000eb8e  ti_sysbios_knl_Swi_Module__id__C                                  
0000eb90  ti_sysbios_knl_Swi_Module__loggerDefined__C                       
0000eb92  ti_sysbios_knl_Task_Module__id__C                                 
0000eb94  ti_sysbios_knl_Task_Module__loggerDefined__C                      
0000eb96  xdc_runtime_Core_Module__id__C                                    
0000eb98  xdc_runtime_Error_Module__loggerDefined__C                        
0000eb9a  xdc_runtime_Error_maxDepth__C                                     
0000eb9c  xdc_runtime_Main_Module__id__C                                    
0000eb9e  xdc_runtime_Main_Module__loggerDefined__C                         
0000eba0  xdc_runtime_Memory_Module__id__C                                  
0000eba2  xdc_runtime_SysMin_flushAtExit__C                                 
0000eba4  xdc_runtime_Text_charCnt__C                                       
0000eba6  xdc_runtime_Text_isLoaded__C                                      
0000eba8  xdc_runtime_Text_registryModsLastId__C                            
0000ebaa  xdc_runtime_Text_unnamedModsLastId__C                             
0000ebac  xdc_runtime_Error_policy__C                                       
0000ebb0  __TI_static_base__                                                
0000edd4  __TI_Handler_Table_Base                                           
0000ede0  __TI_Handler_Table_Limit                                          
0000edf0  __TI_CINIT_Base                                                   
0000ee08  __TI_CINIT_Limit                                                  
20000000  ti_sysbios_family_arm_m3_Hwi_ramVectors                           
20000360  ti_sysbios_heaps_HeapMem_Instance_State_0_buf__A                  
20003750  xdc_runtime_SysMin_Module_State_0_outbuf__A                       
20003f38  ti_sysbios_family_arm_m3_Hwi_dispatchTable                        
20004298  ti_sysbios_knl_Task_Instance_State_0_stack__A                     
20004498  __CIOBUF_                                                         
200045b8  uartTivaobjects                                                   
20004684  i2cTivaobjects                                                    
200047d4  uartTivaRingBuffer                                                
200047fc  parmbuf                                                           
2000480c  PORT_u32ProcessorFrequency                                        
20004810  ti_sysbios_family_arm_lm4_Timer_Object__table__V                  
20004890  ti_sysbios_knl_Swi_Module_State_0_readyQ__A                       
20004910  ti_sysbios_knl_Task_Module_State_0_readyQ__A                      
20004990  ti_sysbios_knl_Task_Object__table__V                              
20004a28  ti_sysbios_knl_Task_Module__state__V                              
20004a6c  ti_sysbios_gates_GateMutex_Object__table__V                       
20004aa4  ti_sysbios_family_arm_m3_Hwi_Module__state__V                     
20004ad8  ti_sysbios_family_arm_lm4_Timer_Module_State_0_device__A          
20004b08  ti_sysbios_family_arm_m3_Hwi_Object__table__V                     
20004b38  ti_sysbios_knl_Swi_Object__table__V                               
20004b68  ti_sysbios_knl_Clock_Module__state__V                             
20004bbc  ti_sysbios_BIOS_Module__state__V                                  
20004be0  xdc_runtime_System_Module_State_0_atexitHandlers__A               
20004c00  ti_sysbios_knl_Swi_Module__state__V                               
20004c1c  ti_sysbios_family_arm_lm4_Timer_Module_State_0_handles__A         
20004c34  ti_sysbios_heaps_HeapMem_Object__table__V                         
20004c4c  ti_sysbios_family_arm_lm4_Timer_Module__state__V                  
20004c58  xdc_runtime_SysMin_Module__state__V                               
20004c64  _lock                                                             
20004c68  _unlock                                                           
20004c74  ti_sysbios_family_arm_lm4_TimestampProvider_Module__state__V      
20004c7c  ti_sysbios_family_arm_m3_Hwi_Module__root__V                      
20004c84  ti_sysbios_gates_GateHwi_Module__root__V                          
20004c8c  ti_sysbios_gates_GateMutex_Module__root__V                        
20004c94  ti_sysbios_heaps_HeapMem_Module__root__V                          
20004c9c  ti_sysbios_knl_Clock_Module__root__V                              
20004ca4  ti_sysbios_knl_Mailbox_Module__root__V                            
20004cac  ti_sysbios_knl_Queue_Module__root__V                              
20004cb4  ti_sysbios_knl_Semaphore_Module__root__V                          
20004cbc  ti_sysbios_knl_Task_Module__root__V                               
20004cc4  xdc_runtime_Registry_Module__state__V                             
20004ccc  xdc_runtime_Startup_Module__state__V                              
20004cd4  xdc_runtime_System_Module__state__V                               
20004ce2  ti_sysbios_family_arm_m3_Hwi_Module_State_0_excActive__A          
20004cec  errno                                                             
20004cf0  main_func_sp                                                      
20004cf4  ti_sysbios_family_arm_m3_Hwi_Module_State_0_excContext__A         
20004cf8  ti_sysbios_family_arm_m3_Hwi_Module_State_0_excStack__A           
20004cfc  ti_sysbios_gates_GateHwi_Object__table__V                         
20004d00  ti_sysbios_knl_Task_Module_State_0_idleTask__A                    
20004d04  xdc_runtime_Memory_Module__state__V                               
20004d08  xdc_runtime_Error_Module__state__V                                
20004d10  __stack                                                           
20004f10  __STACK_TOP                                                       
20005110  __STACK_END                                                       
e000e000  ti_sysbios_family_arm_m3_Hwi_nvic                                 
ffffffff  __TI_pprof_out_hndl                                               
ffffffff  __TI_prof_data_size                                               
ffffffff  __TI_prof_data_start                                              
ffffffff  __binit__                                                         
ffffffff  __c_args__                                                        
ffffffff  binit                                                             
UNDEFED   SHT$$INIT_ARRAY$$Base                                             
UNDEFED   SHT$$INIT_ARRAY$$Limit                                            

[802 symbols]
