******************************************************************************
                  TI ARM Linker PC v18.12.5                    
******************************************************************************
>> Linked Sat Dec 18 12:57:06 2021

OUTPUT FILE NAME:   <MultiFunctionBoard.out>
ENTRY POINT SYMBOL: "_c_int00"  address: 00007d9d


MEMORY CONFIGURATION

         name            origin    length      used     unused   attr    fill
----------------------  --------  ---------  --------  --------  ----  --------
  FLASH                 00000000   00040000  0000bd00  00034300  R  X
  SRAM                  20000000   00008000  00004b13  000034ed  RW X


SEGMENT ALLOCATION MAP

run origin  load origin   length   init length attrs members
----------  ----------- ---------- ----------- ----- -------
00000000    00000000    0000bd10   0000bd10    r-x
  00000000    00000000    0000003c   0000003c    r-- .resetVecs
  00000040    00000040    000097f2   000097f2    r-x .text
  00009838    00009838    000022ba   000022ba    r-- .const
  0000baf8    0000baf8    00000218   00000218    r-- .cinit
20000000    20000000    00004b18   00000000    rw-
  20000000    20000000    00000360   00000000    rw- .vecs
  20000360    20000360    00003f3c   00000000    rw- .bss
  2000429c    2000429c    00000477   00000000    rw- .data
  20004718    20004718    00000400   00000000    rw- .stack


SECTION ALLOCATION MAP

 output                                  attributes/
section   page    origin      length       input sections
--------  ----  ----------  ----------   ----------------
.resetVecs 
*          0    00000000    0000003c     
                  00000000    0000003c     MultiFunctionBoard_pem4f.oem4f (.resetVecs)

.text      0    00000040    000097f2     
                  00000040    000012b8     I2CTiva.obj (.text)
                  000012f8    000009c0     rtsv7M4_T_le_v4SPD16_eabi.lib : e_pow.c.obj (.text:pow)
                  00001cb8    000005b0     MPU_CORE.obj (.text)
                  00002268    00000430     sysbios.aem4f : BIOS.obj (.text:ti_sysbios_family_arm_m3_Hwi_excDumpRegs__I)
                  00002698    00000414     MPU_OS.obj (.text)
                  00002aac    000003fc     Verbose.obj (.text)
                  00002ea8    0000034c     ti.targets.arm.rtsarm.aem4f : System.oem4f (.text:xdc_runtime_System_doPrint__I)
                  000031f4    00000004     driverlib.lib : i2c.obj (.text:I2CMasterControl)
                  000031f8    0000031c     sysbios.aem4f : BIOS.obj (.text:ti_sysbios_knl_Semaphore_pend__E)
                  00003514    00000004     driverlib.lib : i2c.obj (.text:I2CMasterDataGet)
                  00003518    0000026c     sysbios.aem4f : BIOS.obj (.text:ti_sysbios_heaps_HeapMem_free__E)
                  00003784    00000004     driverlib.lib : i2c.obj (.text:I2CMasterDataPut)
                  00003788    00000250     sysbios.aem4f : BIOS.obj (.text:ti_sysbios_heaps_HeapMem_alloc__E)
                  000039d8    00000234                   : BIOS.obj (.text:ti_sysbios_knl_Task_Instance_finalize__E)
                  00003c0c    00000210     UTILITY.obj (.text)
                  00003e1c    00000004     rtsv7M4_T_le_v4SPD16_eabi.lib : exit.c.obj (.text:abort:abort)
                  00003e20    00000208     sysbios.aem4f : BIOS.obj (.text:ti_sysbios_knl_Task_sleep__E)
                  00004028    000001f4                   : BIOS.obj (.text:ti_sysbios_family_arm_m3_Hwi_excHandlerMax__I)
                  0000421c    00000004     MultiFunctionBoard_pem4f.oem4f (.text:ti_sysbios_BIOS_RtsGateProxy_enter__E)
                  00004220    000001c0     sysbios.aem4f : BIOS.obj (.text:ti_sysbios_knl_Task_Instance_init__E)
                  000043e0    000001b6     rtsv7M4_T_le_v4SPD16_eabi.lib : fd_add_t2.asm.obj (.text)
                  00004596    00000002                                   : _lock.c.obj (.text:_nop)
                  00004598    00000174     sysbios.aem4f : BIOS.obj (.text:ti_sysbios_family_arm_m3_Hwi_excBusFault__I)
                  0000470c    00000004     MultiFunctionBoard_pem4f.oem4f (.text:ti_sysbios_BIOS_RtsGateProxy_leave__E)
                  00004710    00000168     sysbios.aem4f : BIOS.obj (.text:ti_sysbios_family_arm_lm4_Timer_start__E)
                  00004878    00000164                   : BIOS.obj (.text:ti_sysbios_family_arm_m3_Hwi_excUsageFault__I)
                  000049dc    00000004                   : BIOS.obj (.text:ti_sysbios_family_arm_lm4_Timer_masterEnable__I)
                  000049e0    00000160                   : BIOS.obj (.text:ti_sysbios_knl_Mailbox_Instance_init__E)
                  00004b40    00000158     rtsv7M4_T_le_v4SPD16_eabi.lib : e_sqrt.c.obj (.text:sqrt)
                  00004c98    00000148     sysbios.aem4f : BIOS.obj (.text:ti_sysbios_family_arm_m3_Hwi_excMemFault__I)
                  00004de0    00000144                   : BIOS.obj (.text:ti_sysbios_family_arm_m3_Hwi_dispatchC__I)
                  00004f24    00000004     MultiFunctionBoard_pem4f.oem4f (.text:ti_sysbios_family_arm_m3_Hwi_destruct)
                  00004f28    00000140     sysbios.aem4f : BIOS.obj (.text:ti_sysbios_knl_Semaphore_post__E)
                  00005068    0000013c                   : BIOS.obj (.text:ti_sysbios_heaps_HeapMem_Instance_init__E)
                  000051a4    00000004     MultiFunctionBoard_pem4f.oem4f (.text:ti_sysbios_family_arm_m3_TaskSupport_Module__startupDone__S)
                  000051a8    0000013c     sysbios.aem4f : BIOS.obj (.text:ti_sysbios_knl_Clock_workFunc__E)
                  000052e4    00000136     rtsv7M4_T_le_v4SPD16_eabi.lib : fd_div_t2.asm.obj (.text)
                  0000541a    00000130     driverlib.lib : gpio.obj (.text:GPIOPadConfigSet)
                  0000554a    00000002     rtsv7M4_T_le_v4SPD16_eabi.lib : div0.asm.obj (.text)
                  0000554c    00000124     PORT_CORE.obj (.text)
                  00005670    0000011c     sysbios.aem4f : BIOS.obj (.text:ti_sysbios_knl_Swi_run__I)
                  0000578c    00000114     ti.targets.arm.rtsarm.aem4f : Error.oem4f (.text:xdc_runtime_Error_policyDefault__E)
                  000058a0    00000110     rtsv7M4_T_le_v4SPD16_eabi.lib : s_scalbn.c.obj (.text:scalbn)
                  000059b0    00000100     DEM_OS.obj (.text)
                  00005ab0    00000100     Boot.aem4f : Boot_sysctl.oem4f (.text:ti_catalog_arm_cortexm4_tiva_ce_Boot_sysCtlClockSetI__I)
                  00005bb0    00000100     ti.targets.arm.rtsarm.aem4f : Core-mem.oem4f (.text:xdc_runtime_Core_createObject__I)
                  00005cb0    000000fe     OS.obj (.text)
                  00005dae    000000fc     rtsv7M4_T_le_v4SPD16_eabi.lib : fd_mul_t2.asm.obj (.text)
                  00005eaa    00000002     MultiFunctionBoard_pem4f.oem4f (.text:ti_sysbios_BIOS_nullFunc__I)
                  00005eac    000000f8     ti.targets.arm.rtsarm.aem4f : Startup.oem4f (.text:xdc_runtime_Startup_startMods__I)
                  00005fa4    000000f8     MultiFunctionBoard_pem4f.oem4f (.text:xdc_runtime_System_printfExtend__I)
                  0000609c    000000f4     sysbios.aem4f : m3_Hwi_asm.obj (.text:ti_sysbios_family_arm_m3_Hwi_dispatch__I)
                  00006190    000000ec     DEM_CORE.obj (.text)
                  0000627c    000000e8     I2C.obj (.text)
                  00006364    00000004     MultiFunctionBoard_pem4f.oem4f (.text:ti_sysbios_heaps_HeapMem_Module_GateProxy_enter__E)
                  00006368    000000cc     sysbios.aem4f : BIOS.obj (.text:ti_sysbios_knl_Task_schedule__I)
                  00006434    000000cc     ti.targets.arm.rtsarm.aem4f : Core-smem.oem4f (.text:xdc_runtime_Core_constructObject__I)
                  00006500    000000bc     sysbios.aem4f : BIOS.obj (.text:ti_sysbios_family_arm_m3_Hwi_excDebugMon__I)
                  000065bc    00000004     MultiFunctionBoard_pem4f.oem4f (.text:ti_sysbios_heaps_HeapMem_Module_GateProxy_leave__E)
                  000065c0    000000bc     sysbios.aem4f : BIOS.obj (.text:ti_sysbios_family_arm_m3_Hwi_excHardFault__I)
                  0000667c    00000004     MultiFunctionBoard_pem4f.oem4f (.text:ti_sysbios_knl_Clock_TimerProxy_getMaxTicks__E)
                  00006680    000000bc     sysbios.aem4f : BIOS.obj (.text:ti_sysbios_knl_Task_startCore__E)
                  0000673c    00000004     MultiFunctionBoard_pem4f.oem4f (.text:ti_sysbios_knl_Queue_destruct)
                  00006740    000000b4     sysbios.aem4f : BIOS.obj (.text:ti_sysbios_gates_GateMutex_enter__E)
                  000067f4    00000004     MultiFunctionBoard_pem4f.oem4f (.text:ti_sysbios_knl_Semaphore_destruct)
                  000067f8    000000b4     sysbios.aem4f : BIOS.obj (.text:ti_sysbios_knl_Task_checkStacks__E)
                  000068ac    00000004     ti.targets.arm.rtsarm.aem4f : Error.oem4f (.text:xdc_runtime_Error_getSite__E)
                  000068b0    000000ac     sysbios.aem4f : BIOS.obj (.text:ti_sysbios_family_arm_lm4_Timer_enableTiva__I)
                  0000695c    00000004     ti.targets.arm.rtsarm.aem4f : LoggerCallback.oem4f (.text:xdc_runtime_LoggerCallback_defaultCreate)
                  00006960    000000ac     sysbios.aem4f : BIOS.obj (.text:ti_sysbios_knl_Swi_post__E)
                  00006a0c    00000004     MultiFunctionBoard_pem4f.oem4f (.text:xdc_runtime_System_Module_GateProxy_enter__E)
                  00006a10    000000a8     sysbios.aem4f : BIOS.obj (.text:ti_sysbios_family_arm_lm4_Timer_enableTimers__I)
                  00006ab8    000000a8                   : BIOS.obj (.text:ti_sysbios_knl_Task_blockI__E)
                  00006b60    000000a8                   : BIOS.obj (.text:ti_sysbios_knl_Task_postInit__I)
                  00006c08    000000a0     auto_init.aem4f : auto_init.oem4f (.text)
                  00006ca8    0000009c     rtsv7M4_T_le_v4SPD16_eabi.lib : memcpy_t2.asm.obj (.text)
                  00006d44    00000004     MultiFunctionBoard_pem4f.oem4f (.text:xdc_runtime_System_Module_GateProxy_leave__E)
                  00006d48    0000009c     sysbios.aem4f : BIOS.obj (.text:ti_sysbios_knl_Semaphore_Instance_init__E)
                  00006de4    0000009a     ti.targets.arm.rtsarm.aem4f : Text.oem4f (.text:xdc_runtime_Text_putSite__E)
                  00006e7e    00000002     MultiFunctionBoard_pem4f.oem4f (.text:xdc_runtime_Startup_reset__I)
                  00006e80    00000098     Boot.aem4f : Boot.oem4f (.text:ti_catalog_arm_cortexm4_tiva_ce_Boot_sysCtlClockSet__E)
                  00006f18    00000098     sysbios.aem4f : BIOS.obj (.text:ti_sysbios_knl_Mailbox_post__E)
                  00006fb0    00000098     ti.targets.arm.rtsarm.aem4f : Text.oem4f (.text:xdc_runtime_Text_putMod__E)
                  00007048    00000094     sysbios.aem4f : BIOS.obj (.text:ti_sysbios_family_arm_m3_Hwi_Instance_init__E)
                  000070dc    00000004     ti.targets.arm.rtsarm.aem4f : System.oem4f (.text:xdc_runtime_System_aprintf_va__F)
                  000070e0    00000094     sysbios.aem4f : BIOS.obj (.text:ti_sysbios_family_arm_m3_Hwi_initNVIC__E)
                  00007174    00000004     ti.targets.arm.rtsarm.aem4f : System.oem4f (.text:xdc_runtime_System_printf_va__F)
                  00007178    00000094     sysbios.aem4f : BIOS.obj (.text:ti_sysbios_knl_Task_exit__E)
                  0000720c    00000004     --HOLE-- [fill = 0]
                  00007210    00000090                   : BIOS.obj (.text:ti_sysbios_knl_Task_unblockI__E)
                  000072a0    0000008c     TOUCH_OS.obj (.text)
                  0000732c    0000008c     sysbios.aem4f : m3_TaskSupport_asm.obj (.text:ti_sysbios_family_arm_m3_TaskSupport_buildTaskStack)
                  000073b8    00000088                   : BIOS.obj (.text:ti_sysbios_knl_Mailbox_Module_startup__E)
                  00007440    00000088                   : BIOS.obj (.text:ti_sysbios_knl_Mailbox_pend__E)
                  000074c8    00000086     rtsv7M4_T_le_v4SPD16_eabi.lib : fd_cmp_t2.asm.obj (.text:__aeabi_cdcmple)
                  0000754e    00000086                                   : fd_cmp_t2.asm.obj (.text:__aeabi_cdrcmple)
                  000075d4    00000004     --HOLE-- [fill = 0]
                  000075d8    00000084     sysbios.aem4f : BIOS.obj (.text:ti_sysbios_family_arm_m3_Hwi_postInit__I)
                  0000765c    0000007a     rtsv7M4_T_le_v4SPD16_eabi.lib : memset_t2.asm.obj (.text)
                  000076d6    00000002     --HOLE-- [fill = 0]
                  000076d8    00000070     sysbios.aem4f : BIOS.obj (.text:ti_sysbios_knl_Mailbox_Instance_finalize__E)
                  00007748    0000006e     rtsv7M4_T_le_v4SPD16_eabi.lib : fd_tos_t2.asm.obj (.text)
                  000077b6    00000002     --HOLE-- [fill = 0]
                  000077b8    0000006d     ti.targets.arm.rtsarm.aem4f : System.oem4f (.text:xdc_runtime_System_formatNum__I)
                  00007825    00000003     --HOLE-- [fill = 0]
                  00007828    0000006c     sysbios.aem4f : BIOS.obj (.text:ti_sysbios_knl_Swi_restoreHwi__E)
                  00007894    0000006c     ti.targets.arm.rtsarm.aem4f : Error.oem4f (.text:xdc_runtime_Error_print__E)
                  00007900    0000006c                                 : Memory.oem4f (.text:xdc_runtime_Memory_alloc__E)
                  0000796c    00000068     rtsv7M4_T_le_v4SPD16_eabi.lib : copy_decompress_lzss.c.obj (.text:decompress:lzss:__TI_decompress_lzss)
                  000079d4    00000066     ti.targets.arm.rtsarm.aem4f : Core-mem.oem4f (.text:xdc_runtime_Core_deleteObject__I)
                  00007a3a    00000006     driverlib.lib : gpio.obj (.text:GPIOPinRead)
                  00007a40    00000064     sysbios.aem4f : BIOS.obj (.text:ti_sysbios_family_arm_lm4_Timer_Module_startup__E)
                  00007aa4    00000064     MultiFunctionBoard_pem4f.oem4f (.text:ti_sysbios_knl_Mailbox_create)
                  00007b08    00000060     sysbios.aem4f : BIOS.obj (.text:ti_sysbios_family_arm_lm4_Timer_isrStub__E)
                  00007b68    00000060                   : BIOS.obj (.text:ti_sysbios_knl_Clock_logTick__E)
                  00007bc8    0000005e     TOUCH_CORE.obj (.text)
                  00007c26    00000002     --HOLE-- [fill = 0]
                  00007c28    0000005c     sysbios.aem4f : BIOS.obj (.text:ti_sysbios_knl_Swi_schedule__I)
                  00007c84    00000004     --HOLE-- [fill = 0]
                  00007c88    0000005c                   : BIOS.obj (.text:ti_sysbios_knl_Task_Module_startup__E)
                  00007ce4    0000005c     MultiFunctionBoard_pem4f.oem4f (.text:ti_sysbios_knl_Task_create)
                  00007d40    0000005b     ti.targets.arm.rtsarm.aem4f : Text.oem4f (.text:xdc_runtime_Text_putLab__E)
                  00007d9b    00000001     --HOLE-- [fill = 0]
                  00007d9c    00000058     boot.aem4f : boot.oem4f (.text)
                  00007df4    00000058     rtsv7M4_T_le_v4SPD16_eabi.lib : hostwrite.c.obj (.text:HOSTwrite)
                  00007e4c    00000058     MultiFunctionBoard_pem4f.oem4f (.text:ti_sysbios_family_arm_m3_Hwi_construct)
                  00007ea4    00000058     sysbios.aem4f : m3_Hwi_asm_switch.obj (.text:ti_sysbios_family_arm_m3_Hwi_initStacks__E)
                  00007efc    00000054     ti.targets.arm.rtsarm.aem4f : Assert.oem4f (.text:xdc_runtime_Assert_raise__I)
                  00007f50    00000050     sysbios.aem4f : BIOS.obj (.text:ti_sysbios_family_arm_m3_Hwi_Module_startup__E)
                  00007fa0    00000050     ti.targets.arm.rtsarm.aem4f : Startup.oem4f (.text:xdc_runtime_Startup_exec__E)
                  00007ff0    00000050                                 : Text.oem4f (.text:xdc_runtime_Text_visitRope2__I)
                  00008040    0000004c     rtsv7M4_T_le_v4SPD16_eabi.lib : cpy_tbl.c.obj (.text:copy_in)
                  0000808c    00000004     --HOLE-- [fill = 0]
                  00008090    0000004c     sysbios.aem4f : BIOS.obj (.text:ti_sysbios_heaps_HeapMem_getStats__E)
                  000080dc    00000004     --HOLE-- [fill = 0]
                  000080e0    0000004c                   : BIOS.obj (.text:ti_sysbios_knl_Swi_runLoop__I)
                  0000812c    00000004     --HOLE-- [fill = 0]
                  00008130    0000004c                   : BIOS.obj (.text:ti_sysbios_knl_Task_allBlockedFunction__I)
                  0000817c    00000004     --HOLE-- [fill = 0]
                  00008180    0000004c                   : BIOS.obj (.text:ti_sysbios_knl_Task_stat__E)
                  000081cc    00000048     driverlib.lib : gpio.obj (.text:GPIOPinConfigure)
                  00008214    00000048                   : i2c.obj (.text:I2CMasterInitExpClk)
                  0000825c    00000004     --HOLE-- [fill = 0]
                  00008260    00000048     sysbios.aem4f : BIOS.obj (.text:ti_sysbios_family_arm_m3_Hwi_disableInterrupt__E)
                  000082a8    00000048                   : BIOS.obj (.text:ti_sysbios_family_arm_m3_Hwi_enableInterrupt__E)
                  000082f0    00000048                   : BIOS.obj (.text:ti_sysbios_family_arm_m3_Hwi_excReserved__I)
                  00008338    00000046     ti.targets.arm.rtsarm.aem4f : Core-params.oem4f (.text:xdc_runtime_Core_assignParams__I)
                  0000837e    00000002     --HOLE-- [fill = 0]
                  00008380    00000044     sysbios.aem4f : BIOS.obj (.text:ti_sysbios_family_arm_lm4_Timer_stop__E)
                  000083c4    00000004     --HOLE-- [fill = 0]
                  000083c8    00000044                   : BIOS.obj (.text:ti_sysbios_family_arm_m3_Hwi_getStackInfo__E)
                  0000840c    00000004     --HOLE-- [fill = 0]
                  00008410    00000044                   : BIOS.obj (.text:ti_sysbios_knl_Mailbox_postInit__I)
                  00008454    00000044     ti.targets.arm.rtsarm.aem4f : Error.oem4f (.text:xdc_runtime_Error_setX__E)
                  00008498    00000044                                 : SysMin.oem4f (.text:xdc_runtime_SysMin_flush__E)
                  000084dc    00000044                                 : Text.oem4f (.text:xdc_runtime_Text_xprintf__I)
                  00008520    00000042     driverlib.lib : uart.obj (.text:UARTConfigSetExpClk)
                  00008562    00000040     rtsv7M4_T_le_v4SPD16_eabi.lib : u_divt2.asm.obj (.text)
                  000085a2    00000006     driverlib.lib : i2c.obj (.text:I2CMasterIntDisable)
                  000085a8    00000040     sysbios.aem4f : BIOS.obj (.text:ti_sysbios_family_arm_lm4_Timer_startup__E)
                  000085e8    00000040     ti.targets.arm.rtsarm.aem4f : LoggerCallback.oem4f (.text:xdc_runtime_LoggerCallback_Module_startup__E)
                  00008628    0000003c     sysbios.aem4f : BIOS.obj (.text:ti_sysbios_family_arm_m3_Hwi_excSvCall__I)
                  00008664    00000004     --HOLE-- [fill = 0]
                  00008668    0000003c                   : BIOS.obj (.text:ti_sysbios_heaps_HeapMem_init__I)
                  000086a4    00000004     --HOLE-- [fill = 0]
                  000086a8    0000003c                   : BIOS.obj (.text:ti_sysbios_knl_Swi_restore__E)
                  000086e4    00000038     driverlib.lib : sysctl.obj (.text:SysCtlPeripheralPresent)
                  0000871c    00000038     rtsv7M4_T_le_v4SPD16_eabi.lib : trgmsg.c.obj (.text:__TI_writemsg)
                  00008754    00000038                                   : fs_tod_t2.asm.obj (.text)
                  0000878c    00000004     --HOLE-- [fill = 0]
                  00008790    00000038     sysbios.aem4f : BIOS.obj (.text:ti_sysbios_family_arm_m3_Hwi_excNoIsr__I)
                  000087c8    00000038                   : BIOS.obj (.text:ti_sysbios_knl_Task_processVitalTaskFlag__I)
                  00008800    00000038     ti.targets.arm.rtsarm.aem4f : SysMin.oem4f (.text:xdc_runtime_SysMin_putch__E)
                  00008838    00000038                                 : System.oem4f (.text:xdc_runtime_System_atexit__E)
                  00008870    00000034     driverlib.lib : sysctl.obj (.text:SysCtlPeripheralEnable)
                  000088a4    00000034     rtsv7M4_T_le_v4SPD16_eabi.lib : trgmsg.c.obj (.text:__TI_readmsg)
                  000088d8    00000034     sysbios.aem4f : BIOS.obj (.text:ti_sysbios_family_arm_m3_Hwi_Instance_finalize__E)
                  0000890c    00000004     --HOLE-- [fill = 0]
                  00008910    00000034                   : BIOS.obj (.text:ti_sysbios_family_arm_m3_Hwi_excNmi__I)
                  00008944    00000004     --HOLE-- [fill = 0]
                  00008948    00000034                   : BIOS.obj (.text:ti_sysbios_hal_Hwi_checkStack)
                  0000897c    00000034     ti.targets.arm.rtsarm.aem4f : Core-label.oem4f (.text:xdc_runtime_Core_assignLabel__I)
                  000089b0    00000033                                 : Text.oem4f (.text:xdc_runtime_Text_printVisFxn__I)
                  000089e3    00000005     --HOLE-- [fill = 0]
                  000089e8    00000032     sysbios.aem4f : BIOS.obj (.text:ti_sysbios_hal_Hwi_initStack)
                  00008a1a    00000006     driverlib.lib : i2c.obj (.text:I2CMasterIntEnable)
                  00008a20    00000032     sysbios.aem4f : BIOS.obj (.text:ti_sysbios_knl_Semaphore_pendTimeout__I)
                  00008a52    00000002     --HOLE-- [fill = 0]
                  00008a54    00000030     MultiFunctionBoard_pem4f.oem4f (.text:ti_sysbios_BIOS_atExitFunc__I)
                  00008a84    00000004     --HOLE-- [fill = 0]
                  00008a88    00000030     sysbios.aem4f : BIOS.obj (.text:ti_sysbios_family_arm_m3_TaskSupport_start__E)
                  00008ab8    00000030     MultiFunctionBoard_pem4f.oem4f (.text:ti_sysbios_gates_GateHwi_Object__create__S)
                  00008ae8    00000030     MultiFunctionBoard_pem4f.oem4f (.text:ti_sysbios_gates_GateMutex_Object__create__S)
                  00008b18    00000030     MultiFunctionBoard_pem4f.oem4f (.text:ti_sysbios_heaps_HeapMem_Object__create__S)
                  00008b48    00000030     MultiFunctionBoard_pem4f.oem4f (.text:ti_sysbios_knl_Semaphore_construct)
                  00008b78    00000030     ti.targets.arm.rtsarm.aem4f : SysMin.oem4f (.text:xdc_runtime_SysMin_abort__E)
                  00008ba8    00000030                                 : System.oem4f (.text:xdc_runtime_System_processAtExit__E)
                  00008bd8    0000002e     rtsv7M4_T_le_v4SPD16_eabi.lib : i_tofd_t2.asm.obj (.text)
                  00008c06    0000002c     IOHWAB_DIGITAL.obj (.text)
                  00008c32    00000002     --HOLE-- [fill = 0]
                  00008c34    0000002c     MultiFunctionBoard_pem4f.oem4f (.text:ti_sysbios_knl_Clock_doTick__I)
                  00008c60    0000002c     MultiFunctionBoard_pem4f.oem4f (.text:ti_sysbios_knl_Queue_construct)
                  00008c8c    00000004     --HOLE-- [fill = 0]
                  00008c90    0000002c     sysbios.aem4f : BIOS.obj (.text:ti_sysbios_knl_Task_restore__E)
                  00008cbc    0000002c     ti.targets.arm.rtsarm.aem4f : Text.oem4f (.text:xdc_runtime_Text_cordText__E)
                  00008ce8    0000002a     driverlib.lib : gpio.obj (.text:GPIODirModeSet)
                  00008d12    0000002a     ti.targets.arm.rtsarm.aem4f : System.oem4f (.text:xdc_runtime_System_putchar__I)
                  00008d3c    00000004     --HOLE-- [fill = 0]
                  00008d40    00000028     sysbios.aem4f : BIOS.obj (.text:ti_sysbios_knl_Swi_Module_startup__E)
                  00008d68    00000028     ti.targets.arm.rtsarm.aem4f : LoggerBuf.oem4f (.text:xdc_runtime_LoggerBuf_Module_startup__E)
                  00008d90    00000026     sysbios.aem4f : m3_Hwi_asm.obj (.text:ti_sysbios_family_arm_m3_Hwi_pendSV__I)
                  00008db6    00000026     ti.targets.arm.rtsarm.aem4f : System.oem4f (.text:xdc_runtime_System_avprintf__E)
                  00008ddc    00000024     MultiFunctionBoard_pem4f.oem4f (.text:ti_sysbios_BIOS_errorRaiseHook__I)
                  00008e00    00000024     MultiFunctionBoard_pem4f.oem4f (.text:ti_sysbios_BIOS_registerRTSLock__I)
                  00008e24    00000024     MultiFunctionBoard_pem4f.oem4f (.text:ti_sysbios_BIOS_removeRTSLock__I)
                  00008e48    00000024     MultiFunctionBoard_pem4f.oem4f (.text:ti_sysbios_BIOS_startFunc__I)
                  00008e6c    00000024     MultiFunctionBoard_pem4f.oem4f (.text:ti_sysbios_gates_GateMutex_Object__delete__S)
                  00008e90    00000024     sysbios.aem4f : BIOS.obj (.text:ti_sysbios_knl_Clock_Module_startup__E)
                  00008eb4    00000004     --HOLE-- [fill = 0]
                  00008eb8    00000024                   : BIOS.obj (.text:ti_sysbios_knl_Task_restoreHwi__E)
                  00008edc    00000024     ti.targets.arm.rtsarm.aem4f : System.oem4f (.text:xdc_runtime_System_vprintf__E)
                  00008f00    00000022     sysbios.aem4f : BIOS.obj (.text:ti_sysbios_family_arm_lm4_Timer_write__I)
                  00008f22    00000022     MultiFunctionBoard_pem4f.oem4f (.text:xdc_runtime_SysMin_output__I)
                  00008f44    00000020     MultiFunctionBoard_pem4f.oem4f (.text:ti_sysbios_BIOS_rtsLock__I)
                  00008f64    00000020     sysbios.aem4f : m3_Hwi_asm.obj (.text:ti_sysbios_family_arm_m3_Hwi_excHandlerAsm__I)
                  00008f84    00000004     --HOLE-- [fill = 0]
                  00008f88    00000020                   : BIOS.obj (.text:ti_sysbios_family_arm_m3_Hwi_excHandler__I)
                  00008fa8    00000020     MultiFunctionBoard_pem4f.oem4f (.text:ti_sysbios_gates_GateHwi_Object__delete__S)
                  00008fc8    00000020     MultiFunctionBoard_pem4f.oem4f (.text:ti_sysbios_heaps_HeapMem_Object__delete__S)
                  00008fe8    00000020     sysbios.aem4f : BIOS.obj (.text:ti_sysbios_knl_Idle_run__E)
                  00009008    00000020     MultiFunctionBoard_pem4f.oem4f (.text:ti_sysbios_knl_Semaphore_Object__destruct__S)
                  00009028    00000020     ti.targets.arm.rtsarm.aem4f : LoggerBuf.oem4f (.text:xdc_runtime_LoggerBuf_reset__E)
                  00009048    00000020                                 : Registry.oem4f (.text:xdc_runtime_Registry_findById__E)
                  00009068    00000020                                 : SysMin.oem4f (.text:xdc_runtime_SysMin_Module_startup__E)
                  00009088    0000001e     main.obj (.text)
                  000090a6    0000001e     sysbios.aem4f : m3_Hwi_asm_switch.obj (.text:ti_sysbios_family_xxx_Hwi_switchAndRunFunc)
                  000090c4    0000001c     driverlib.lib : uart.obj (.text:UARTDisable)
                  000090e0    0000001c     MultiFunctionBoard_pem4f.oem4f (.text:ti_sysbios_family_arm_m3_Hwi_Object__destruct__S)
                  000090fc    00000004     --HOLE-- [fill = 0]
                  00009100    0000001c     sysbios.aem4f : BIOS.obj (.text:ti_sysbios_gates_GateMutex_Instance_init__E)
                  0000911c    0000001c     MultiFunctionBoard_pem4f.oem4f (.text:ti_sysbios_knl_Queue_Object__destruct__S)
                  00009138    0000001c     sysbios.aem4f : BIOS.obj (.text:ti_sysbios_knl_Task_enter__I)
                  00009154    0000001c     ti.targets.arm.rtsarm.aem4f : Error.oem4f (.text:xdc_runtime_Error_check__E)
                  00009170    0000001c                                 : Error.oem4f (.text:xdc_runtime_Error_raiseX__E)
                  0000918c    0000001c                                 : Memory.oem4f (.text:xdc_runtime_Memory_valloc__E)
                  000091a8    0000001c                                 : SysMin.oem4f (.text:xdc_runtime_SysMin_exit__E)
                  000091c4    0000001c                                 : System.oem4f (.text:xdc_runtime_System_abort__E)
                  000091e0    0000001a     rtsv7M4_T_le_v4SPD16_eabi.lib : s_copysign.c.obj (.text:copysign)
                  000091fa    0000001a     MultiFunctionBoard_pem4f.oem4f (.text:ti_sysbios_family_arm_m3_Hwi_Handle__label__S)
                  00009214    0000001a     MultiFunctionBoard_pem4f.oem4f (.text:ti_sysbios_gates_GateHwi_Handle__label__S)
                  0000922e    0000001a     MultiFunctionBoard_pem4f.oem4f (.text:ti_sysbios_gates_GateMutex_Handle__label__S)
                  00009248    0000001a     MultiFunctionBoard_pem4f.oem4f (.text:ti_sysbios_heaps_HeapMem_Handle__label__S)
                  00009262    0000001a     MultiFunctionBoard_pem4f.oem4f (.text:ti_sysbios_knl_Mailbox_Handle__label__S)
                  0000927c    0000001a     MultiFunctionBoard_pem4f.oem4f (.text:ti_sysbios_knl_Swi_Handle__label__S)
                  00009296    0000001a     MultiFunctionBoard_pem4f.oem4f (.text:ti_sysbios_knl_Task_Handle__label__S)
                  000092b0    0000001a     sysbios.aem4f : BIOS.obj (.text:ti_sysbios_knl_Task_sleepTimeout__I)
                  000092ca    0000001a     MultiFunctionBoard_pem4f.oem4f (.text:xdc_runtime_System_aprintf__E)
                  000092e4    0000001a     MultiFunctionBoard_pem4f.oem4f (.text:xdc_runtime_System_printf__E)
                  000092fe    00000002     --HOLE-- [fill = 0]
                  00009300    00000018     rtsv7M4_T_le_v4SPD16_eabi.lib : args_main.c.obj (.text:_args_main)
                  00009318    00000018     MultiFunctionBoard_pem4f.oem4f (.text:ti_sysbios_BIOS_rtsUnlock__I)
                  00009330    00000018     MultiFunctionBoard_pem4f.oem4f (.text:ti_sysbios_family_arm_lm4_Timer_Module__startupDone__F)
                  00009348    00000018     MultiFunctionBoard_pem4f.oem4f (.text:ti_sysbios_family_arm_m3_Hwi_Module__startupDone__F)
                  00009360    00000018     sysbios.aem4f : BIOS.obj (.text:ti_sysbios_family_arm_m3_TaskSupport_stackUsed__E)
                  00009378    00000018                   : m3_TaskSupport_asm.obj (.text:ti_sysbios_family_arm_m3_TaskSupport_swap__E)
                  00009390    00000018                   : BIOS.obj (.text:ti_sysbios_gates_GateMutex_leave__E)
                  000093a8    00000018     ti.targets.arm.rtsarm.aem4f : System.oem4f (.text:xdc_runtime_System_exit__E)
                  000093c0    00000018                                 : Text.oem4f (.text:xdc_runtime_Text_ropeText__E)
                  000093d8    00000016     driverlib.lib : i2c.obj (.text:I2CMasterErr)
                  000093ee    00000016     MultiFunctionBoard_pem4f.oem4f (.text:ti_sysbios_BIOS_exitFunc__I)
                  00009404    00000014     driverlib.lib : uart.obj (.text:UARTEnable)
                  00009418    00000014     rtsv7M4_T_le_v4SPD16_eabi.lib : strlen.c.obj (.text:strlen)
                  0000942c    00000014     MultiFunctionBoard_pem4f.oem4f (.text:ti_sysbios_family_arm_m3_Hwi_Object__get__S)
                  00009440    00000014     sysbios.aem4f : BIOS.obj (.text:ti_sysbios_family_arm_m3_Hwi_switchFromBootStack__E)
                  00009454    00000014     MultiFunctionBoard_pem4f.oem4f (.text:ti_sysbios_heaps_HeapMem_Object__get__S)
                  00009468    00000014     MultiFunctionBoard_pem4f.oem4f (.text:ti_sysbios_knl_Swi_Object__get__S)
                  0000947c    00000012     driverlib.lib : gpio.obj (.text:GPIOPinTypeGPIOInput)
                  0000948e    00000012                   : gpio.obj (.text:GPIOPinTypeI2C)
                  000094a0    00000012                   : gpio.obj (.text:GPIOPinTypeI2CSCL)
                  000094b2    00000012                   : gpio.obj (.text:GPIOPinTypeUART)
                  000094c4    00000004     --HOLE-- [fill = 0]
                  000094c8    00000012     sysbios.aem4f : BIOS.obj (.text:ti_sysbios_hal_Hwi_Module_startup__E)
                  000094da    00000006     Boot.aem4f : Boot_sysctl.oem4f (.text:ti_catalog_arm_cortexm4_tiva_ce_Boot_sysCtlDelayI__I)
                  000094e0    00000012     sysbios.aem4f : BIOS.obj (.text:ti_sysbios_hal_Timer_Module_startup__E)
                  000094f2    00000012     MultiFunctionBoard_pem4f.oem4f (.text:xdc_runtime_Startup_exec__I)
                  00009504    00000004     --HOLE-- [fill = 0]
                  00009508    00000010     sysbios.aem4f : BIOS.obj (.text:ti_sysbios_BIOS_getCpuFreq__E)
                  00009518    00000010                   : BIOS.obj (.text:ti_sysbios_BIOS_setThreadType__E)
                  00009528    00000010                   : BIOS.obj (.text:ti_sysbios_BIOS_start__E)
                  00009538    00000010                   : BIOS.obj (.text:ti_sysbios_family_arm_lm4_TimestampProvider_rolloverFunc__E)
                  00009548    00000010                   : m3_TaskSupport_asm.obj (.text:ti_sysbios_family_arm_m3_TaskSupport_glue)
                  00009558    00000010                   : BIOS.obj (.text:ti_sysbios_gates_GateMutex_Instance_finalize__E)
                  00009568    00000010     MultiFunctionBoard_pem4f.oem4f (.text:ti_sysbios_knl_Mailbox_Object__get__S)
                  00009578    00000010     sysbios.aem4f : BIOS.obj (.text:ti_sysbios_knl_Semaphore_Instance_finalize__E)
                  00009588    00000010                   : BIOS.obj (.text:ti_sysbios_knl_Swi_disable__E)
                  00009598    00000010     MultiFunctionBoard_pem4f.oem4f (.text:ti_sysbios_knl_Task_Object__get__S)
                  000095a8    00000010     sysbios.aem4f : BIOS.obj (.text:ti_sysbios_knl_Task_disable__E)
                  000095b8    00000010     ti.targets.arm.rtsarm.aem4f : Gate.oem4f (.text:xdc_runtime_Gate_leaveSystem__E)
                  000095c8    00000010     MultiFunctionBoard_pem4f.oem4f (.text:xdc_runtime_LoggerBuf_Object__get__S)
                  000095d8    00000010     ti.targets.arm.rtsarm.aem4f : Memory.oem4f (.text:xdc_runtime_Memory_free__E)
                  000095e8    00000010                                 : SysMin.oem4f (.text:xdc_runtime_SysMin_ready__E)
                  000095f8    00000010                                 : System.oem4f (.text:xdc_runtime_System_vsnprintf__E)
                  00009608    00000010     MultiFunctionBoard_pem4f.oem4f (.text:xdc_runtime_Text_visitRope__I)
                  00009618    0000000e     rtsv7M4_T_le_v4SPD16_eabi.lib : copy_decompress_none.c.obj (.text:decompress:none:__TI_decompress_none)
                  00009626    00000002     --HOLE-- [fill = 0]
                  00009628    0000000e     sysbios.aem4f : BIOS.obj (.text:ti_sysbios_knl_Idle_loop__E)
                  00009636    00000002     --HOLE-- [fill = 0]
                  00009638    0000000e                   : BIOS.obj (.text:ti_sysbios_knl_Queue_empty__E)
                  00009646    00000002     --HOLE-- [fill = 0]
                  00009648    0000000c     MultiFunctionBoard_pem4f.oem4f (.text:.bootCodeSection:ti_catalog_arm_cortexm4_tiva_ce_Boot_init__I)
                  00009654    0000000c     rtsv7M4_T_le_v4SPD16_eabi.lib : _lock.c.obj (.text:_register_lock)
                  00009660    0000000c                                   : _lock.c.obj (.text:_register_unlock)
                  0000966c    0000000c                                   : copy_zero_init.c.obj (.text:decompress:ZI:__TI_zero_init)
                  00009678    0000000c     sysbios.aem4f : BIOS.obj (.text:ti_sysbios_family_arm_lm4_Timer_getMaxTicks__E)
                  00009684    00000004     --HOLE-- [fill = 0]
                  00009688    0000000c                   : BIOS.obj (.text:ti_sysbios_family_arm_lm4_TimestampProvider_startTimer__E)
                  00009694    0000000c     MultiFunctionBoard_pem4f.oem4f (.text:ti_sysbios_family_arm_m3_Hwi_Params__init__S)
                  000096a0    0000000c     sysbios.aem4f : BIOS.obj (.text:ti_sysbios_family_arm_m3_Hwi_disableFxn__E)
                  000096ac    00000004     --HOLE-- [fill = 0]
                  000096b0    0000000c                   : BIOS.obj (.text:ti_sysbios_family_arm_m3_TaskSupport_checkStack__E)
                  000096bc    00000004     --HOLE-- [fill = 0]
                  000096c0    0000000c                   : BIOS.obj (.text:ti_sysbios_family_arm_m3_TaskSupport_getStackAlignment__E)
                  000096cc    00000004     --HOLE-- [fill = 0]
                  000096d0    0000000c                   : BIOS.obj (.text:ti_sysbios_gates_GateHwi_enter__E)
                  000096dc    0000000c     MultiFunctionBoard_pem4f.oem4f (.text:ti_sysbios_knl_Mailbox_Params__init__S)
                  000096e8    0000000c     MultiFunctionBoard_pem4f.oem4f (.text:ti_sysbios_knl_Queue_Object__get__S)
                  000096f4    0000000c     MultiFunctionBoard_pem4f.oem4f (.text:ti_sysbios_knl_Semaphore_Params__init__S)
                  00009700    0000000c     MultiFunctionBoard_pem4f.oem4f (.text:ti_sysbios_knl_Task_Params__init__S)
                  0000970c    0000000c     ti.targets.arm.rtsarm.aem4f : Error.oem4f (.text:xdc_runtime_Error_init__E)
                  00009718    0000000c                                 : Gate.oem4f (.text:xdc_runtime_Gate_enterSystem__E)
                  00009724    0000000c     MultiFunctionBoard_pem4f.oem4f (.text:xdc_runtime_LoggerCallback_Object__get__S)
                  00009730    0000000c     ti.targets.arm.rtsarm.aem4f : Memory.oem4f (.text:xdc_runtime_Memory_calloc__E)
                  0000973c    0000000c                                 : Memory.oem4f (.text:xdc_runtime_Memory_getMaxDefaultTypeAlign__E)
                  00009748    0000000c                                 : Startup.oem4f (.text:xdc_runtime_Startup_rtsDone__E)
                  00009754    0000000a     driverlib.lib : i2c.obj (.text:I2CMasterDisable)
                  0000975e    0000000a                   : i2c.obj (.text:I2CMasterEnable)
                  00009768    0000000a                   : uart.obj (.text:UARTCharPut)
                  00009772    0000000a     MultiFunctionBoard_pem4f.oem4f (.text:xdc_runtime_IHeap_alloc)
                  0000977c    0000000a     MultiFunctionBoard_pem4f.oem4f (.text:xdc_runtime_IHeap_free)
                  00009786    00000008     driverlib.lib : i2c.obj (.text:I2CMasterIntClear)
                  0000978e    00000008                   : i2c.obj (.text:I2CMasterSlaveAddrSet)
                  00009796    00000002     --HOLE-- [fill = 0]
                  00009798    00000008     rtsv7M4_T_le_v4SPD16_eabi.lib : errno.c.obj (.text:__aeabi_errno_addr)
                  000097a0    00000008     sysbios.aem4f : BIOS.obj (.text:ti_sysbios_family_arm_lm4_Timer_masterDisable__I)
                  000097a8    00000008                   : BIOS.obj (.text:ti_sysbios_family_arm_m3_Hwi_doSwiRestore__I)
                  000097b0    00000008                   : BIOS.obj (.text:ti_sysbios_family_arm_m3_Hwi_startup__E)
                  000097b8    00000008                   : BIOS.obj (.text:ti_sysbios_knl_Mailbox_getNumPendingMsgs__E)
                  000097c0    00000006                   : BIOS.obj (.text:ti_sysbios_family_arm_lm4_TimestampProvider_Module_startup__E)
                  000097c6    00000002     --HOLE-- [fill = 0]
                  000097c8    00000006                   : BIOS.obj (.text:ti_sysbios_family_arm_m3_Hwi_doTaskRestore__I)
                  000097ce    00000002     --HOLE-- [fill = 0]
                  000097d0    00000006                   : BIOS.obj (.text:ti_sysbios_family_arm_m3_Hwi_restoreFxn__E)
                  000097d6    00000002     --HOLE-- [fill = 0]
                  000097d8    00000006                   : BIOS.obj (.text:ti_sysbios_gates_GateHwi_leave__E)
                  000097de    00000002     --HOLE-- [fill = 0]
                  000097e0    00000006                   : BIOS.obj (.text:ti_sysbios_heaps_HeapMem_isBlocking__E)
                  000097e6    00000002     --HOLE-- [fill = 0]
                  000097e8    00000006                   : BIOS.obj (.text:ti_sysbios_knl_Queue_Instance_init__E)
                  000097ee    00000002     --HOLE-- [fill = 0]
                  000097f0    00000006                   : BIOS.obj (.text:ti_sysbios_knl_Swi_startup__E)
                  000097f6    00000006     ti.targets.arm.rtsarm.aem4f : System.oem4f (.text:xdc_runtime_System_Module_startup__E)
                  000097fc    00000004     --HOLE-- [fill = 0]
                  00009800    00000004     sysbios.aem4f : BIOS.obj (.text:ti_sysbios_gates_GateHwi_query__E)
                  00009804    00000004     --HOLE-- [fill = 0]
                  00009808    00000004                   : BIOS.obj (.text:ti_sysbios_gates_GateMutex_query__E)
                  0000980c    00000004     --HOLE-- [fill = 0]
                  00009810    00000004                   : BIOS.obj (.text:ti_sysbios_knl_Mailbox_getMsgSize__E)
                  00009814    00000004     --HOLE-- [fill = 0]
                  00009818    00000004                   : BIOS.obj (.text:ti_sysbios_knl_Mailbox_getNumFreeMsgs__E)
                  0000981c    00000004     --HOLE-- [fill = 0]
                  00009820    00000004                   : BIOS.obj (.text:ti_sysbios_knl_Task_getPri__E)
                  00009824    00000004     --HOLE-- [fill = 0]
                  00009828    00000004                   : BIOS.obj (.text:ti_sysbios_knl_Task_startup__E)
                  0000982c    00000004     --HOLE-- [fill = 0]
                  00009830    00000002                   : BIOS.obj (.text:ti_sysbios_gates_GateHwi_Instance_init__E)

.const     0    00009838    000022ba     
                  00009838    0000192b     MultiFunctionBoard_pem4f.oem4f (.const:xdc_runtime_Text_charTab__A)
                  0000b163    00000001     MultiFunctionBoard_pem4f.oem4f (.const:xdc_runtime_Error_policy__C)
                  0000b164    000000d8     MultiFunctionBoard_pem4f.oem4f (.const:xdc_runtime_Text_nodeTab__A)
                  0000b23c    00000090     driverlib.lib : gpio.obj (.const:g_pui32GPIOBaseAddrs)
                  0000b2cc    00000070     MPU_CORE.obj (.const:objstrAccelConfig)
                  0000b33c    00000070     MPU_CORE.obj (.const:objstrGyroConfig)
                  0000b3ac    00000058     Verbose.obj (.const:.string:s8StartUpString)
                  0000b404    00000048     MultiFunctionBoard_pem4f.oem4f (.const:.string)
                  0000b44c    0000003c     MultiFunctionBoard_pem4f.oem4f (.const:ti_sysbios_knl_Task_Object__PARAMS__C)
                  0000b488    00000034     MultiFunctionBoard_pem4f.oem4f (.const:ti_sysbios_knl_Mailbox_Object__PARAMS__C)
                  0000b4bc    00000034     MultiFunctionBoard_pem4f.oem4f (.const:xdc_runtime_Startup_sfxnTab__A)
                  0000b4f0    00000030     rtsv7M4_T_le_v4SPD16_eabi.lib : e_pow.c.obj (.const:$O1$$)
                  0000b520    00000030     MultiFunctionBoard_pem4f.oem4f (.const:ti_sysbios_family_arm_m3_Hwi_Object__PARAMS__C)
                  0000b550    00000028     MultiFunctionBoard_pem4f.oem4f (.const:ti_sysbios_heaps_HeapMem_Module__FXNS__C)
                  0000b578    00000024     MultiFunctionBoard_pem4f.oem4f (.const:ti_sysbios_gates_GateHwi_Module__FXNS__C)
                  0000b59c    00000024     MultiFunctionBoard_pem4f.oem4f (.const:ti_sysbios_gates_GateMutex_Module__FXNS__C)
                  0000b5c0    00000024     MultiFunctionBoard_pem4f.oem4f (.const:ti_sysbios_heaps_HeapMem_Object__PARAMS__C)
                  0000b5e4    00000024     MultiFunctionBoard_pem4f.oem4f (.const:ti_sysbios_knl_Semaphore_Object__PARAMS__C)
                  0000b608    00000020     MultiFunctionBoard_pem4f.oem4f (.const:ti_sysbios_family_arm_m3_Hwi_Object__DESC__C)
                  0000b628    00000020     MultiFunctionBoard_pem4f.oem4f (.const:ti_sysbios_gates_GateHwi_Object__DESC__C)
                  0000b648    00000020     MultiFunctionBoard_pem4f.oem4f (.const:ti_sysbios_gates_GateMutex_Object__DESC__C)
                  0000b668    00000020     MultiFunctionBoard_pem4f.oem4f (.const:ti_sysbios_heaps_HeapMem_Object__DESC__C)
                  0000b688    00000020     MultiFunctionBoard_pem4f.oem4f (.const:ti_sysbios_knl_Mailbox_Object__DESC__C)
                  0000b6a8    00000020     MultiFunctionBoard_pem4f.oem4f (.const:ti_sysbios_knl_Queue_Object__DESC__C)
                  0000b6c8    00000020     MultiFunctionBoard_pem4f.oem4f (.const:ti_sysbios_knl_Semaphore_Object__DESC__C)
                  0000b6e8    00000020     MultiFunctionBoard_pem4f.oem4f (.const:ti_sysbios_knl_Task_Object__DESC__C)
                  0000b708    0000001a     MultiFunctionBoard_pem4f.oem4f (.const:xdc_runtime_Startup_sfxnRts__A)
                  0000b722    00000002     MultiFunctionBoard_pem4f.oem4f (.const:ti_catalog_arm_cortexm4_tiva_ce_Boot_Module__id__C)
                  0000b724    00000018     PORT_CORE.obj (.const:I2C_config)
                  0000b73c    00000018     MultiFunctionBoard_pem4f.oem4f (.const:ti_sysbios_gates_GateHwi_Object__PARAMS__C)
                  0000b754    00000018     MultiFunctionBoard_pem4f.oem4f (.const:ti_sysbios_gates_GateMutex_Object__PARAMS__C)
                  0000b76c    00000018     MultiFunctionBoard_pem4f.oem4f (.const:ti_sysbios_knl_Queue_Object__PARAMS__C)
                  0000b784    00000014     I2CTiva.obj (.const:I2CTiva_fxnTable)
                  0000b798    00000014     MultiFunctionBoard_pem4f.oem4f (.const:xdc_runtime_Startup_firstFxns__A)
                  0000b7ac    00000012     DEM_CORE.obj (.const:.string)
                  0000b7be    00000002     MultiFunctionBoard_pem4f.oem4f (.const:ti_sysbios_family_arm_m3_Hwi_Module__id__C)
                  0000b7c0    00000012     Verbose.obj (.const:.string)
                  0000b7d2    00000002     MultiFunctionBoard_pem4f.oem4f (.const:ti_sysbios_family_arm_m3_Hwi_Module__loggerDefined__C)
                  0000b7d4    00000010     I2C.obj (.const:I2C_defaultParams)
                  0000b7e4    0000000c     MPU_OS.obj (.const:$P$T0$2)
                  0000b7f0    0000000c     MPU_OS.obj (.const:$P$T1$3)
                  0000b7fc    0000000c     PORT_CORE.obj (.const:i2cTivaHWAttrs)
                  0000b808    00000008     I2CTiva.obj (.const:bitRate)
                  0000b810    00000008     MultiFunctionBoard_pem4f.oem4f (.const:ti_sysbios_family_arm_m3_Hwi_excHookFuncs__A)
                  0000b818    00000008     MultiFunctionBoard_pem4f.oem4f (.const:ti_sysbios_knl_Idle_funcList__C)
                  0000b820    00000008     MultiFunctionBoard_pem4f.oem4f (.const:xdc_runtime_Startup_firstFxns__C)
                  0000b828    00000008     MultiFunctionBoard_pem4f.oem4f (.const:xdc_runtime_Startup_lastFxns__C)
                  0000b830    00000004     Verbose.obj (.const)
                  0000b834    00000004     MultiFunctionBoard_pem4f.oem4f (.const:ti_catalog_arm_cortexm4_tiva_ce_Boot_A_mustUseEnhancedClockMode__C)
                  0000b838    00000004     MultiFunctionBoard_pem4f.oem4f (.const:ti_catalog_arm_cortexm4_tiva_ce_Boot_Module__diagsEnabled__C)
                  0000b83c    00000004     MultiFunctionBoard_pem4f.oem4f (.const:ti_catalog_arm_cortexm4_tiva_ce_Boot_Module__diagsIncluded__C)
                  0000b840    00000004     MultiFunctionBoard_pem4f.oem4f (.const:ti_catalog_arm_cortexm4_tiva_ce_Boot_Module__diagsMask__C)
                  0000b844    00000004     MultiFunctionBoard_pem4f.oem4f (.const:ti_sysbios_family_arm_lm4_Timer_enableFunc__C)
                  0000b848    00000004     MultiFunctionBoard_pem4f.oem4f (.const:ti_sysbios_family_arm_lm4_Timer_numTimerDevices__C)
                  0000b84c    00000004     MultiFunctionBoard_pem4f.oem4f (.const:ti_sysbios_family_arm_lm4_Timer_startupNeeded__C)
                  0000b850    00000004     MultiFunctionBoard_pem4f.oem4f (.const:ti_sysbios_family_arm_m3_Hwi_E_NMI__C)
                  0000b854    00000004     MultiFunctionBoard_pem4f.oem4f (.const:ti_sysbios_family_arm_m3_Hwi_E_alreadyDefined__C)
                  0000b858    00000004     MultiFunctionBoard_pem4f.oem4f (.const:ti_sysbios_family_arm_m3_Hwi_E_busFault__C)
                  0000b85c    00000004     MultiFunctionBoard_pem4f.oem4f (.const:ti_sysbios_family_arm_m3_Hwi_E_debugMon__C)
                  0000b860    00000004     MultiFunctionBoard_pem4f.oem4f (.const:ti_sysbios_family_arm_m3_Hwi_E_hardFault__C)
                  0000b864    00000004     MultiFunctionBoard_pem4f.oem4f (.const:ti_sysbios_family_arm_m3_Hwi_E_memFault__C)
                  0000b868    00000004     MultiFunctionBoard_pem4f.oem4f (.const:ti_sysbios_family_arm_m3_Hwi_E_noIsr__C)
                  0000b86c    00000004     MultiFunctionBoard_pem4f.oem4f (.const:ti_sysbios_family_arm_m3_Hwi_E_reserved__C)
                  0000b870    00000004     MultiFunctionBoard_pem4f.oem4f (.const:ti_sysbios_family_arm_m3_Hwi_E_svCall__C)
                  0000b874    00000004     MultiFunctionBoard_pem4f.oem4f (.const:ti_sysbios_family_arm_m3_Hwi_E_usageFault__C)
                  0000b878    00000004     MultiFunctionBoard_pem4f.oem4f (.const:ti_sysbios_family_arm_m3_Hwi_LD_end__C)
                  0000b87c    00000004     MultiFunctionBoard_pem4f.oem4f (.const:ti_sysbios_family_arm_m3_Hwi_LM_begin__C)
                  0000b880    00000004     MultiFunctionBoard_pem4f.oem4f (.const:ti_sysbios_family_arm_m3_Hwi_Module__diagsEnabled__C)
                  0000b884    00000004     MultiFunctionBoard_pem4f.oem4f (.const:ti_sysbios_family_arm_m3_Hwi_Module__diagsIncluded__C)
                  0000b888    00000004     MultiFunctionBoard_pem4f.oem4f (.const:ti_sysbios_family_arm_m3_Hwi_Module__diagsMask__C)
                  0000b88c    00000004     MultiFunctionBoard_pem4f.oem4f (.const:ti_sysbios_family_arm_m3_Hwi_Module__loggerFxn1__C)
                  0000b890    00000004     MultiFunctionBoard_pem4f.oem4f (.const:ti_sysbios_family_arm_m3_Hwi_Module__loggerFxn8__C)
                  0000b894    00000004     MultiFunctionBoard_pem4f.oem4f (.const:ti_sysbios_family_arm_m3_Hwi_Module__loggerObj__C)
                  0000b898    00000004     MultiFunctionBoard_pem4f.oem4f (.const:ti_sysbios_family_arm_m3_Hwi_NUM_INTERRUPTS__C)
                  0000b89c    00000004     MultiFunctionBoard_pem4f.oem4f (.const:ti_sysbios_family_arm_m3_Hwi_Object__count__C)
                  0000b8a0    00000004     MultiFunctionBoard_pem4f.oem4f (.const:ti_sysbios_family_arm_m3_Hwi_ccr__C)
                  0000b8a4    00000004     MultiFunctionBoard_pem4f.oem4f (.const:ti_sysbios_family_arm_m3_Hwi_excHandlerFunc__C)
                  0000b8a8    00000004     MultiFunctionBoard_pem4f.oem4f (.const:ti_sysbios_family_arm_m3_Hwi_excHookFuncs__C)
                  0000b8ac    00000004     MultiFunctionBoard_pem4f.oem4f (.const:ti_sysbios_family_arm_m3_Hwi_nullIsrFunc__C)
                  0000b8b0    00000004     MultiFunctionBoard_pem4f.oem4f (.const:ti_sysbios_family_arm_m3_Hwi_priGroup__C)
                  0000b8b4    00000004     MultiFunctionBoard_pem4f.oem4f (.const:ti_sysbios_family_arm_m3_TaskSupport_stackAlignment__C)
                  0000b8b8    00000004     MultiFunctionBoard_pem4f.oem4f (.const:ti_sysbios_gates_GateMutex_A_badContext__C)
                  0000b8bc    00000004     MultiFunctionBoard_pem4f.oem4f (.const:ti_sysbios_gates_GateMutex_Instance_State_sem__O)
                  0000b8c0    00000004     MultiFunctionBoard_pem4f.oem4f (.const:ti_sysbios_gates_GateMutex_Module__diagsEnabled__C)
                  0000b8c4    00000004     MultiFunctionBoard_pem4f.oem4f (.const:ti_sysbios_gates_GateMutex_Module__diagsIncluded__C)
                  0000b8c8    00000004     MultiFunctionBoard_pem4f.oem4f (.const:ti_sysbios_gates_GateMutex_Module__diagsMask__C)
                  0000b8cc    00000004     MultiFunctionBoard_pem4f.oem4f (.const:ti_sysbios_hal_Hwi_E_stackOverflow__C)
                  0000b8d0    00000004     MultiFunctionBoard_pem4f.oem4f (.const:ti_sysbios_heaps_HeapMem_A_align__C)
                  0000b8d4    00000004     MultiFunctionBoard_pem4f.oem4f (.const:ti_sysbios_heaps_HeapMem_A_heapSize__C)
                  0000b8d8    00000004     MultiFunctionBoard_pem4f.oem4f (.const:ti_sysbios_heaps_HeapMem_A_invalidFree__C)
                  0000b8dc    00000004     MultiFunctionBoard_pem4f.oem4f (.const:ti_sysbios_heaps_HeapMem_A_zeroBlock__C)
                  0000b8e0    00000004     MultiFunctionBoard_pem4f.oem4f (.const:ti_sysbios_heaps_HeapMem_E_memory__C)
                  0000b8e4    00000004     MultiFunctionBoard_pem4f.oem4f (.const:ti_sysbios_heaps_HeapMem_Module__diagsEnabled__C)
                  0000b8e8    00000004     MultiFunctionBoard_pem4f.oem4f (.const:ti_sysbios_heaps_HeapMem_Module__diagsIncluded__C)
                  0000b8ec    00000004     MultiFunctionBoard_pem4f.oem4f (.const:ti_sysbios_heaps_HeapMem_Module__diagsMask__C)
                  0000b8f0    00000004     MultiFunctionBoard_pem4f.oem4f (.const:ti_sysbios_heaps_HeapMem_Module__gateObj__C)
                  0000b8f4    00000004     MultiFunctionBoard_pem4f.oem4f (.const:ti_sysbios_heaps_HeapMem_Object__count__C)
                  0000b8f8    00000004     MultiFunctionBoard_pem4f.oem4f (.const:ti_sysbios_heaps_HeapMem_reqAlign__C)
                  0000b8fc    00000004     MultiFunctionBoard_pem4f.oem4f (.const:ti_sysbios_knl_Clock_LM_begin__C)
                  0000b900    00000004     MultiFunctionBoard_pem4f.oem4f (.const:ti_sysbios_knl_Clock_LM_tick__C)
                  0000b904    00000004     MultiFunctionBoard_pem4f.oem4f (.const:ti_sysbios_knl_Clock_LW_delayed__C)
                  0000b908    00000004     MultiFunctionBoard_pem4f.oem4f (.const:ti_sysbios_knl_Clock_Module_State_clockQ__O)
                  0000b90c    00000004     MultiFunctionBoard_pem4f.oem4f (.const:ti_sysbios_knl_Clock_Module__diagsEnabled__C)
                  0000b910    00000004     MultiFunctionBoard_pem4f.oem4f (.const:ti_sysbios_knl_Clock_Module__diagsIncluded__C)
                  0000b914    00000004     MultiFunctionBoard_pem4f.oem4f (.const:ti_sysbios_knl_Clock_Module__diagsMask__C)
                  0000b918    00000004     MultiFunctionBoard_pem4f.oem4f (.const:ti_sysbios_knl_Clock_Module__loggerFxn1__C)
                  0000b91c    00000004     MultiFunctionBoard_pem4f.oem4f (.const:ti_sysbios_knl_Clock_Module__loggerFxn2__C)
                  0000b920    00000004     MultiFunctionBoard_pem4f.oem4f (.const:ti_sysbios_knl_Clock_Module__loggerObj__C)
                  0000b924    00000004     MultiFunctionBoard_pem4f.oem4f (.const:ti_sysbios_knl_Idle_funcList__A)
                  0000b928    00000004     MultiFunctionBoard_pem4f.oem4f (.const:ti_sysbios_knl_Mailbox_A_invalidBufSize__C)
                  0000b92c    00000004     MultiFunctionBoard_pem4f.oem4f (.const:ti_sysbios_knl_Mailbox_Instance_State_dataQue__O)
                  0000b930    00000004     MultiFunctionBoard_pem4f.oem4f (.const:ti_sysbios_knl_Mailbox_Instance_State_dataSem__O)
                  0000b934    00000004     MultiFunctionBoard_pem4f.oem4f (.const:ti_sysbios_knl_Mailbox_Instance_State_freeQue__O)
                  0000b938    00000004     MultiFunctionBoard_pem4f.oem4f (.const:ti_sysbios_knl_Mailbox_Instance_State_freeSem__O)
                  0000b93c    00000004     MultiFunctionBoard_pem4f.oem4f (.const:ti_sysbios_knl_Mailbox_Module__diagsEnabled__C)
                  0000b940    00000004     MultiFunctionBoard_pem4f.oem4f (.const:ti_sysbios_knl_Mailbox_Module__diagsIncluded__C)
                  0000b944    00000004     MultiFunctionBoard_pem4f.oem4f (.const:ti_sysbios_knl_Mailbox_Module__diagsMask__C)
                  0000b948    00000004     MultiFunctionBoard_pem4f.oem4f (.const:ti_sysbios_knl_Mailbox_Object__count__C)
                  0000b94c    00000004     MultiFunctionBoard_pem4f.oem4f (.const:ti_sysbios_knl_Mailbox_maxTypeAlign__C)
                  0000b950    00000004     MultiFunctionBoard_pem4f.oem4f (.const:ti_sysbios_knl_Semaphore_A_badContext__C)
                  0000b954    00000004     MultiFunctionBoard_pem4f.oem4f (.const:ti_sysbios_knl_Semaphore_A_noEvents__C)
                  0000b958    00000004     MultiFunctionBoard_pem4f.oem4f (.const:ti_sysbios_knl_Semaphore_A_overflow__C)
                  0000b95c    00000004     MultiFunctionBoard_pem4f.oem4f (.const:ti_sysbios_knl_Semaphore_A_pendTaskDisabled__C)
                  0000b960    00000004     MultiFunctionBoard_pem4f.oem4f (.const:ti_sysbios_knl_Semaphore_Instance_State_pendQ__O)
                  0000b964    00000004     MultiFunctionBoard_pem4f.oem4f (.const:ti_sysbios_knl_Semaphore_LM_pend__C)
                  0000b968    00000004     MultiFunctionBoard_pem4f.oem4f (.const:ti_sysbios_knl_Semaphore_LM_post__C)
                  0000b96c    00000004     MultiFunctionBoard_pem4f.oem4f (.const:ti_sysbios_knl_Semaphore_Module__diagsEnabled__C)
                  0000b970    00000004     MultiFunctionBoard_pem4f.oem4f (.const:ti_sysbios_knl_Semaphore_Module__diagsIncluded__C)
                  0000b974    00000004     MultiFunctionBoard_pem4f.oem4f (.const:ti_sysbios_knl_Semaphore_Module__diagsMask__C)
                  0000b978    00000004     MultiFunctionBoard_pem4f.oem4f (.const:ti_sysbios_knl_Semaphore_Module__loggerFxn2__C)
                  0000b97c    00000004     MultiFunctionBoard_pem4f.oem4f (.const:ti_sysbios_knl_Semaphore_Module__loggerFxn4__C)
                  0000b980    00000004     MultiFunctionBoard_pem4f.oem4f (.const:ti_sysbios_knl_Semaphore_Module__loggerObj__C)
                  0000b984    00000004     MultiFunctionBoard_pem4f.oem4f (.const:ti_sysbios_knl_Swi_LD_end__C)
                  0000b988    00000004     MultiFunctionBoard_pem4f.oem4f (.const:ti_sysbios_knl_Swi_LM_begin__C)
                  0000b98c    00000004     MultiFunctionBoard_pem4f.oem4f (.const:ti_sysbios_knl_Swi_LM_post__C)
                  0000b990    00000004     MultiFunctionBoard_pem4f.oem4f (.const:ti_sysbios_knl_Swi_Module__diagsEnabled__C)
                  0000b994    00000004     MultiFunctionBoard_pem4f.oem4f (.const:ti_sysbios_knl_Swi_Module__diagsIncluded__C)
                  0000b998    00000004     MultiFunctionBoard_pem4f.oem4f (.const:ti_sysbios_knl_Swi_Module__diagsMask__C)
                  0000b99c    00000004     MultiFunctionBoard_pem4f.oem4f (.const:ti_sysbios_knl_Swi_Module__loggerFxn1__C)
                  0000b9a0    00000004     MultiFunctionBoard_pem4f.oem4f (.const:ti_sysbios_knl_Swi_Module__loggerFxn4__C)
                  0000b9a4    00000004     MultiFunctionBoard_pem4f.oem4f (.const:ti_sysbios_knl_Swi_Module__loggerObj__C)
                  0000b9a8    00000004     MultiFunctionBoard_pem4f.oem4f (.const:ti_sysbios_knl_Swi_Object__count__C)
                  0000b9ac    00000004     MultiFunctionBoard_pem4f.oem4f (.const:ti_sysbios_knl_Task_A_badPriority__C)
                  0000b9b0    00000004     MultiFunctionBoard_pem4f.oem4f (.const:ti_sysbios_knl_Task_A_badTaskState__C)
                  0000b9b4    00000004     MultiFunctionBoard_pem4f.oem4f (.const:ti_sysbios_knl_Task_A_badThreadType__C)
                  0000b9b8    00000004     MultiFunctionBoard_pem4f.oem4f (.const:ti_sysbios_knl_Task_A_badTimeout__C)
                  0000b9bc    00000004     MultiFunctionBoard_pem4f.oem4f (.const:ti_sysbios_knl_Task_A_noPendElem__C)
                  0000b9c0    00000004     MultiFunctionBoard_pem4f.oem4f (.const:ti_sysbios_knl_Task_A_sleepTaskDisabled__C)
                  0000b9c4    00000004     MultiFunctionBoard_pem4f.oem4f (.const:ti_sysbios_knl_Task_E_spOutOfBounds__C)
                  0000b9c8    00000004     MultiFunctionBoard_pem4f.oem4f (.const:ti_sysbios_knl_Task_E_stackOverflow__C)
                  0000b9cc    00000004     MultiFunctionBoard_pem4f.oem4f (.const:ti_sysbios_knl_Task_LD_block__C)
                  0000b9d0    00000004     MultiFunctionBoard_pem4f.oem4f (.const:ti_sysbios_knl_Task_LD_exit__C)
                  0000b9d4    00000004     MultiFunctionBoard_pem4f.oem4f (.const:ti_sysbios_knl_Task_LD_ready__C)
                  0000b9d8    00000004     MultiFunctionBoard_pem4f.oem4f (.const:ti_sysbios_knl_Task_LM_sleep__C)
                  0000b9dc    00000004     MultiFunctionBoard_pem4f.oem4f (.const:ti_sysbios_knl_Task_LM_switch__C)
                  0000b9e0    00000004     MultiFunctionBoard_pem4f.oem4f (.const:ti_sysbios_knl_Task_Module_State_inactiveQ__O)
                  0000b9e4    00000004     MultiFunctionBoard_pem4f.oem4f (.const:ti_sysbios_knl_Task_Module__diagsEnabled__C)
                  0000b9e8    00000004     MultiFunctionBoard_pem4f.oem4f (.const:ti_sysbios_knl_Task_Module__diagsIncluded__C)
                  0000b9ec    00000004     MultiFunctionBoard_pem4f.oem4f (.const:ti_sysbios_knl_Task_Module__diagsMask__C)
                  0000b9f0    00000004     MultiFunctionBoard_pem4f.oem4f (.const:ti_sysbios_knl_Task_Module__loggerFxn2__C)
                  0000b9f4    00000004     MultiFunctionBoard_pem4f.oem4f (.const:ti_sysbios_knl_Task_Module__loggerFxn4__C)
                  0000b9f8    00000004     MultiFunctionBoard_pem4f.oem4f (.const:ti_sysbios_knl_Task_Module__loggerObj__C)
                  0000b9fc    00000004     MultiFunctionBoard_pem4f.oem4f (.const:ti_sysbios_knl_Task_Object__count__C)
                  0000ba00    00000004     MultiFunctionBoard_pem4f.oem4f (.const:ti_sysbios_knl_Task_allBlockedFunc__C)
                  0000ba04    00000004     MultiFunctionBoard_pem4f.oem4f (.const:ti_sysbios_knl_Task_defaultStackHeap__C)
                  0000ba08    00000004     MultiFunctionBoard_pem4f.oem4f (.const:ti_sysbios_knl_Task_defaultStackSize__C)
                  0000ba0c    00000004     MultiFunctionBoard_pem4f.oem4f (.const:ti_sysbios_knl_Task_numConstructedTasks__C)
                  0000ba10    00000004     MultiFunctionBoard_pem4f.oem4f (.const:xdc_runtime_Assert_E_assertFailed__C)
                  0000ba14    00000004     MultiFunctionBoard_pem4f.oem4f (.const:xdc_runtime_Core_A_initializedParams__C)
                  0000ba18    00000004     MultiFunctionBoard_pem4f.oem4f (.const:xdc_runtime_Core_Module__diagsEnabled__C)
                  0000ba1c    00000004     MultiFunctionBoard_pem4f.oem4f (.const:xdc_runtime_Core_Module__diagsIncluded__C)
                  0000ba20    00000004     MultiFunctionBoard_pem4f.oem4f (.const:xdc_runtime_Core_Module__diagsMask__C)
                  0000ba24    00000004     MultiFunctionBoard_pem4f.oem4f (.const:xdc_runtime_Error_E_memory__C)
                  0000ba28    00000004     MultiFunctionBoard_pem4f.oem4f (.const:xdc_runtime_Error_Module__diagsEnabled__C)
                  0000ba2c    00000004     MultiFunctionBoard_pem4f.oem4f (.const:xdc_runtime_Error_Module__diagsIncluded__C)
                  0000ba30    00000004     MultiFunctionBoard_pem4f.oem4f (.const:xdc_runtime_Error_Module__diagsMask__C)
                  0000ba34    00000004     MultiFunctionBoard_pem4f.oem4f (.const:xdc_runtime_Error_Module__loggerFxn8__C)
                  0000ba38    00000004     MultiFunctionBoard_pem4f.oem4f (.const:xdc_runtime_Error_Module__loggerObj__C)
                  0000ba3c    00000004     MultiFunctionBoard_pem4f.oem4f (.const:xdc_runtime_Error_policyFxn__C)
                  0000ba40    00000004     MultiFunctionBoard_pem4f.oem4f (.const:xdc_runtime_Error_raiseHook__C)
                  0000ba44    00000004     MultiFunctionBoard_pem4f.oem4f (.const:xdc_runtime_IGateProvider_Interface__BASE__C)
                  0000ba48    00000004     MultiFunctionBoard_pem4f.oem4f (.const:xdc_runtime_IHeap_Interface__BASE__C)
                  0000ba4c    00000004     MultiFunctionBoard_pem4f.oem4f (.const:xdc_runtime_IModule_Interface__BASE__C)
                  0000ba50    00000004     MultiFunctionBoard_pem4f.oem4f (.const:xdc_runtime_Log_L_error__C)
                  0000ba54    00000004     MultiFunctionBoard_pem4f.oem4f (.const:xdc_runtime_LoggerBuf_Object__count__C)
                  0000ba58    00000004     MultiFunctionBoard_pem4f.oem4f (.const:xdc_runtime_LoggerCallback_Object__count__C)
                  0000ba5c    00000004     MultiFunctionBoard_pem4f.oem4f (.const:xdc_runtime_LoggerCallback_createInstFxn__C)
                  0000ba60    00000004     MultiFunctionBoard_pem4f.oem4f (.const:xdc_runtime_Main_Module__diagsEnabled__C)
                  0000ba64    00000004     MultiFunctionBoard_pem4f.oem4f (.const:xdc_runtime_Main_Module__diagsIncluded__C)
                  0000ba68    00000004     MultiFunctionBoard_pem4f.oem4f (.const:xdc_runtime_Main_Module__diagsMask__C)
                  0000ba6c    00000004     MultiFunctionBoard_pem4f.oem4f (.const:xdc_runtime_Main_Module__loggerFxn2__C)
                  0000ba70    00000004     MultiFunctionBoard_pem4f.oem4f (.const:xdc_runtime_Main_Module__loggerFxn4__C)
                  0000ba74    00000004     MultiFunctionBoard_pem4f.oem4f (.const:xdc_runtime_Main_Module__loggerObj__C)
                  0000ba78    00000004     MultiFunctionBoard_pem4f.oem4f (.const:xdc_runtime_Memory_defaultHeapInstance__C)
                  0000ba7c    00000004     MultiFunctionBoard_pem4f.oem4f (.const:xdc_runtime_Startup_execImpl__C)
                  0000ba80    00000004     MultiFunctionBoard_pem4f.oem4f (.const:xdc_runtime_Startup_lastFxns__A)
                  0000ba84    00000004     MultiFunctionBoard_pem4f.oem4f (.const:xdc_runtime_Startup_maxPasses__C)
                  0000ba88    00000004     MultiFunctionBoard_pem4f.oem4f (.const:xdc_runtime_Startup_sfxnRts__C)
                  0000ba8c    00000004     MultiFunctionBoard_pem4f.oem4f (.const:xdc_runtime_Startup_sfxnTab__C)
                  0000ba90    00000004     MultiFunctionBoard_pem4f.oem4f (.const:xdc_runtime_SysMin_bufSize__C)
                  0000ba94    00000004     MultiFunctionBoard_pem4f.oem4f (.const:xdc_runtime_SysMin_outputFunc__C)
                  0000ba98    00000004     MultiFunctionBoard_pem4f.oem4f (.const:xdc_runtime_System_Module__gateObj__C)
                  0000ba9c    00000004     MultiFunctionBoard_pem4f.oem4f (.const:xdc_runtime_System_abortFxn__C)
                  0000baa0    00000004     MultiFunctionBoard_pem4f.oem4f (.const:xdc_runtime_System_exitFxn__C)
                  0000baa4    00000004     MultiFunctionBoard_pem4f.oem4f (.const:xdc_runtime_System_extendFxn__C)
                  0000baa8    00000004     MultiFunctionBoard_pem4f.oem4f (.const:xdc_runtime_System_maxAtexitHandlers__C)
                  0000baac    00000004     MultiFunctionBoard_pem4f.oem4f (.const:xdc_runtime_Text_charTab__C)
                  0000bab0    00000004     MultiFunctionBoard_pem4f.oem4f (.const:xdc_runtime_Text_nameEmpty__C)
                  0000bab4    00000004     MultiFunctionBoard_pem4f.oem4f (.const:xdc_runtime_Text_nameStatic__C)
                  0000bab8    00000004     MultiFunctionBoard_pem4f.oem4f (.const:xdc_runtime_Text_nameUnknown__C)
                  0000babc    00000004     MultiFunctionBoard_pem4f.oem4f (.const:xdc_runtime_Text_nodeTab__C)
                  0000bac0    00000004     MultiFunctionBoard_pem4f.oem4f (.const:xdc_runtime_Text_visitRopeFxn__C)
                  0000bac4    00000002     MultiFunctionBoard_pem4f.oem4f (.const:ti_sysbios_gates_GateMutex_Module__id__C)
                  0000bac6    00000002     MultiFunctionBoard_pem4f.oem4f (.const:ti_sysbios_hal_Hwi_Module__id__C)
                  0000bac8    00000002     MultiFunctionBoard_pem4f.oem4f (.const:ti_sysbios_heaps_HeapMem_Module__id__C)
                  0000baca    00000002     MultiFunctionBoard_pem4f.oem4f (.const:ti_sysbios_knl_Clock_Module__id__C)
                  0000bacc    00000002     MultiFunctionBoard_pem4f.oem4f (.const:ti_sysbios_knl_Clock_Module__loggerDefined__C)
                  0000bace    00000002     MultiFunctionBoard_pem4f.oem4f (.const:ti_sysbios_knl_Mailbox_Module__id__C)
                  0000bad0    00000002     MultiFunctionBoard_pem4f.oem4f (.const:ti_sysbios_knl_Semaphore_Module__id__C)
                  0000bad2    00000002     MultiFunctionBoard_pem4f.oem4f (.const:ti_sysbios_knl_Semaphore_Module__loggerDefined__C)
                  0000bad4    00000002     MultiFunctionBoard_pem4f.oem4f (.const:ti_sysbios_knl_Swi_Module__id__C)
                  0000bad6    00000002     MultiFunctionBoard_pem4f.oem4f (.const:ti_sysbios_knl_Swi_Module__loggerDefined__C)
                  0000bad8    00000002     MultiFunctionBoard_pem4f.oem4f (.const:ti_sysbios_knl_Task_Module__id__C)
                  0000bada    00000002     MultiFunctionBoard_pem4f.oem4f (.const:ti_sysbios_knl_Task_Module__loggerDefined__C)
                  0000badc    00000002     MultiFunctionBoard_pem4f.oem4f (.const:xdc_runtime_Core_Module__id__C)
                  0000bade    00000002     MultiFunctionBoard_pem4f.oem4f (.const:xdc_runtime_Error_Module__loggerDefined__C)
                  0000bae0    00000002     MultiFunctionBoard_pem4f.oem4f (.const:xdc_runtime_Error_maxDepth__C)
                  0000bae2    00000002     MultiFunctionBoard_pem4f.oem4f (.const:xdc_runtime_Main_Module__id__C)
                  0000bae4    00000002     MultiFunctionBoard_pem4f.oem4f (.const:xdc_runtime_Main_Module__loggerDefined__C)
                  0000bae6    00000002     MultiFunctionBoard_pem4f.oem4f (.const:xdc_runtime_Memory_Module__id__C)
                  0000bae8    00000002     MultiFunctionBoard_pem4f.oem4f (.const:xdc_runtime_SysMin_flushAtExit__C)
                  0000baea    00000002     MultiFunctionBoard_pem4f.oem4f (.const:xdc_runtime_Text_charCnt__C)
                  0000baec    00000002     MultiFunctionBoard_pem4f.oem4f (.const:xdc_runtime_Text_isLoaded__C)
                  0000baee    00000002     MultiFunctionBoard_pem4f.oem4f (.const:xdc_runtime_Text_registryModsLastId__C)
                  0000baf0    00000002     MultiFunctionBoard_pem4f.oem4f (.const:xdc_runtime_Text_unnamedModsLastId__C)

.cinit     0    0000baf8    00000218     
                  0000baf8    000001e1     (.cinit..data.load) [load image, compression = lzss]
                  0000bcd9    00000003     --HOLE-- [fill = 0]
                  0000bcdc    0000000c     (__TI_handler_table)
                  0000bce8    00000008     (.cinit..bss.load) [load image, compression = zero_init]
                  0000bcf0    00000008     (.cinit..vecs.load) [load image, compression = zero_init]
                  0000bcf8    00000018     (__TI_cinit_table)

.init_array 
*          0    00000000    00000000     UNINITIALIZED

.bss       0    20000360    00003f3c     UNINITIALIZED
                  20000360    000033f0     (.common:ti_sysbios_heaps_HeapMem_Instance_State_0_buf__A)
                  20003750    00000400     (.common:xdc_runtime_SysMin_Module_State_0_outbuf__A)
                  20003b50    00000360     (.common:ti_sysbios_family_arm_m3_Hwi_dispatchTable)
                  20003eb0    00000200     MultiFunctionBoard_pem4f.oem4f (.bss:taskStackSection)
                  200040b0    00000120     rtsv7M4_T_le_v4SPD16_eabi.lib : trgmsg.c.obj (.bss:_CIOBUF_)
                  200041d0    00000080     (.common:i2cTivaobjects)
                  20004250    00000038     MPU_CORE.obj (.bss:objstrMPUConfigType)
                  20004288    00000008     (.common:parmbuf)
                  20004290    00000004     DEM_OS.obj (.bss)
                  20004294    00000004     MPU_CORE.obj (.bss)
                  20004298    00000004     (.common:PORT_u32ProcessorFrequency)

.data      0    2000429c    00000477     UNINITIALIZED
                  2000429c    00000080     MultiFunctionBoard_pem4f.oem4f (.data:ti_sysbios_family_arm_lm4_Timer_Object__table__V)
                  2000431c    00000080     MultiFunctionBoard_pem4f.oem4f (.data:ti_sysbios_knl_Swi_Module_State_0_readyQ__A)
                  2000439c    00000080     MultiFunctionBoard_pem4f.oem4f (.data:ti_sysbios_knl_Task_Module_State_0_readyQ__A)
                  2000441c    0000004c     MultiFunctionBoard_pem4f.oem4f (.data:ti_sysbios_knl_Task_Object__table__V)
                  20004468    00000044     MultiFunctionBoard_pem4f.oem4f (.data:ti_sysbios_knl_Task_Module__state__V)
                  200044ac    00000038     MultiFunctionBoard_pem4f.oem4f (.data:ti_sysbios_gates_GateMutex_Object__table__V)
                  200044e4    00000034     MultiFunctionBoard_pem4f.oem4f (.data:ti_sysbios_family_arm_m3_Hwi_Module__state__V)
                  20004518    00000030     MultiFunctionBoard_pem4f.oem4f (.data:ti_sysbios_family_arm_lm4_Timer_Module_State_0_device__A)
                  20004548    00000030     MultiFunctionBoard_pem4f.oem4f (.data:ti_sysbios_family_arm_m3_Hwi_Object__table__V)
                  20004578    00000030     MultiFunctionBoard_pem4f.oem4f (.data:ti_sysbios_knl_Swi_Object__table__V)
                  200045a8    0000002c     MultiFunctionBoard_pem4f.oem4f (.data:ti_sysbios_knl_Clock_Module__state__V)
                  200045d4    00000024     MultiFunctionBoard_pem4f.oem4f (.data:ti_sysbios_BIOS_Module__state__V)
                  200045f8    00000020     MultiFunctionBoard_pem4f.oem4f (.data:xdc_runtime_System_Module_State_0_atexitHandlers__A)
                  20004618    0000001c     MultiFunctionBoard_pem4f.oem4f (.data:ti_sysbios_knl_Swi_Module__state__V)
                  20004634    00000018     MultiFunctionBoard_pem4f.oem4f (.data:ti_sysbios_family_arm_lm4_Timer_Module_State_0_handles__A)
                  2000464c    00000018     MultiFunctionBoard_pem4f.oem4f (.data:ti_sysbios_heaps_HeapMem_Object__table__V)
                  20004664    0000000c     MultiFunctionBoard_pem4f.oem4f (.data:ti_sysbios_family_arm_lm4_Timer_Module__state__V)
                  20004670    0000000c     MultiFunctionBoard_pem4f.oem4f (.data:xdc_runtime_SysMin_Module__state__V)
                  2000467c    00000008     rtsv7M4_T_le_v4SPD16_eabi.lib : _lock.c.obj (.data:$O1$$)
                  20004684    00000008     DEM_CORE.obj (.data:ps8EventString)
                  2000468c    00000008     MultiFunctionBoard_pem4f.oem4f (.data:ti_sysbios_family_arm_lm4_TimestampProvider_Module__state__V)
                  20004694    00000008     MultiFunctionBoard_pem4f.oem4f (.data:ti_sysbios_family_arm_m3_Hwi_Module__root__V)
                  2000469c    00000008     MultiFunctionBoard_pem4f.oem4f (.data:ti_sysbios_gates_GateHwi_Module__root__V)
                  200046a4    00000008     MultiFunctionBoard_pem4f.oem4f (.data:ti_sysbios_gates_GateMutex_Module__root__V)
                  200046ac    00000008     MultiFunctionBoard_pem4f.oem4f (.data:ti_sysbios_heaps_HeapMem_Module__root__V)
                  200046b4    00000008     MultiFunctionBoard_pem4f.oem4f (.data:ti_sysbios_knl_Mailbox_Module__root__V)
                  200046bc    00000008     MultiFunctionBoard_pem4f.oem4f (.data:ti_sysbios_knl_Queue_Module__root__V)
                  200046c4    00000008     MultiFunctionBoard_pem4f.oem4f (.data:ti_sysbios_knl_Semaphore_Module__root__V)
                  200046cc    00000008     MultiFunctionBoard_pem4f.oem4f (.data:ti_sysbios_knl_Task_Module__root__V)
                  200046d4    00000008     MultiFunctionBoard_pem4f.oem4f (.data:xdc_runtime_Registry_Module__state__V)
                  200046dc    00000008     MultiFunctionBoard_pem4f.oem4f (.data:xdc_runtime_Startup_Module__state__V)
                  200046e4    00000008     MultiFunctionBoard_pem4f.oem4f (.data:xdc_runtime_System_Module__state__V)
                  200046ec    00000004     I2C.obj (.data)
                  200046f0    00000004     rtsv7M4_T_le_v4SPD16_eabi.lib : errno.c.obj (.data)
                  200046f4    00000004                                   : stkdepth_vars.c.obj (.data)
                  200046f8    00000004     MultiFunctionBoard_pem4f.oem4f (.data:ti_sysbios_family_arm_m3_Hwi_Module_State_0_excContext__A)
                  200046fc    00000004     MultiFunctionBoard_pem4f.oem4f (.data:ti_sysbios_family_arm_m3_Hwi_Module_State_0_excStack__A)
                  20004700    00000004     MultiFunctionBoard_pem4f.oem4f (.data:ti_sysbios_gates_GateHwi_Object__table__V)
                  20004704    00000004     MultiFunctionBoard_pem4f.oem4f (.data:ti_sysbios_knl_Task_Module_State_0_idleTask__A)
                  20004708    00000004     MultiFunctionBoard_pem4f.oem4f (.data:xdc_runtime_Memory_Module__state__V)
                  2000470c    00000002     Verbose.obj (.data)
                  2000470e    00000002     MultiFunctionBoard_pem4f.oem4f (.data:ti_sysbios_family_arm_m3_Hwi_Module_State_0_excActive__A)
                  20004710    00000002     MultiFunctionBoard_pem4f.oem4f (.data:xdc_runtime_Error_Module__state__V)
                  20004712    00000001     MPU_OS.obj (.data)

.stack     0    20004718    00000400     UNINITIALIZED
                  20004718    00000400     --HOLE--

.bootVecs 
*          0    00000000    00000008     DSECT
                  00000000    00000008     boot.aem4f : boot.oem4f (.bootVecs)

.vecs      0    20000000    00000360     UNINITIALIZED
                  20000000    00000360     MultiFunctionBoard_pem4f.oem4f (.vecs)

xdc.meta   0    00000000    000000ee     COPY SECTION
                  00000000    000000ee     MultiFunctionBoard_pem4f.oem4f (xdc.meta)

MODULE SUMMARY

       Module                           code    ro data   rw data
       ------                           ----    -------   -------
    .\
       main.obj                         30      0         0      
    +--+--------------------------------+-------+---------+---------+
       Total:                           30      0         0      
                                                                 
    .\Main Library\BoardAL\IO\IOHWAB\
       IOHWAB_DIGITAL.obj               44      0         0      
    +--+--------------------------------+-------+---------+---------+
       Total:                           44      0         0      
                                                                 
    .\Main Library\BoardAL\IO\TOUCH\
       TOUCH_OS.obj                     140     0         0      
       TOUCH_CORE.obj                   94      0         0      
    +--+--------------------------------+-------+---------+---------+
       Total:                           234     0         0      
                                                                 
    .\Main Library\BoardAL\Onboard\MPU\
       MPU_CORE.obj                     1456    224       60     
       MPU_OS.obj                       1044    24        1      
    +--+--------------------------------+-------+---------+---------+
       Total:                           2500    248       61     
                                                                 
    .\Main Library\Compiler\
       I2CTiva.obj                      4792    28        0      
       UTILITY.obj                      528     0         0      
       I2C.obj                          232     16        4      
    +--+--------------------------------+-------+---------+---------+
       Total:                           5552    44        4      
                                                                 
    .\Main Library\MCAL\IO\Port\
       PORT_CORE.obj                    292     36        132    
    +--+--------------------------------+-------+---------+---------+
       Total:                           292     36        132    
                                                                 
    .\Main Library\OS\
       OS.obj                           254     0         0      
    +--+--------------------------------+-------+---------+---------+
       Total:                           254     0         0      
                                                                 
    .\Main Library\ServiceLayer\DEM\
       DEM_CORE.obj                     236     18        8      
[...]
0000b810  ti_sysbios_family_arm_m3_Hwi_excHookFuncs__A                      
0000b818  ti_sysbios_knl_Idle_funcList__C                                   
0000b820  xdc_runtime_Startup_firstFxns__C                                  
0000b828  xdc_runtime_Startup_lastFxns__C                                   
0000b834  ti_catalog_arm_cortexm4_tiva_ce_Boot_A_mustUseEnhancedClockMode__C
0000b838  ti_catalog_arm_cortexm4_tiva_ce_Boot_Module__diagsEnabled__C      
0000b83c  ti_catalog_arm_cortexm4_tiva_ce_Boot_Module__diagsIncluded__C     
0000b840  ti_catalog_arm_cortexm4_tiva_ce_Boot_Module__diagsMask__C         
0000b844  ti_sysbios_family_arm_lm4_Timer_enableFunc__C                     
0000b848  ti_sysbios_family_arm_lm4_Timer_numTimerDevices__C                
0000b84c  ti_sysbios_family_arm_lm4_Timer_startupNeeded__C                  
0000b850  ti_sysbios_family_arm_m3_Hwi_E_NMI__C                             
0000b854  ti_sysbios_family_arm_m3_Hwi_E_alreadyDefined__C                  
0000b858  ti_sysbios_family_arm_m3_Hwi_E_busFault__C                        
0000b85c  ti_sysbios_family_arm_m3_Hwi_E_debugMon__C                        
0000b860  ti_sysbios_family_arm_m3_Hwi_E_hardFault__C                       
0000b864  ti_sysbios_family_arm_m3_Hwi_E_memFault__C                        
0000b868  ti_sysbios_family_arm_m3_Hwi_E_noIsr__C                           
0000b86c  ti_sysbios_family_arm_m3_Hwi_E_reserved__C                        
0000b870  ti_sysbios_family_arm_m3_Hwi_E_svCall__C                          
0000b874  ti_sysbios_family_arm_m3_Hwi_E_usageFault__C                      
0000b878  ti_sysbios_family_arm_m3_Hwi_LD_end__C                            
0000b87c  ti_sysbios_family_arm_m3_Hwi_LM_begin__C                          
0000b880  ti_sysbios_family_arm_m3_Hwi_Module__diagsEnabled__C              
0000b884  ti_sysbios_family_arm_m3_Hwi_Module__diagsIncluded__C             
0000b888  ti_sysbios_family_arm_m3_Hwi_Module__diagsMask__C                 
0000b88c  ti_sysbios_family_arm_m3_Hwi_Module__loggerFxn1__C                
0000b890  ti_sysbios_family_arm_m3_Hwi_Module__loggerFxn8__C                
0000b894  ti_sysbios_family_arm_m3_Hwi_Module__loggerObj__C                 
0000b898  ti_sysbios_family_arm_m3_Hwi_NUM_INTERRUPTS__C                    
0000b89c  ti_sysbios_family_arm_m3_Hwi_Object__count__C                     
0000b8a0  ti_sysbios_family_arm_m3_Hwi_ccr__C                               
0000b8a4  ti_sysbios_family_arm_m3_Hwi_excHandlerFunc__C                    
0000b8a8  ti_sysbios_family_arm_m3_Hwi_excHookFuncs__C                      
0000b8ac  ti_sysbios_family_arm_m3_Hwi_nullIsrFunc__C                       
0000b8b0  ti_sysbios_family_arm_m3_Hwi_priGroup__C                          
0000b8b4  ti_sysbios_family_arm_m3_TaskSupport_stackAlignment__C            
0000b8b8  ti_sysbios_gates_GateMutex_A_badContext__C                        
0000b8bc  ti_sysbios_gates_GateMutex_Instance_State_sem__O                  
0000b8c0  ti_sysbios_gates_GateMutex_Module__diagsEnabled__C                
0000b8c4  ti_sysbios_gates_GateMutex_Module__diagsIncluded__C               
0000b8c8  ti_sysbios_gates_GateMutex_Module__diagsMask__C                   
0000b8cc  ti_sysbios_hal_Hwi_E_stackOverflow__C                             
0000b8d0  ti_sysbios_heaps_HeapMem_A_align__C                               
0000b8d4  ti_sysbios_heaps_HeapMem_A_heapSize__C                            
0000b8d8  ti_sysbios_heaps_HeapMem_A_invalidFree__C                         
0000b8dc  ti_sysbios_heaps_HeapMem_A_zeroBlock__C                           
0000b8e0  ti_sysbios_heaps_HeapMem_E_memory__C                              
0000b8e4  ti_sysbios_heaps_HeapMem_Module__diagsEnabled__C                  
0000b8e8  ti_sysbios_heaps_HeapMem_Module__diagsIncluded__C                 
0000b8ec  ti_sysbios_heaps_HeapMem_Module__diagsMask__C                     
0000b8f0  ti_sysbios_heaps_HeapMem_Module__gateObj__C                       
0000b8f4  ti_sysbios_heaps_HeapMem_Object__count__C                         
0000b8f8  ti_sysbios_heaps_HeapMem_reqAlign__C                              
0000b8fc  ti_sysbios_knl_Clock_LM_begin__C                                  
0000b900  ti_sysbios_knl_Clock_LM_tick__C                                   
0000b904  ti_sysbios_knl_Clock_LW_delayed__C                                
0000b908  ti_sysbios_knl_Clock_Module_State_clockQ__O                       
0000b90c  ti_sysbios_knl_Clock_Module__diagsEnabled__C                      
0000b910  ti_sysbios_knl_Clock_Module__diagsIncluded__C                     
0000b914  ti_sysbios_knl_Clock_Module__diagsMask__C                         
0000b918  ti_sysbios_knl_Clock_Module__loggerFxn1__C                        
0000b91c  ti_sysbios_knl_Clock_Module__loggerFxn2__C                        
0000b920  ti_sysbios_knl_Clock_Module__loggerObj__C                         
0000b924  ti_sysbios_knl_Idle_funcList__A                                   
0000b928  ti_sysbios_knl_Mailbox_A_invalidBufSize__C                        
0000b92c  ti_sysbios_knl_Mailbox_Instance_State_dataQue__O                  
0000b930  ti_sysbios_knl_Mailbox_Instance_State_dataSem__O                  
0000b934  ti_sysbios_knl_Mailbox_Instance_State_freeQue__O                  
0000b938  ti_sysbios_knl_Mailbox_Instance_State_freeSem__O                  
0000b93c  ti_sysbios_knl_Mailbox_Module__diagsEnabled__C                    
0000b940  ti_sysbios_knl_Mailbox_Module__diagsIncluded__C                   
0000b944  ti_sysbios_knl_Mailbox_Module__diagsMask__C                       
0000b948  ti_sysbios_knl_Mailbox_Object__count__C                           
0000b94c  ti_sysbios_knl_Mailbox_maxTypeAlign__C                            
0000b950  ti_sysbios_knl_Semaphore_A_badContext__C                          
0000b954  ti_sysbios_knl_Semaphore_A_noEvents__C                            
0000b958  ti_sysbios_knl_Semaphore_A_overflow__C                            
0000b95c  ti_sysbios_knl_Semaphore_A_pendTaskDisabled__C                    
0000b960  ti_sysbios_knl_Semaphore_Instance_State_pendQ__O                  
0000b964  ti_sysbios_knl_Semaphore_LM_pend__C                               
0000b968  ti_sysbios_knl_Semaphore_LM_post__C                               
0000b96c  ti_sysbios_knl_Semaphore_Module__diagsEnabled__C                  
0000b970  ti_sysbios_knl_Semaphore_Module__diagsIncluded__C                 
0000b974  ti_sysbios_knl_Semaphore_Module__diagsMask__C                     
0000b978  ti_sysbios_knl_Semaphore_Module__loggerFxn2__C                    
0000b97c  ti_sysbios_knl_Semaphore_Module__loggerFxn4__C                    
0000b980  ti_sysbios_knl_Semaphore_Module__loggerObj__C                     
0000b984  ti_sysbios_knl_Swi_LD_end__C                                      
0000b988  ti_sysbios_knl_Swi_LM_begin__C                                    
0000b98c  ti_sysbios_knl_Swi_LM_post__C                                     
0000b990  ti_sysbios_knl_Swi_Module__diagsEnabled__C                        
0000b994  ti_sysbios_knl_Swi_Module__diagsIncluded__C                       
0000b998  ti_sysbios_knl_Swi_Module__diagsMask__C                           
0000b99c  ti_sysbios_knl_Swi_Module__loggerFxn1__C                          
0000b9a0  ti_sysbios_knl_Swi_Module__loggerFxn4__C                          
0000b9a4  ti_sysbios_knl_Swi_Module__loggerObj__C                           
0000b9a8  ti_sysbios_knl_Swi_Object__count__C                               
0000b9ac  ti_sysbios_knl_Task_A_badPriority__C                              
0000b9b0  ti_sysbios_knl_Task_A_badTaskState__C                             
0000b9b4  ti_sysbios_knl_Task_A_badThreadType__C                            
0000b9b8  ti_sysbios_knl_Task_A_badTimeout__C                               
0000b9bc  ti_sysbios_knl_Task_A_noPendElem__C                               
0000b9c0  ti_sysbios_knl_Task_A_sleepTaskDisabled__C                        
0000b9c4  ti_sysbios_knl_Task_E_spOutOfBounds__C                            
0000b9c8  ti_sysbios_knl_Task_E_stackOverflow__C                            
0000b9cc  ti_sysbios_knl_Task_LD_block__C                                   
0000b9d0  ti_sysbios_knl_Task_LD_exit__C                                    
0000b9d4  ti_sysbios_knl_Task_LD_ready__C                                   
0000b9d8  ti_sysbios_knl_Task_LM_sleep__C                                   
0000b9dc  ti_sysbios_knl_Task_LM_switch__C                                  
0000b9e0  ti_sysbios_knl_Task_Module_State_inactiveQ__O                     
0000b9e4  ti_sysbios_knl_Task_Module__diagsEnabled__C                       
0000b9e8  ti_sysbios_knl_Task_Module__diagsIncluded__C                      
0000b9ec  ti_sysbios_knl_Task_Module__diagsMask__C                          
0000b9f0  ti_sysbios_knl_Task_Module__loggerFxn2__C                         
0000b9f4  ti_sysbios_knl_Task_Module__loggerFxn4__C                         
0000b9f8  ti_sysbios_knl_Task_Module__loggerObj__C                          
0000b9fc  ti_sysbios_knl_Task_Object__count__C                              
0000ba00  ti_sysbios_knl_Task_allBlockedFunc__C                             
0000ba04  ti_sysbios_knl_Task_defaultStackHeap__C                           
0000ba08  ti_sysbios_knl_Task_defaultStackSize__C                           
0000ba0c  ti_sysbios_knl_Task_numConstructedTasks__C                        
0000ba10  xdc_runtime_Assert_E_assertFailed__C                              
0000ba14  xdc_runtime_Core_A_initializedParams__C                           
0000ba18  xdc_runtime_Core_Module__diagsEnabled__C                          
0000ba1c  xdc_runtime_Core_Module__diagsIncluded__C                         
0000ba20  xdc_runtime_Core_Module__diagsMask__C                             
0000ba24  xdc_runtime_Error_E_memory__C                                     
0000ba28  xdc_runtime_Error_Module__diagsEnabled__C                         
0000ba2c  xdc_runtime_Error_Module__diagsIncluded__C                        
0000ba30  xdc_runtime_Error_Module__diagsMask__C                            
0000ba34  xdc_runtime_Error_Module__loggerFxn8__C                           
0000ba38  xdc_runtime_Error_Module__loggerObj__C                            
0000ba3c  xdc_runtime_Error_policyFxn__C                                    
0000ba40  xdc_runtime_Error_raiseHook__C                                    
0000ba44  xdc_runtime_IGateProvider_Interface__BASE__C                      
0000ba48  xdc_runtime_IHeap_Interface__BASE__C                              
0000ba4c  xdc_runtime_IModule_Interface__BASE__C                            
0000ba50  xdc_runtime_Log_L_error__C                                        
0000ba54  xdc_runtime_LoggerBuf_Object__count__C                            
0000ba58  xdc_runtime_LoggerCallback_Object__count__C                       
0000ba5c  xdc_runtime_LoggerCallback_createInstFxn__C                       
0000ba60  xdc_runtime_Main_Module__diagsEnabled__C                          
0000ba64  xdc_runtime_Main_Module__diagsIncluded__C                         
0000ba68  xdc_runtime_Main_Module__diagsMask__C                             
0000ba6c  xdc_runtime_Main_Module__loggerFxn2__C                            
0000ba70  xdc_runtime_Main_Module__loggerFxn4__C                            
0000ba74  xdc_runtime_Main_Module__loggerObj__C                             
0000ba78  xdc_runtime_Memory_defaultHeapInstance__C                         
0000ba7c  xdc_runtime_Startup_execImpl__C                                   
0000ba80  xdc_runtime_Startup_lastFxns__A                                   
0000ba84  xdc_runtime_Startup_maxPasses__C                                  
0000ba88  xdc_runtime_Startup_sfxnRts__C                                    
0000ba8c  xdc_runtime_Startup_sfxnTab__C                                    
0000ba90  xdc_runtime_SysMin_bufSize__C                                     
0000ba94  xdc_runtime_SysMin_outputFunc__C                                  
0000ba98  xdc_runtime_System_Module__gateObj__C                             
0000ba9c  xdc_runtime_System_abortFxn__C                                    
0000baa0  xdc_runtime_System_exitFxn__C                                     
0000baa4  xdc_runtime_System_extendFxn__C                                   
0000baa8  xdc_runtime_System_maxAtexitHandlers__C                           
0000baac  xdc_runtime_Text_charTab__C                                       
0000bab0  xdc_runtime_Text_nameEmpty__C                                     
0000bab4  xdc_runtime_Text_nameStatic__C                                    
0000bab8  xdc_runtime_Text_nameUnknown__C                                   
0000babc  xdc_runtime_Text_nodeTab__C                                       
0000bac0  xdc_runtime_Text_visitRopeFxn__C                                  
0000bac4  ti_sysbios_gates_GateMutex_Module__id__C                          
0000bac6  ti_sysbios_hal_Hwi_Module__id__C                                  
0000bac8  ti_sysbios_heaps_HeapMem_Module__id__C                            
0000baca  ti_sysbios_knl_Clock_Module__id__C                                
0000bacc  ti_sysbios_knl_Clock_Module__loggerDefined__C                     
0000bace  ti_sysbios_knl_Mailbox_Module__id__C                              
0000bad0  ti_sysbios_knl_Semaphore_Module__id__C                            
0000bad2  ti_sysbios_knl_Semaphore_Module__loggerDefined__C                 
0000bad4  ti_sysbios_knl_Swi_Module__id__C                                  
0000bad6  ti_sysbios_knl_Swi_Module__loggerDefined__C                       
0000bad8  ti_sysbios_knl_Task_Module__id__C                                 
0000bada  ti_sysbios_knl_Task_Module__loggerDefined__C                      
0000badc  xdc_runtime_Core_Module__id__C                                    
0000bade  xdc_runtime_Error_Module__loggerDefined__C                        
0000bae0  xdc_runtime_Error_maxDepth__C                                     
0000bae2  xdc_runtime_Main_Module__id__C                                    
0000bae4  xdc_runtime_Main_Module__loggerDefined__C                         
0000bae6  xdc_runtime_Memory_Module__id__C                                  
0000bae8  xdc_runtime_SysMin_flushAtExit__C                                 
0000baea  xdc_runtime_Text_charCnt__C                                       
0000baec  xdc_runtime_Text_isLoaded__C                                      
0000baee  xdc_runtime_Text_registryModsLastId__C                            
0000baf0  xdc_runtime_Text_unnamedModsLastId__C                             
0000baf8  __TI_static_base__                                                
0000bcdc  __TI_Handler_Table_Base                                           
0000bce8  __TI_Handler_Table_Limit                                          
0000bcf8  __TI_CINIT_Base                                                   
0000bd10  __TI_CINIT_Limit                                                  
20000000  ti_sysbios_family_arm_m3_Hwi_ramVectors                           
20000360  ti_sysbios_heaps_HeapMem_Instance_State_0_buf__A                  
20003750  xdc_runtime_SysMin_Module_State_0_outbuf__A                       
20003b50  ti_sysbios_family_arm_m3_Hwi_dispatchTable                        
20003eb0  ti_sysbios_knl_Task_Instance_State_0_stack__A                     
200040b0  __CIOBUF_                                                         
200041d0  i2cTivaobjects                                                    
20004288  parmbuf                                                           
20004298  PORT_u32ProcessorFrequency                                        
2000429c  ti_sysbios_family_arm_lm4_Timer_Object__table__V                  
2000431c  ti_sysbios_knl_Swi_Module_State_0_readyQ__A                       
2000439c  ti_sysbios_knl_Task_Module_State_0_readyQ__A                      
2000441c  ti_sysbios_knl_Task_Object__table__V                              
20004468  ti_sysbios_knl_Task_Module__state__V                              
200044ac  ti_sysbios_gates_GateMutex_Object__table__V                       
200044e4  ti_sysbios_family_arm_m3_Hwi_Module__state__V                     
20004518  ti_sysbios_family_arm_lm4_Timer_Module_State_0_device__A          
20004548  ti_sysbios_family_arm_m3_Hwi_Object__table__V                     
20004578  ti_sysbios_knl_Swi_Object__table__V                               
200045a8  ti_sysbios_knl_Clock_Module__state__V                             
200045d4  ti_sysbios_BIOS_Module__state__V                                  
200045f8  xdc_runtime_System_Module_State_0_atexitHandlers__A               
20004618  ti_sysbios_knl_Swi_Module__state__V                               
20004634  ti_sysbios_family_arm_lm4_Timer_Module_State_0_handles__A         
2000464c  ti_sysbios_heaps_HeapMem_Object__table__V                         
20004664  ti_sysbios_family_arm_lm4_Timer_Module__state__V                  
20004670  xdc_runtime_SysMin_Module__state__V                               
2000467c  _lock                                                             
20004680  _unlock                                                           
2000468c  ti_sysbios_family_arm_lm4_TimestampProvider_Module__state__V      
20004694  ti_sysbios_family_arm_m3_Hwi_Module__root__V                      
2000469c  ti_sysbios_gates_GateHwi_Module__root__V                          
200046a4  ti_sysbios_gates_GateMutex_Module__root__V                        
200046ac  ti_sysbios_heaps_HeapMem_Module__root__V                          
200046b4  ti_sysbios_knl_Mailbox_Module__root__V                            
200046bc  ti_sysbios_knl_Queue_Module__root__V                              
200046c4  ti_sysbios_knl_Semaphore_Module__root__V                          
200046cc  ti_sysbios_knl_Task_Module__root__V                               
200046d4  xdc_runtime_Registry_Module__state__V                             
200046dc  xdc_runtime_Startup_Module__state__V                              
200046e4  xdc_runtime_System_Module__state__V                               
200046f0  errno                                                             
200046f4  main_func_sp                                                      
200046f8  ti_sysbios_family_arm_m3_Hwi_Module_State_0_excContext__A         
200046fc  ti_sysbios_family_arm_m3_Hwi_Module_State_0_excStack__A           
20004700  ti_sysbios_gates_GateHwi_Object__table__V                         
20004704  ti_sysbios_knl_Task_Module_State_0_idleTask__A                    
20004708  xdc_runtime_Memory_Module__state__V                               
2000470c  VERBOSE_bSTarted                                                  
2000470e  ti_sysbios_family_arm_m3_Hwi_Module_State_0_excActive__A          
20004710  xdc_runtime_Error_Module__state__V                                
20004718  __stack                                                           
20004918  __STACK_TOP                                                       
20004b18  __STACK_END                                                       
e000e000  ti_sysbios_family_arm_m3_Hwi_nvic                                 
ffffffff  __TI_pprof_out_hndl                                               
ffffffff  __TI_prof_data_size                                               
ffffffff  __TI_prof_data_start                                              
ffffffff  __binit__                                                         
ffffffff  __c_args__                                                        
ffffffff  binit                                                             
UNDEFED   SHT$$INIT_ARRAY$$Base                                             
UNDEFED   SHT$$INIT_ARRAY$$Limit                                            

[736 symbols]
